Archive member included to satisfy reference by file (symbol)

/opt/homebrew/Cellar/arm-none-eabi-gcc/9-2019-q4-major/gcc/bin/../lib/gcc/arm-none-eabi/9.2.1/thumb/v7e-m/nofp/libgcc.a(_aeabi_uldivmod.o)
                              CMakeFiles/wbble.elf.dir/Drivers/STM32WBxx_HAL_Driver/Src/stm32wbxx_hal_uart_3.c.obj (__aeabi_uldivmod)
/opt/homebrew/Cellar/arm-none-eabi-gcc/9-2019-q4-major/gcc/bin/../lib/gcc/arm-none-eabi/9.2.1/thumb/v7e-m/nofp/libgcc.a(_udivmoddi4.o)
                              /opt/homebrew/Cellar/arm-none-eabi-gcc/9-2019-q4-major/gcc/bin/../lib/gcc/arm-none-eabi/9.2.1/thumb/v7e-m/nofp/libgcc.a(_aeabi_uldivmod.o) (__udivmoddi4)
/opt/homebrew/Cellar/arm-none-eabi-gcc/9-2019-q4-major/gcc/bin/../lib/gcc/arm-none-eabi/9.2.1/thumb/v7e-m/nofp/libgcc.a(_dvmd_tls.o)
                              /opt/homebrew/Cellar/arm-none-eabi-gcc/9-2019-q4-major/gcc/bin/../lib/gcc/arm-none-eabi/9.2.1/thumb/v7e-m/nofp/libgcc.a(_aeabi_uldivmod.o) (__aeabi_ldiv0)
/opt/homebrew/Cellar/arm-none-eabi-gcc/9-2019-q4-major/gcc/bin/../lib/gcc/arm-none-eabi/9.2.1/../../../../arm-none-eabi/lib/thumb/v7e-m/nofp/libg.a(lib_a-errno.o)
                              CMakeFiles/wbble.elf.dir/Core/Src/syscalls.c.obj (__errno)
/opt/homebrew/Cellar/arm-none-eabi-gcc/9-2019-q4-major/gcc/bin/../lib/gcc/arm-none-eabi/9.2.1/../../../../arm-none-eabi/lib/thumb/v7e-m/nofp/libg.a(lib_a-exit.o)
                              /opt/homebrew/Cellar/arm-none-eabi-gcc/9-2019-q4-major/gcc/bin/../lib/gcc/arm-none-eabi/9.2.1/../../../../arm-none-eabi/lib/thumb/v7e-m/nofp/crt0.o (exit)
/opt/homebrew/Cellar/arm-none-eabi-gcc/9-2019-q4-major/gcc/bin/../lib/gcc/arm-none-eabi/9.2.1/../../../../arm-none-eabi/lib/thumb/v7e-m/nofp/libg.a(lib_a-impure.o)
                              /opt/homebrew/Cellar/arm-none-eabi-gcc/9-2019-q4-major/gcc/bin/../lib/gcc/arm-none-eabi/9.2.1/../../../../arm-none-eabi/lib/thumb/v7e-m/nofp/libg.a(lib_a-exit.o) (_global_impure_ptr)
/opt/homebrew/Cellar/arm-none-eabi-gcc/9-2019-q4-major/gcc/bin/../lib/gcc/arm-none-eabi/9.2.1/../../../../arm-none-eabi/lib/thumb/v7e-m/nofp/libg.a(lib_a-init.o)
                              /opt/homebrew/Cellar/arm-none-eabi-gcc/9-2019-q4-major/gcc/bin/../lib/gcc/arm-none-eabi/9.2.1/../../../../arm-none-eabi/lib/thumb/v7e-m/nofp/crt0.o (__libc_init_array)
/opt/homebrew/Cellar/arm-none-eabi-gcc/9-2019-q4-major/gcc/bin/../lib/gcc/arm-none-eabi/9.2.1/../../../../arm-none-eabi/lib/thumb/v7e-m/nofp/libg.a(lib_a-memset.o)
                              /opt/homebrew/Cellar/arm-none-eabi-gcc/9-2019-q4-major/gcc/bin/../lib/gcc/arm-none-eabi/9.2.1/../../../../arm-none-eabi/lib/thumb/v7e-m/nofp/crt0.o (memset)
/opt/homebrew/Cellar/arm-none-eabi-gcc/9-2019-q4-major/gcc/bin/../lib/gcc/arm-none-eabi/9.2.1/../../../../arm-none-eabi/lib/thumb/v7e-m/nofp/libg.a(lib_a-__call_atexit.o)
                              /opt/homebrew/Cellar/arm-none-eabi-gcc/9-2019-q4-major/gcc/bin/../lib/gcc/arm-none-eabi/9.2.1/../../../../arm-none-eabi/lib/thumb/v7e-m/nofp/libg.a(lib_a-exit.o) (__call_exitprocs)
/opt/homebrew/Cellar/arm-none-eabi-gcc/9-2019-q4-major/gcc/bin/../lib/gcc/arm-none-eabi/9.2.1/../../../../arm-none-eabi/lib/thumb/v7e-m/nofp/libg.a(lib_a-atexit.o)
                              /opt/homebrew/Cellar/arm-none-eabi-gcc/9-2019-q4-major/gcc/bin/../lib/gcc/arm-none-eabi/9.2.1/../../../../arm-none-eabi/lib/thumb/v7e-m/nofp/libg.a(lib_a-__call_atexit.o) (atexit)
/opt/homebrew/Cellar/arm-none-eabi-gcc/9-2019-q4-major/gcc/bin/../lib/gcc/arm-none-eabi/9.2.1/../../../../arm-none-eabi/lib/thumb/v7e-m/nofp/libg.a(lib_a-fini.o)
                              /opt/homebrew/Cellar/arm-none-eabi-gcc/9-2019-q4-major/gcc/bin/../lib/gcc/arm-none-eabi/9.2.1/../../../../arm-none-eabi/lib/thumb/v7e-m/nofp/libg.a(lib_a-__call_atexit.o) (__libc_fini_array)
/opt/homebrew/Cellar/arm-none-eabi-gcc/9-2019-q4-major/gcc/bin/../lib/gcc/arm-none-eabi/9.2.1/../../../../arm-none-eabi/lib/thumb/v7e-m/nofp/libg.a(lib_a-lock.o)
                              /opt/homebrew/Cellar/arm-none-eabi-gcc/9-2019-q4-major/gcc/bin/../lib/gcc/arm-none-eabi/9.2.1/../../../../arm-none-eabi/lib/thumb/v7e-m/nofp/libg.a(lib_a-__call_atexit.o) (__retarget_lock_acquire_recursive)
/opt/homebrew/Cellar/arm-none-eabi-gcc/9-2019-q4-major/gcc/bin/../lib/gcc/arm-none-eabi/9.2.1/../../../../arm-none-eabi/lib/thumb/v7e-m/nofp/libg.a(lib_a-__atexit.o)
                              /opt/homebrew/Cellar/arm-none-eabi-gcc/9-2019-q4-major/gcc/bin/../lib/gcc/arm-none-eabi/9.2.1/../../../../arm-none-eabi/lib/thumb/v7e-m/nofp/libg.a(lib_a-atexit.o) (__register_exitproc)

Allocating common symbols
Common symbol       size              file

__lock___atexit_recursive_mutex
                    0x1               /opt/homebrew/Cellar/arm-none-eabi-gcc/9-2019-q4-major/gcc/bin/../lib/gcc/arm-none-eabi/9.2.1/../../../../arm-none-eabi/lib/thumb/v7e-m/nofp/libg.a(lib_a-lock.o)
__lock___arc4random_mutex
[...]
Memory Configuration

Name             Origin             Length             Attributes
FLASH            0x0000000008000000 0x0000000000080000 xr
RAM1             0x0000000020000004 0x000000000002fffc xrw
RAM_SHARED       0x0000000020030000 0x0000000000002800 xrw
*default*        0x0000000000000000 0xffffffffffffffff

Linker script and memory map

LOAD /opt/homebrew/Cellar/arm-none-eabi-gcc/9-2019-q4-major/gcc/bin/../lib/gcc/arm-none-eabi/9.2.1/thumb/v7e-m/nofp/crti.o
LOAD /opt/homebrew/Cellar/arm-none-eabi-gcc/9-2019-q4-major/gcc/bin/../lib/gcc/arm-none-eabi/9.2.1/thumb/v7e-m/nofp/crtbegin.o
LOAD /opt/homebrew/Cellar/arm-none-eabi-gcc/9-2019-q4-major/gcc/bin/../lib/gcc/arm-none-eabi/9.2.1/../../../../arm-none-eabi/lib/thumb/v7e-m/nofp/crt0.o
LOAD CMakeFiles/wbble.elf.dir/Core/Src/led.c.obj
LOAD CMakeFiles/wbble.elf.dir/Core/Src/main.c.obj
LOAD CMakeFiles/wbble.elf.dir/Core/Src/stm32wbxx_hal_msp.c.obj
LOAD CMakeFiles/wbble.elf.dir/Core/Src/stm32wbxx_it.c.obj
LOAD CMakeFiles/wbble.elf.dir/Core/Src/syscalls.c.obj
LOAD CMakeFiles/wbble.elf.dir/Core/Src/sysmem.c.obj
LOAD CMakeFiles/wbble.elf.dir/Core/Src/system_stm32wbxx.c.obj
LOAD CMakeFiles/wbble.elf.dir/Core/Startup/startup_stm32wb55rgvx.s.obj
LOAD CMakeFiles/wbble.elf.dir/Drivers/STM32WBxx_HAL_Driver/Src/stm32wbxx_hal_3.c.obj
LOAD CMakeFiles/wbble.elf.dir/Drivers/STM32WBxx_HAL_Driver/Src/stm32wbxx_hal.c.obj
LOAD CMakeFiles/wbble.elf.dir/Drivers/STM32WBxx_HAL_Driver/Src/stm32wbxx_hal_cortex_3.c.obj
LOAD CMakeFiles/wbble.elf.dir/Drivers/STM32WBxx_HAL_Driver/Src/stm32wbxx_hal_cortex.c.obj
LOAD CMakeFiles/wbble.elf.dir/Drivers/STM32WBxx_HAL_Driver/Src/stm32wbxx_hal_dma_3.c.obj
LOAD CMakeFiles/wbble.elf.dir/Drivers/STM32WBxx_HAL_Driver/Src/stm32wbxx_hal_dma.c.obj
LOAD CMakeFiles/wbble.elf.dir/Drivers/STM32WBxx_HAL_Driver/Src/stm32wbxx_hal_dma_ex_3.c.obj
LOAD CMakeFiles/wbble.elf.dir/Drivers/STM32WBxx_HAL_Driver/Src/stm32wbxx_hal_dma_ex.c.obj
LOAD CMakeFiles/wbble.elf.dir/Drivers/STM32WBxx_HAL_Driver/Src/stm32wbxx_hal_exti_2.c.obj
LOAD CMakeFiles/wbble.elf.dir/Drivers/STM32WBxx_HAL_Driver/Src/stm32wbxx_hal_exti.c.obj
LOAD CMakeFiles/wbble.elf.dir/Drivers/STM32WBxx_HAL_Driver/Src/stm32wbxx_hal_flash_3.c.obj
LOAD CMakeFiles/wbble.elf.dir/Drivers/STM32WBxx_HAL_Driver/Src/stm32wbxx_hal_flash.c.obj
LOAD CMakeFiles/wbble.elf.dir/Drivers/STM32WBxx_HAL_Driver/Src/stm32wbxx_hal_flash_ex_3.c.obj
LOAD CMakeFiles/wbble.elf.dir/Drivers/STM32WBxx_HAL_Driver/Src/stm32wbxx_hal_flash_ex.c.obj
LOAD CMakeFiles/wbble.elf.dir/Drivers/STM32WBxx_HAL_Driver/Src/stm32wbxx_hal_gpio_3.c.obj
LOAD CMakeFiles/wbble.elf.dir/Drivers/STM32WBxx_HAL_Driver/Src/stm32wbxx_hal_gpio.c.obj
LOAD CMakeFiles/wbble.elf.dir/Drivers/STM32WBxx_HAL_Driver/Src/stm32wbxx_hal_hsem_3.c.obj
LOAD CMakeFiles/wbble.elf.dir/Drivers/STM32WBxx_HAL_Driver/Src/stm32wbxx_hal_hsem.c.obj
LOAD CMakeFiles/wbble.elf.dir/Drivers/STM32WBxx_HAL_Driver/Src/stm32wbxx_hal_pwr_3.c.obj
LOAD CMakeFiles/wbble.elf.dir/Drivers/STM32WBxx_HAL_Driver/Src/stm32wbxx_hal_pwr.c.obj
LOAD CMakeFiles/wbble.elf.dir/Drivers/STM32WBxx_HAL_Driver/Src/stm32wbxx_hal_pwr_ex_3.c.obj
LOAD CMakeFiles/wbble.elf.dir/Drivers/STM32WBxx_HAL_Driver/Src/stm32wbxx_hal_pwr_ex.c.obj
LOAD CMakeFiles/wbble.elf.dir/Drivers/STM32WBxx_HAL_Driver/Src/stm32wbxx_hal_rcc_2.c.obj
LOAD CMakeFiles/wbble.elf.dir/Drivers/STM32WBxx_HAL_Driver/Src/stm32wbxx_hal_rcc.c.obj
LOAD CMakeFiles/wbble.elf.dir/Drivers/STM32WBxx_HAL_Driver/Src/stm32wbxx_hal_rcc_ex_3.c.obj
LOAD CMakeFiles/wbble.elf.dir/Drivers/STM32WBxx_HAL_Driver/Src/stm32wbxx_hal_rcc_ex.c.obj
LOAD CMakeFiles/wbble.elf.dir/Drivers/STM32WBxx_HAL_Driver/Src/stm32wbxx_hal_tim_3.c.obj
LOAD CMakeFiles/wbble.elf.dir/Drivers/STM32WBxx_HAL_Driver/Src/stm32wbxx_hal_tim.c.obj
LOAD CMakeFiles/wbble.elf.dir/Drivers/STM32WBxx_HAL_Driver/Src/stm32wbxx_hal_tim_ex_3.c.obj
LOAD CMakeFiles/wbble.elf.dir/Drivers/STM32WBxx_HAL_Driver/Src/stm32wbxx_hal_tim_ex.c.obj
LOAD CMakeFiles/wbble.elf.dir/Drivers/STM32WBxx_HAL_Driver/Src/stm32wbxx_hal_uart_3.c.obj
LOAD CMakeFiles/wbble.elf.dir/Drivers/STM32WBxx_HAL_Driver/Src/stm32wbxx_hal_uart.c.obj
LOAD CMakeFiles/wbble.elf.dir/Drivers/STM32WBxx_HAL_Driver/Src/stm32wbxx_hal_uart_ex_3.c.obj
LOAD CMakeFiles/wbble.elf.dir/Drivers/STM32WBxx_HAL_Driver/Src/stm32wbxx_hal_uart_ex.c.obj
START GROUP
LOAD /opt/homebrew/Cellar/arm-none-eabi-gcc/9-2019-q4-major/gcc/bin/../lib/gcc/arm-none-eabi/9.2.1/thumb/v7e-m/nofp/libgcc.a
LOAD /opt/homebrew/Cellar/arm-none-eabi-gcc/9-2019-q4-major/gcc/bin/../lib/gcc/arm-none-eabi/9.2.1/../../../../arm-none-eabi/lib/thumb/v7e-m/nofp/libg.a
LOAD /opt/homebrew/Cellar/arm-none-eabi-gcc/9-2019-q4-major/gcc/bin/../lib/gcc/arm-none-eabi/9.2.1/../../../../arm-none-eabi/lib/thumb/v7e-m/nofp/libc.a
END GROUP
LOAD /opt/homebrew/Cellar/arm-none-eabi-gcc/9-2019-q4-major/gcc/bin/../lib/gcc/arm-none-eabi/9.2.1/thumb/v7e-m/nofp/crtend.o
LOAD /opt/homebrew/Cellar/arm-none-eabi-gcc/9-2019-q4-major/gcc/bin/../lib/gcc/arm-none-eabi/9.2.1/thumb/v7e-m/nofp/crtn.o
                0x0000000020030000                _estack = (ORIGIN (RAM1) + LENGTH (RAM1))
                0x0000000000000200                _Min_Heap_Size = 0x200
                0x0000000000000400                _Min_Stack_Size = 0x400

.isr_vector     0x0000000008000000      0x13c
                0x0000000008000000                . = ALIGN (0x4)
 *(.isr_vector)
 .isr_vector    0x0000000008000000      0x13c CMakeFiles/wbble.elf.dir/Core/Startup/startup_stm32wb55rgvx.s.obj
                0x0000000008000000                g_pfnVectors
                0x000000000800013c                . = ALIGN (0x4)

.text           0x000000000800013c     0x2a78
                0x000000000800013c                . = ALIGN (0x4)
 *(.text)
 .text          0x000000000800013c       0x40 /opt/homebrew/Cellar/arm-none-eabi-gcc/9-2019-q4-major/gcc/bin/../lib/gcc/arm-none-eabi/9.2.1/thumb/v7e-m/nofp/crtbegin.o
 .text          0x000000000800017c       0x30 /opt/homebrew/Cellar/arm-none-eabi-gcc/9-2019-q4-major/gcc/bin/../lib/gcc/arm-none-eabi/9.2.1/thumb/v7e-m/nofp/libgcc.a(_aeabi_uldivmod.o)
                0x000000000800017c                __aeabi_uldivmod
 .text          0x00000000080001ac      0x2c0 /opt/homebrew/Cellar/arm-none-eabi-gcc/9-2019-q4-major/gcc/bin/../lib/gcc/arm-none-eabi/9.2.1/thumb/v7e-m/nofp/libgcc.a(_udivmoddi4.o)
                0x00000000080001ac                __udivmoddi4
 .text          0x000000000800046c        0x4 /opt/homebrew/Cellar/arm-none-eabi-gcc/9-2019-q4-major/gcc/bin/../lib/gcc/arm-none-eabi/9.2.1/thumb/v7e-m/nofp/libgcc.a(_dvmd_tls.o)
                0x000000000800046c                __aeabi_ldiv0
                0x000000000800046c                __aeabi_idiv0
 *(.text*)
 .text.ToggleRedLed
                0x0000000008000470       0x10 CMakeFiles/wbble.elf.dir/Core/Src/led.c.obj
                0x0000000008000470                ToggleRedLed
 .text.ToggleGreenLed
                0x0000000008000480       0x10 CMakeFiles/wbble.elf.dir/Core/Src/led.c.obj
                0x0000000008000480                ToggleGreenLed
 .text.ToggleBlueLed
                0x0000000008000490       0x10 CMakeFiles/wbble.elf.dir/Core/Src/led.c.obj
                0x0000000008000490                ToggleBlueLed
 .text.ToggleLed
                0x00000000080004a0       0x2e CMakeFiles/wbble.elf.dir/Core/Src/led.c.obj
                0x00000000080004a0                ToggleLed
 .text.LedTest  0x00000000080004ce       0x40 CMakeFiles/wbble.elf.dir/Core/Src/led.c.obj
                0x00000000080004ce                LedTest
 *fill*         0x000000000800050e        0x2 
 .text.MX_GPIO_Init
                0x0000000008000510       0xc8 CMakeFiles/wbble.elf.dir/Core/Src/main.c.obj
 .text.MX_DMA_Init
                0x00000000080005d8       0x42 CMakeFiles/wbble.elf.dir/Core/Src/main.c.obj
 .text.Error_Handler
                0x000000000800061a        0x4 CMakeFiles/wbble.elf.dir/Core/Src/main.c.obj
                0x000000000800061a                Error_Handler
 *fill*         0x000000000800061e        0x2 
 .text.MX_USART1_UART_Init
                0x0000000008000620       0x60 CMakeFiles/wbble.elf.dir/Core/Src/main.c.obj
 .text.SystemClock_Config
                0x0000000008000680       0xa8 CMakeFiles/wbble.elf.dir/Core/Src/main.c.obj
                0x0000000008000680                SystemClock_Config
 .text.main     0x0000000008000728       0x2a CMakeFiles/wbble.elf.dir/Core/Src/main.c.obj
                0x0000000008000728                main
 .text.HAL_MspInit
                0x0000000008000752        0x2 CMakeFiles/wbble.elf.dir/Core/Src/stm32wbxx_hal_msp.c.obj
                0x0000000008000752                HAL_MspInit
 .text.HAL_UART_MspInit
                0x0000000008000754       0xb4 CMakeFiles/wbble.elf.dir/Core/Src/stm32wbxx_hal_msp.c.obj
                0x0000000008000754                HAL_UART_MspInit
 .text.NMI_Handler
                0x0000000008000808        0x2 CMakeFiles/wbble.elf.dir/Core/Src/stm32wbxx_it.c.obj
                0x0000000008000808                NMI_Handler
 .text.HardFault_Handler
                0x000000000800080a        0x2 CMakeFiles/wbble.elf.dir/Core/Src/stm32wbxx_it.c.obj
                0x000000000800080a                HardFault_Handler
 .text.MemManage_Handler
                0x000000000800080c        0x2 CMakeFiles/wbble.elf.dir/Core/Src/stm32wbxx_it.c.obj
                0x000000000800080c                MemManage_Handler
 .text.BusFault_Handler
                0x000000000800080e        0x2 CMakeFiles/wbble.elf.dir/Core/Src/stm32wbxx_it.c.obj
                0x000000000800080e                BusFault_Handler
 .text.UsageFault_Handler
                0x0000000008000810        0x2 CMakeFiles/wbble.elf.dir/Core/Src/stm32wbxx_it.c.obj
                0x0000000008000810                UsageFault_Handler
 .text.SVC_Handler
                0x0000000008000812        0x2 CMakeFiles/wbble.elf.dir/Core/Src/stm32wbxx_it.c.obj
                0x0000000008000812                SVC_Handler
 .text.DebugMon_Handler
                0x0000000008000814        0x2 CMakeFiles/wbble.elf.dir/Core/Src/stm32wbxx_it.c.obj
                0x0000000008000814                DebugMon_Handler
 .text.PendSV_Handler
                0x0000000008000816        0x2 CMakeFiles/wbble.elf.dir/Core/Src/stm32wbxx_it.c.obj
                0x0000000008000816                PendSV_Handler
 .text.SysTick_Handler
                0x0000000008000818        0x8 CMakeFiles/wbble.elf.dir/Core/Src/stm32wbxx_it.c.obj
                0x0000000008000818                SysTick_Handler
 .text.USART1_IRQHandler
                0x0000000008000820       0x10 CMakeFiles/wbble.elf.dir/Core/Src/stm32wbxx_it.c.obj
                0x0000000008000820                USART1_IRQHandler
 .text.DMA2_Channel4_IRQHandler
                0x0000000008000830       0x10 CMakeFiles/wbble.elf.dir/Core/Src/stm32wbxx_it.c.obj
                0x0000000008000830                DMA2_Channel4_IRQHandler
 .text.SystemInit
                0x0000000008000840       0x50 CMakeFiles/wbble.elf.dir/Core/Src/system_stm32wbxx.c.obj
                0x0000000008000840                SystemInit
 .text.data_initializers
                0x0000000008000890       0x18 CMakeFiles/wbble.elf.dir/Core/Startup/startup_stm32wb55rgvx.s.obj
 .text.Reset_Handler
                0x00000000080008a8       0x54 CMakeFiles/wbble.elf.dir/Core/Startup/startup_stm32wb55rgvx.s.obj
                0x00000000080008a8                Reset_Handler
 .text.Default_Handler
                0x00000000080008fc        0x2 CMakeFiles/wbble.elf.dir/Core/Startup/startup_stm32wb55rgvx.s.obj
                0x00000000080008fc                DMA2_Channel3_IRQHandler
                0x00000000080008fc                EXTI2_IRQHandler
                0x00000000080008fc                TIM1_CC_IRQHandler
                0x00000000080008fc                TSC_IRQHandler
                0x00000000080008fc                USB_HP_IRQHandler
                0x00000000080008fc                EXTI3_IRQHandler
                0x00000000080008fc                LPTIM2_IRQHandler
                0x00000000080008fc                I2C3_ER_IRQHandler
                0x00000000080008fc                EXTI0_IRQHandler
                0x00000000080008fc                FPU_IRQHandler
                0x00000000080008fc                TIM1_UP_TIM16_IRQHandler
                0x00000000080008fc                AES1_IRQHandler
                0x00000000080008fc                SPI1_IRQHandler
                0x00000000080008fc                PWR_SOTF_BLEACT_802ACT_RFPHASE_IRQHandler
                0x00000000080008fc                DMA2_Channel2_IRQHandler
                0x00000000080008fc                DMA1_Channel4_IRQHandler
                0x00000000080008fc                ADC1_IRQHandler
                0x00000000080008fc                PKA_IRQHandler
                0x00000000080008fc                DMA1_Channel7_IRQHandler
                0x00000000080008fc                LCD_IRQHandler
                0x00000000080008fc                IPCC_C1_TX_IRQHandler
                0x00000000080008fc                DMA2_Channel1_IRQHandler
                0x00000000080008fc                QUADSPI_IRQHandler
                0x00000000080008fc                I2C1_EV_IRQHandler
                0x00000000080008fc                DMAMUX1_OVR_IRQHandler
                0x00000000080008fc                DMA1_Channel6_IRQHandler
                0x00000000080008fc                RCC_IRQHandler
                0x00000000080008fc                DMA1_Channel1_IRQHandler
                0x00000000080008fc                Default_Handler
                0x00000000080008fc                DMA2_Channel7_IRQHandler
                0x00000000080008fc                EXTI15_10_IRQHandler
                0x00000000080008fc                IPCC_C1_RX_IRQHandler
                0x00000000080008fc                C2SEV_PWR_C2H_IRQHandler
                0x00000000080008fc                AES2_IRQHandler
                0x00000000080008fc                I2C3_EV_IRQHandler
                0x00000000080008fc                EXTI9_5_IRQHandler
                0x00000000080008fc                RTC_WKUP_IRQHandler
                0x00000000080008fc                PVD_PVM_IRQHandler
                0x00000000080008fc                SPI2_IRQHandler
                0x00000000080008fc                DMA2_Channel5_IRQHandler
                0x00000000080008fc                CRS_IRQHandler
                0x00000000080008fc                DMA1_Channel5_IRQHandler
                0x00000000080008fc                USB_LP_IRQHandler
                0x00000000080008fc                EXTI4_IRQHandler
                0x00000000080008fc                RNG_IRQHandler
                0x00000000080008fc                TIM1_TRG_COM_TIM17_IRQHandler
                0x00000000080008fc                TAMP_STAMP_LSECSS_IRQHandler
                0x00000000080008fc                DMA1_Channel3_IRQHandler
                0x00000000080008fc                COMP_IRQHandler
                0x00000000080008fc                HSEM_IRQHandler
                0x00000000080008fc                WWDG_IRQHandler
                0x00000000080008fc                LPUART1_IRQHandler
                0x00000000080008fc                DMA2_Channel6_IRQHandler
                0x00000000080008fc                TIM2_IRQHandler
                0x00000000080008fc                TIM1_BRK_IRQHandler
                0x00000000080008fc                EXTI1_IRQHandler
                0x00000000080008fc                DMA1_Channel2_IRQHandler
                0x00000000080008fc                FLASH_IRQHandler
                0x00000000080008fc                I2C1_ER_IRQHandler
                0x00000000080008fc                LPTIM1_IRQHandler
                0x00000000080008fc                SAI1_IRQHandler
                0x00000000080008fc                RTC_Alarm_IRQHandler
 *fill*         0x00000000080008fe        0x2 
 .text.HAL_InitTick
                0x0000000008000900       0x50 CMakeFiles/wbble.elf.dir/Drivers/STM32WBxx_HAL_Driver/Src/stm32wbxx_hal_3.c.obj
                0x0000000008000900                HAL_InitTick
 .text.HAL_Init
                0x0000000008000950       0x2c CMakeFiles/wbble.elf.dir/Drivers/STM32WBxx_HAL_Driver/Src/stm32wbxx_hal_3.c.obj
                0x0000000008000950                HAL_Init
 .text.HAL_IncTick
                0x000000000800097c       0x18 CMakeFiles/wbble.elf.dir/Drivers/STM32WBxx_HAL_Driver/Src/stm32wbxx_hal_3.c.obj
                0x000000000800097c                HAL_IncTick
 .text.HAL_GetTick
                0x0000000008000994        0xc CMakeFiles/wbble.elf.dir/Drivers/STM32WBxx_HAL_Driver/Src/stm32wbxx_hal_3.c.obj
                0x0000000008000994                HAL_GetTick
 .text.HAL_GetTickPrio
                0x00000000080009a0        0xc CMakeFiles/wbble.elf.dir/Drivers/STM32WBxx_HAL_Driver/Src/stm32wbxx_hal_3.c.obj
                0x00000000080009a0                HAL_GetTickPrio
 .text.HAL_Delay
                0x00000000080009ac       0x28 CMakeFiles/wbble.elf.dir/Drivers/STM32WBxx_HAL_Driver/Src/stm32wbxx_hal_3.c.obj
                0x00000000080009ac                HAL_Delay
 .text.HAL_NVIC_SetPriorityGrouping
                0x00000000080009d4       0x24 CMakeFiles/wbble.elf.dir/Drivers/STM32WBxx_HAL_Driver/Src/stm32wbxx_hal_cortex_3.c.obj
                0x00000000080009d4                HAL_NVIC_SetPriorityGrouping
 .text.HAL_NVIC_SetPriority
                0x00000000080009f8       0x68 CMakeFiles/wbble.elf.dir/Drivers/STM32WBxx_HAL_Driver/Src/stm32wbxx_hal_cortex_3.c.obj
                0x00000000080009f8                HAL_NVIC_SetPriority
 .text.HAL_NVIC_EnableIRQ
                0x0000000008000a60       0x1c CMakeFiles/wbble.elf.dir/Drivers/STM32WBxx_HAL_Driver/Src/stm32wbxx_hal_cortex_3.c.obj
                0x0000000008000a60                HAL_NVIC_EnableIRQ
 .text.HAL_SYSTICK_Config
                0x0000000008000a7c       0x2c CMakeFiles/wbble.elf.dir/Drivers/STM32WBxx_HAL_Driver/Src/stm32wbxx_hal_cortex_3.c.obj
                0x0000000008000a7c                HAL_SYSTICK_Config
 .text.DMA_CalcDMAMUXChannelBaseAndMask
                0x0000000008000aa8       0x54 CMakeFiles/wbble.elf.dir/Drivers/STM32WBxx_HAL_Driver/Src/stm32wbxx_hal_dma_3.c.obj
 .text.DMA_CalcDMAMUXRequestGenBaseAndMask
                0x0000000008000afc       0x2c CMakeFiles/wbble.elf.dir/Drivers/STM32WBxx_HAL_Driver/Src/stm32wbxx_hal_dma_3.c.obj
 .text.HAL_DMA_Init
                0x0000000008000b28       0xdc CMakeFiles/wbble.elf.dir/Drivers/STM32WBxx_HAL_Driver/Src/stm32wbxx_hal_dma_3.c.obj
                0x0000000008000b28                HAL_DMA_Init
 .text.HAL_DMA_Abort
                0x0000000008000c04       0x74 CMakeFiles/wbble.elf.dir/Drivers/STM32WBxx_HAL_Driver/Src/stm32wbxx_hal_dma_3.c.obj
                0x0000000008000c04                HAL_DMA_Abort
 .text.HAL_DMA_Abort_IT
                0x0000000008000c78       0x72 CMakeFiles/wbble.elf.dir/Drivers/STM32WBxx_HAL_Driver/Src/stm32wbxx_hal_dma_3.c.obj
                0x0000000008000c78                HAL_DMA_Abort_IT
 .text.HAL_DMA_IRQHandler
                0x0000000008000cea       0xc4 CMakeFiles/wbble.elf.dir/Drivers/STM32WBxx_HAL_Driver/Src/stm32wbxx_hal_dma_3.c.obj
                0x0000000008000cea                HAL_DMA_IRQHandler
 *fill*         0x0000000008000dae        0x2 
 .text.HAL_GPIO_Init
                0x0000000008000db0      0x188 CMakeFiles/wbble.elf.dir/Drivers/STM32WBxx_HAL_Driver/Src/stm32wbxx_hal_gpio_3.c.obj
                0x0000000008000db0                HAL_GPIO_Init
 .text.HAL_GPIO_WritePin
                0x0000000008000f38        0xa CMakeFiles/wbble.elf.dir/Drivers/STM32WBxx_HAL_Driver/Src/stm32wbxx_hal_gpio_3.c.obj
                0x0000000008000f38                HAL_GPIO_WritePin
 .text.HAL_GPIO_TogglePin
                0x0000000008000f42       0x12 CMakeFiles/wbble.elf.dir/Drivers/STM32WBxx_HAL_Driver/Src/stm32wbxx_hal_gpio_3.c.obj
                0x0000000008000f42                HAL_GPIO_TogglePin
 .text.HAL_PWR_EnableBkUpAccess
                0x0000000008000f54       0x10 CMakeFiles/wbble.elf.dir/Drivers/STM32WBxx_HAL_Driver/Src/stm32wbxx_hal_pwr_3.c.obj
                0x0000000008000f54                HAL_PWR_EnableBkUpAccess
 .text.HAL_PWREx_GetVoltageRange
                0x0000000008000f64       0x10 CMakeFiles/wbble.elf.dir/Drivers/STM32WBxx_HAL_Driver/Src/stm32wbxx_hal_pwr_ex_3.c.obj
                0x0000000008000f64                HAL_PWREx_GetVoltageRange
 .text.RCC_SetFlashLatency
                0x0000000008000f74       0xbc CMakeFiles/wbble.elf.dir/Drivers/STM32WBxx_HAL_Driver/Src/stm32wbxx_hal_rcc_2.c.obj
 .text.RCC_SetFlashLatencyFromMSIRange
                0x0000000008001030       0x4c CMakeFiles/wbble.elf.dir/Drivers/STM32WBxx_HAL_Driver/Src/stm32wbxx_hal_rcc_2.c.obj
 .text.HAL_RCC_GetSysClockFreq
                0x000000000800107c       0xc0 CMakeFiles/wbble.elf.dir/Drivers/STM32WBxx_HAL_Driver/Src/stm32wbxx_hal_rcc_2.c.obj
                0x000000000800107c                HAL_RCC_GetSysClockFreq
 .text.HAL_RCC_GetHCLKFreq
                0x000000000800113c       0x20 CMakeFiles/wbble.elf.dir/Drivers/STM32WBxx_HAL_Driver/Src/stm32wbxx_hal_rcc_2.c.obj
                0x000000000800113c                HAL_RCC_GetHCLKFreq
 .text.HAL_RCC_OscConfig
                0x000000000800115c      0x72c CMakeFiles/wbble.elf.dir/Drivers/STM32WBxx_HAL_Driver/Src/stm32wbxx_hal_rcc_2.c.obj
                0x000000000800115c                HAL_RCC_OscConfig
 .text.HAL_RCC_ClockConfig
                0x0000000008001888      0x264 CMakeFiles/wbble.elf.dir/Drivers/STM32WBxx_HAL_Driver/Src/stm32wbxx_hal_rcc_2.c.obj
                0x0000000008001888                HAL_RCC_ClockConfig
 .text.HAL_RCC_GetPCLK1Freq
                0x0000000008001aec       0x24 CMakeFiles/wbble.elf.dir/Drivers/STM32WBxx_HAL_Driver/Src/stm32wbxx_hal_rcc_2.c.obj
                0x0000000008001aec                HAL_RCC_GetPCLK1Freq
 .text.HAL_RCC_GetPCLK2Freq
                0x0000000008001b10       0x24 CMakeFiles/wbble.elf.dir/Drivers/STM32WBxx_HAL_Driver/Src/stm32wbxx_hal_rcc_2.c.obj
                0x0000000008001b10                HAL_RCC_GetPCLK2Freq
 .text.RCCEx_PLLSAI1_ConfigNP
                0x0000000008001b34       0x8e CMakeFiles/wbble.elf.dir/Drivers/STM32WBxx_HAL_Driver/Src/stm32wbxx_hal_rcc_ex_3.c.obj
 .text.RCCEx_PLLSAI1_ConfigNQ
                0x0000000008001bc2       0x8e CMakeFiles/wbble.elf.dir/Drivers/STM32WBxx_HAL_Driver/Src/stm32wbxx_hal_rcc_ex_3.c.obj
 .text.RCCEx_PLLSAI1_ConfigNR
                0x0000000008001c50       0x8e CMakeFiles/wbble.elf.dir/Drivers/STM32WBxx_HAL_Driver/Src/stm32wbxx_hal_rcc_ex_3.c.obj
 .text.HAL_RCCEx_PeriphCLKConfig
                0x0000000008001cde      0x31e CMakeFiles/wbble.elf.dir/Drivers/STM32WBxx_HAL_Driver/Src/stm32wbxx_hal_rcc_ex_3.c.obj
                0x0000000008001cde                HAL_RCCEx_PeriphCLKConfig
 .text.UART_EndRxTransfer
                0x0000000008001ffc       0x56 CMakeFiles/wbble.elf.dir/Drivers/STM32WBxx_HAL_Driver/Src/stm32wbxx_hal_uart_3.c.obj
 .text.HAL_UART_TxCpltCallback
                0x0000000008002052        0x2 CMakeFiles/wbble.elf.dir/Drivers/STM32WBxx_HAL_Driver/Src/stm32wbxx_hal_uart_3.c.obj
                0x0000000008002052                HAL_UART_TxCpltCallback
 .text.UART_EndTransmit_IT
                0x0000000008002054       0x24 CMakeFiles/wbble.elf.dir/Drivers/STM32WBxx_HAL_Driver/Src/stm32wbxx_hal_uart_3.c.obj
 .text.HAL_UART_ErrorCallback
                0x0000000008002078        0x2 CMakeFiles/wbble.elf.dir/Drivers/STM32WBxx_HAL_Driver/Src/stm32wbxx_hal_uart_3.c.obj
                0x0000000008002078                HAL_UART_ErrorCallback
 .text.UART_DMAAbortOnError
                0x000000000800207a       0x14 CMakeFiles/wbble.elf.dir/Drivers/STM32WBxx_HAL_Driver/Src/stm32wbxx_hal_uart_3.c.obj
 .text.HAL_UARTEx_RxEventCallback
                0x000000000800208e        0x2 CMakeFiles/wbble.elf.dir/Drivers/STM32WBxx_HAL_Driver/Src/stm32wbxx_hal_uart_3.c.obj
                0x000000000800208e                HAL_UARTEx_RxEventCallback
 .text.HAL_UART_IRQHandler
                0x0000000008002090      0x334 CMakeFiles/wbble.elf.dir/Drivers/STM32WBxx_HAL_Driver/Src/stm32wbxx_hal_uart_3.c.obj
                0x0000000008002090                HAL_UART_IRQHandler
 .text.UART_SetConfig
                0x00000000080023c4      0x270 CMakeFiles/wbble.elf.dir/Drivers/STM32WBxx_HAL_Driver/Src/stm32wbxx_hal_uart_3.c.obj
                0x00000000080023c4                UART_SetConfig
 .text.UART_AdvFeatureConfig
                0x0000000008002634       0xca CMakeFiles/wbble.elf.dir/Drivers/STM32WBxx_HAL_Driver/Src/stm32wbxx_hal_uart_3.c.obj
                0x0000000008002634                UART_AdvFeatureConfig
 .text.UART_WaitOnFlagUntilTimeout
                0x00000000080026fe       0xd8 CMakeFiles/wbble.elf.dir/Drivers/STM32WBxx_HAL_Driver/Src/stm32wbxx_hal_uart_3.c.obj
                0x00000000080026fe                UART_WaitOnFlagUntilTimeout
 .text.UART_CheckIdleState
                0x00000000080027d6       0x74 CMakeFiles/wbble.elf.dir/Drivers/STM32WBxx_HAL_Driver/Src/stm32wbxx_hal_uart_3.c.obj
                0x00000000080027d6                UART_CheckIdleState
 .text.HAL_UART_Init
                0x000000000800284a       0x66 CMakeFiles/wbble.elf.dir/Drivers/STM32WBxx_HAL_Driver/Src/stm32wbxx_hal_uart_3.c.obj
                0x000000000800284a                HAL_UART_Init
 .text.UARTEx_SetNbDataToProcess
                0x00000000080028b0       0x4c CMakeFiles/wbble.elf.dir/Drivers/STM32WBxx_HAL_Driver/Src/stm32wbxx_hal_uart_ex_3.c.obj
 .text.HAL_UARTEx_WakeupCallback
                0x00000000080028fc        0x2 CMakeFiles/wbble.elf.dir/Drivers/STM32WBxx_HAL_Driver/Src/stm32wbxx_hal_uart_ex_3.c.obj
                0x00000000080028fc                HAL_UARTEx_WakeupCallback
 .text.HAL_UARTEx_RxFifoFullCallback
                0x00000000080028fe        0x2 CMakeFiles/wbble.elf.dir/Drivers/STM32WBxx_HAL_Driver/Src/stm32wbxx_hal_uart_ex_3.c.obj
                0x00000000080028fe                HAL_UARTEx_RxFifoFullCallback
 .text.HAL_UARTEx_TxFifoEmptyCallback
                0x0000000008002900        0x2 CMakeFiles/wbble.elf.dir/Drivers/STM32WBxx_HAL_Driver/Src/stm32wbxx_hal_uart_ex_3.c.obj
                0x0000000008002900                HAL_UARTEx_TxFifoEmptyCallback
 .text.HAL_UARTEx_DisableFifoMode
                0x0000000008002902       0x3e CMakeFiles/wbble.elf.dir/Drivers/STM32WBxx_HAL_Driver/Src/stm32wbxx_hal_uart_ex_3.c.obj
                0x0000000008002902                HAL_UARTEx_DisableFifoMode
 .text.HAL_UARTEx_SetTxFifoThreshold
                0x0000000008002940       0x4a CMakeFiles/wbble.elf.dir/Drivers/STM32WBxx_HAL_Driver/Src/stm32wbxx_hal_uart_ex_3.c.obj
                0x0000000008002940                HAL_UARTEx_SetTxFifoThreshold
 .text.HAL_UARTEx_SetRxFifoThreshold
                0x000000000800298a       0x4a CMakeFiles/wbble.elf.dir/Drivers/STM32WBxx_HAL_Driver/Src/stm32wbxx_hal_uart_ex_3.c.obj
                0x000000000800298a                HAL_UARTEx_SetRxFifoThreshold
 .text.__libc_init_array
                0x00000000080029d4       0x48 /opt/homebrew/Cellar/arm-none-eabi-gcc/9-2019-q4-major/gcc/bin/../lib/gcc/arm-none-eabi/9.2.1/../../../../arm-none-eabi/lib/thumb/v7e-m/nofp/libg.a(lib_a-init.o)
                0x00000000080029d4                __libc_init_array
 .text.memset   0x0000000008002a1c       0xa0 /opt/homebrew/Cellar/arm-none-eabi-gcc/9-2019-q4-major/gcc/bin/../lib/gcc/arm-none-eabi/9.2.1/../../../../arm-none-eabi/lib/thumb/v7e-m/nofp/libg.a(lib_a-memset.o)
                0x0000000008002a1c                memset
 .text.startup.register_fini
                0x0000000008002abc       0x14 /opt/homebrew/Cellar/arm-none-eabi-gcc/9-2019-q4-major/gcc/bin/../lib/gcc/arm-none-eabi/9.2.1/../../../../arm-none-eabi/lib/thumb/v7e-m/nofp/libg.a(lib_a-__call_atexit.o)
 .text.atexit   0x0000000008002ad0        0xc /opt/homebrew/Cellar/arm-none-eabi-gcc/9-2019-q4-major/gcc/bin/../lib/gcc/arm-none-eabi/9.2.1/../../../../arm-none-eabi/lib/thumb/v7e-m/nofp/libg.a(lib_a-atexit.o)
                0x0000000008002ad0                atexit
 .text.__libc_fini_array
                0x0000000008002adc       0x2c /opt/homebrew/Cellar/arm-none-eabi-gcc/9-2019-q4-major/gcc/bin/../lib/gcc/arm-none-eabi/9.2.1/../../../../arm-none-eabi/lib/thumb/v7e-m/nofp/libg.a(lib_a-fini.o)
                0x0000000008002adc                __libc_fini_array
 .text.__retarget_lock_acquire_recursive
                0x0000000008002b08        0x4 /opt/homebrew/Cellar/arm-none-eabi-gcc/9-2019-q4-major/gcc/bin/../lib/gcc/arm-none-eabi/9.2.1/../../../../arm-none-eabi/lib/thumb/v7e-m/nofp/libg.a(lib_a-lock.o)
                0x0000000008002b08                __retarget_lock_acquire_recursive
 .text.__retarget_lock_release_recursive
                0x0000000008002b0c        0x4 /opt/homebrew/Cellar/arm-none-eabi-gcc/9-2019-q4-major/gcc/bin/../lib/gcc/arm-none-eabi/9.2.1/../../../../arm-none-eabi/lib/thumb/v7e-m/nofp/libg.a(lib_a-lock.o)
                0x0000000008002b0c                __retarget_lock_release_recursive
 .text.__register_exitproc
                0x0000000008002b10       0x8c /opt/homebrew/Cellar/arm-none-eabi-gcc/9-2019-q4-major/gcc/bin/../lib/gcc/arm-none-eabi/9.2.1/../../../../arm-none-eabi/lib/thumb/v7e-m/nofp/libg.a(lib_a-__atexit.o)
                0x0000000008002b10                __register_exitproc
 *(.glue_7)
 .glue_7        0x0000000008002b9c        0x0 linker stubs
 *(.glue_7t)
 .glue_7t       0x0000000008002b9c        0x0 linker stubs
 *(.eh_frame)
 .eh_frame      0x0000000008002b9c        0x0 /opt/homebrew/Cellar/arm-none-eabi-gcc/9-2019-q4-major/gcc/bin/../lib/gcc/arm-none-eabi/9.2.1/thumb/v7e-m/nofp/crtbegin.o
 *(.init)
 .init          0x0000000008002b9c        0x4 /opt/homebrew/Cellar/arm-none-eabi-gcc/9-2019-q4-major/gcc/bin/../lib/gcc/arm-none-eabi/9.2.1/thumb/v7e-m/nofp/crti.o
                0x0000000008002b9c                _init
 .init          0x0000000008002ba0        0x8 /opt/homebrew/Cellar/arm-none-eabi-gcc/9-2019-q4-major/gcc/bin/../lib/gcc/arm-none-eabi/9.2.1/thumb/v7e-m/nofp/crtn.o
 *(.fini)
 .fini          0x0000000008002ba8        0x4 /opt/homebrew/Cellar/arm-none-eabi-gcc/9-2019-q4-major/gcc/bin/../lib/gcc/arm-none-eabi/9.2.1/thumb/v7e-m/nofp/crti.o
                0x0000000008002ba8                _fini
 .fini          0x0000000008002bac        0x8 /opt/homebrew/Cellar/arm-none-eabi-gcc/9-2019-q4-major/gcc/bin/../lib/gcc/arm-none-eabi/9.2.1/thumb/v7e-m/nofp/crtn.o
                0x0000000008002bb4                . = ALIGN (0x4)
                0x0000000008002bb4                _etext = .

.vfp11_veneer   0x0000000008002bb4        0x0
 .vfp11_veneer  0x0000000008002bb4        0x0 linker stubs

.v4_bx          0x0000000008002bb4        0x0
 .v4_bx         0x0000000008002bb4        0x0 linker stubs

.iplt           0x0000000008002bb4        0x0
 .iplt          0x0000000008002bb4        0x0 /opt/homebrew/Cellar/arm-none-eabi-gcc/9-2019-q4-major/gcc/bin/../lib/gcc/arm-none-eabi/9.2.1/thumb/v7e-m/nofp/crtbegin.o

.rodata         0x0000000008002bb4       0xf8
                0x0000000008002bb4                . = ALIGN (0x4)
 *(.rodata)
 .rodata        0x0000000008002bb4       0x2c CMakeFiles/wbble.elf.dir/Drivers/STM32WBxx_HAL_Driver/Src/stm32wbxx_hal_rcc_2.c.obj
 *(.rodata*)
 .rodata.AHBPrescTable
                0x0000000008002be0       0x40 CMakeFiles/wbble.elf.dir/Core/Src/system_stm32wbxx.c.obj
                0x0000000008002be0                AHBPrescTable
 .rodata.APBPrescTable
                0x0000000008002c20       0x20 CMakeFiles/wbble.elf.dir/Core/Src/system_stm32wbxx.c.obj
                0x0000000008002c20                APBPrescTable
 .rodata.MSIRangeTable
                0x0000000008002c40       0x40 CMakeFiles/wbble.elf.dir/Core/Src/system_stm32wbxx.c.obj
                0x0000000008002c40                MSIRangeTable
 .rodata.UARTPrescTable
                0x0000000008002c80       0x18 CMakeFiles/wbble.elf.dir/Drivers/STM32WBxx_HAL_Driver/Src/stm32wbxx_hal_uart_3.c.obj
                0x0000000008002c80                UARTPrescTable
 .rodata.denominator.9380
                0x0000000008002c98        0x8 CMakeFiles/wbble.elf.dir/Drivers/STM32WBxx_HAL_Driver/Src/stm32wbxx_hal_uart_ex_3.c.obj
 .rodata.numerator.9379
                0x0000000008002ca0        0x8 CMakeFiles/wbble.elf.dir/Drivers/STM32WBxx_HAL_Driver/Src/stm32wbxx_hal_uart_ex_3.c.obj
 .rodata._global_impure_ptr
                0x0000000008002ca8        0x4 /opt/homebrew/Cellar/arm-none-eabi-gcc/9-2019-q4-major/gcc/bin/../lib/gcc/arm-none-eabi/9.2.1/../../../../arm-none-eabi/lib/thumb/v7e-m/nofp/libg.a(lib_a-impure.o)
                0x0000000008002ca8                _global_impure_ptr
                0x0000000008002cac                . = ALIGN (0x4)

.ARM.extab
 *(.ARM.extab* .gnu.linkonce.armextab.*)

.ARM            0x0000000008002cac        0x8
                0x0000000008002cac                __exidx_start = .
 *(.ARM.exidx*)
 .ARM.exidx     0x0000000008002cac        0x8 /opt/homebrew/Cellar/arm-none-eabi-gcc/9-2019-q4-major/gcc/bin/../lib/gcc/arm-none-eabi/9.2.1/thumb/v7e-m/nofp/libgcc.a(_udivmoddi4.o)
                0x0000000008002cb4                __exidx_end = .

.rel.dyn        0x0000000008002cb4        0x0
 .rel.iplt      0x0000000008002cb4        0x0 /opt/homebrew/Cellar/arm-none-eabi-gcc/9-2019-q4-major/gcc/bin/../lib/gcc/arm-none-eabi/9.2.1/thumb/v7e-m/nofp/crtbegin.o

.preinit_array  0x0000000008002cb4        0x0
                0x0000000008002cb4                PROVIDE (__preinit_array_start = .)
 *(.preinit_array*)
                0x0000000008002cb4                PROVIDE (__preinit_array_end = .)

.init_array     0x0000000008002cb4        0x8
                0x0000000008002cb4                PROVIDE (__init_array_start = .)
 *(SORT_BY_NAME(.init_array.*))
 .init_array.00000
                0x0000000008002cb4        0x4 /opt/homebrew/Cellar/arm-none-eabi-gcc/9-2019-q4-major/gcc/bin/../lib/gcc/arm-none-eabi/9.2.1/../../../../arm-none-eabi/lib/thumb/v7e-m/nofp/libg.a(lib_a-__call_atexit.o)
 *(.init_array*)
 .init_array    0x0000000008002cb8        0x4 /opt/homebrew/Cellar/arm-none-eabi-gcc/9-2019-q4-major/gcc/bin/../lib/gcc/arm-none-eabi/9.2.1/thumb/v7e-m/nofp/crtbegin.o
                0x0000000008002cbc                PROVIDE (__init_array_end = .)

.fini_array     0x0000000008002cbc        0x4
                0x0000000008002cbc                PROVIDE (__fini_array_start = .)
 *(SORT_BY_NAME(.fini_array.*))
 *(.fini_array*)
 .fini_array    0x0000000008002cbc        0x4 /opt/homebrew/Cellar/arm-none-eabi-gcc/9-2019-q4-major/gcc/bin/../lib/gcc/arm-none-eabi/9.2.1/thumb/v7e-m/nofp/crtbegin.o
                0x0000000008002cc0                PROVIDE (__fini_array_end = .)
                0x0000000008002cc0                _sidata = LOADADDR (.data)

.data           0x0000000020000008      0x43c load address 0x0000000008002cc0
                0x0000000020000008                . = ALIGN (0x4)
                0x0000000020000008                _sdata = .
 *(.data)
 *(.data*)
 .data.SystemCoreClock
                0x0000000020000008        0x4 CMakeFiles/wbble.elf.dir/Core/Src/system_stm32wbxx.c.obj
                0x0000000020000008                SystemCoreClock
 .data.uwTickFreq
                0x000000002000000c        0x1 CMakeFiles/wbble.elf.dir/Drivers/STM32WBxx_HAL_Driver/Src/stm32wbxx_hal_3.c.obj
                0x000000002000000c                uwTickFreq
 *fill*         0x000000002000000d        0x3 
 .data.uwTickPrio
                0x0000000020000010        0x4 CMakeFiles/wbble.elf.dir/Drivers/STM32WBxx_HAL_Driver/Src/stm32wbxx_hal_3.c.obj
                0x0000000020000010                uwTickPrio
 *fill*         0x0000000020000014        0x4 
 .data.impure_data
                0x0000000020000018      0x428 /opt/homebrew/Cellar/arm-none-eabi-gcc/9-2019-q4-major/gcc/bin/../lib/gcc/arm-none-eabi/9.2.1/../../../../arm-none-eabi/lib/thumb/v7e-m/nofp/libg.a(lib_a-impure.o)
 .data.__atexit_recursive_mutex
                0x0000000020000440        0x4 /opt/homebrew/Cellar/arm-none-eabi-gcc/9-2019-q4-major/gcc/bin/../lib/gcc/arm-none-eabi/9.2.1/../../../../arm-none-eabi/lib/thumb/v7e-m/nofp/libg.a(lib_a-__call_atexit.o)
                0x0000000020000440                __atexit_recursive_mutex
 *(.RamFunc)
 *(.RamFunc*)
                0x0000000020000444                . = ALIGN (0x4)
                0x0000000020000444                _edata = .

.igot.plt       0x0000000020000444        0x0 load address 0x00000000080030fc
 .igot.plt      0x0000000020000444        0x0 /opt/homebrew/Cellar/arm-none-eabi-gcc/9-2019-q4-major/gcc/bin/../lib/gcc/arm-none-eabi/9.2.1/thumb/v7e-m/nofp/crtbegin.o
                0x0000000020000444                . = ALIGN (0x4)

.bss            0x0000000020000444      0x134 load address 0x00000000080030fc
                0x0000000020000444                _sbss = .
                0x0000000020000444                __bss_start__ = _sbss
 *(.bss)
 .bss           0x0000000020000444       0x1c /opt/homebrew/Cellar/arm-none-eabi-gcc/9-2019-q4-major/gcc/bin/../lib/gcc/arm-none-eabi/9.2.1/thumb/v7e-m/nofp/crtbegin.o
 *(.bss*)
 .bss.hdma_usart1_tx
                0x0000000020000460       0x60 CMakeFiles/wbble.elf.dir/Core/Src/main.c.obj
                0x0000000020000460                hdma_usart1_tx
 .bss.huart1    0x00000000200004c0       0x90 CMakeFiles/wbble.elf.dir/Core/Src/main.c.obj
                0x00000000200004c0                huart1
 .bss.uwTick    0x0000000020000550        0x4 CMakeFiles/wbble.elf.dir/Drivers/STM32WBxx_HAL_Driver/Src/stm32wbxx_hal_3.c.obj
                0x0000000020000550                uwTick
 *(COMMON)
 COMMON         0x0000000020000554       0x21 /opt/homebrew/Cellar/arm-none-eabi-gcc/9-2019-q4-major/gcc/bin/../lib/gcc/arm-none-eabi/9.2.1/../../../../arm-none-eabi/lib/thumb/v7e-m/nofp/libg.a(lib_a-lock.o)
                0x0000000020000554                __lock___atexit_recursive_mutex
                0x0000000020000558                __lock___arc4random_mutex
                0x000000002000055c                __lock___env_recursive_mutex
                0x0000000020000560                __lock___sinit_recursive_mutex
                0x0000000020000564                __lock___malloc_recursive_mutex
                0x0000000020000568                __lock___at_quick_exit_mutex
                0x000000002000056c                __lock___dd_hash_mutex
                0x0000000020000570                __lock___tz_mutex
                0x0000000020000574                __lock___sfp_recursive_mutex
                0x0000000020000578                . = ALIGN (0x4)
 *fill*         0x0000000020000575        0x3 
                0x0000000020000578                _ebss = .
                0x0000000020000578                __bss_end__ = _ebss

._user_heap_stack
                0x0000000020000578      0x600 load address 0x00000000080030fc
                0x0000000020000578                . = ALIGN (0x8)
                [!provide]                        PROVIDE (end = .)
                0x0000000020000578                PROVIDE (_end = .)
                0x0000000020000778                . = (. + _Min_Heap_Size)
 *fill*         0x0000000020000578      0x200 
                0x0000000020000b78                . = (. + _Min_Stack_Size)
 *fill*         0x0000000020000778      0x400 
                0x0000000020000b78                . = ALIGN (0x8)

/DISCARD/
 libc.a(*)
 libm.a(*)
 libgcc.a(*)

.ARM.attributes
                0x0000000000000000       0x2a
 *(.ARM.attributes)
 .ARM.attributes
                0x0000000000000000       0x1e /opt/homebrew/Cellar/arm-none-eabi-gcc/9-2019-q4-major/gcc/bin/../lib/gcc/arm-none-eabi/9.2.1/thumb/v7e-m/nofp/crti.o
 .ARM.attributes
                0x000000000000001e       0x2e /opt/homebrew/Cellar/arm-none-eabi-gcc/9-2019-q4-major/gcc/bin/../lib/gcc/arm-none-eabi/9.2.1/thumb/v7e-m/nofp/crtbegin.o
 .ARM.attributes
                0x000000000000004c       0x2e CMakeFiles/wbble.elf.dir/Core/Src/led.c.obj
 .ARM.attributes
                0x000000000000007a       0x2e CMakeFiles/wbble.elf.dir/Core/Src/main.c.obj
 .ARM.attributes
                0x00000000000000a8       0x2e CMakeFiles/wbble.elf.dir/Core/Src/stm32wbxx_hal_msp.c.obj
 .ARM.attributes
                0x00000000000000d6       0x2e CMakeFiles/wbble.elf.dir/Core/Src/stm32wbxx_it.c.obj
 .ARM.attributes
                0x0000000000000104       0x2e CMakeFiles/wbble.elf.dir/Core/Src/system_stm32wbxx.c.obj
 .ARM.attributes
                0x0000000000000132       0x21 CMakeFiles/wbble.elf.dir/Core/Startup/startup_stm32wb55rgvx.s.obj
 .ARM.attributes
                0x0000000000000153       0x2e CMakeFiles/wbble.elf.dir/Drivers/STM32WBxx_HAL_Driver/Src/stm32wbxx_hal_3.c.obj
 .ARM.attributes
                0x0000000000000181       0x2e CMakeFiles/wbble.elf.dir/Drivers/STM32WBxx_HAL_Driver/Src/stm32wbxx_hal_cortex_3.c.obj
 .ARM.attributes
                0x00000000000001af       0x2e CMakeFiles/wbble.elf.dir/Drivers/STM32WBxx_HAL_Driver/Src/stm32wbxx_hal_dma_3.c.obj
 .ARM.attributes
                0x00000000000001dd       0x2e CMakeFiles/wbble.elf.dir/Drivers/STM32WBxx_HAL_Driver/Src/stm32wbxx_hal_gpio_3.c.obj
 .ARM.attributes
                0x000000000000020b       0x2e CMakeFiles/wbble.elf.dir/Drivers/STM32WBxx_HAL_Driver/Src/stm32wbxx_hal_pwr_3.c.obj
 .ARM.attributes
                0x0000000000000239       0x2e CMakeFiles/wbble.elf.dir/Drivers/STM32WBxx_HAL_Driver/Src/stm32wbxx_hal_pwr_ex_3.c.obj
 .ARM.attributes
                0x0000000000000267       0x2e CMakeFiles/wbble.elf.dir/Drivers/STM32WBxx_HAL_Driver/Src/stm32wbxx_hal_rcc_2.c.obj
 .ARM.attributes
                0x0000000000000295       0x2e CMakeFiles/wbble.elf.dir/Drivers/STM32WBxx_HAL_Driver/Src/stm32wbxx_hal_rcc_ex_3.c.obj
 .ARM.attributes
                0x00000000000002c3       0x2e CMakeFiles/wbble.elf.dir/Drivers/STM32WBxx_HAL_Driver/Src/stm32wbxx_hal_uart_3.c.obj
 .ARM.attributes
                0x00000000000002f1       0x2e CMakeFiles/wbble.elf.dir/Drivers/STM32WBxx_HAL_Driver/Src/stm32wbxx_hal_uart_ex_3.c.obj
 .ARM.attributes
                0x000000000000031f       0x1e /opt/homebrew/Cellar/arm-none-eabi-gcc/9-2019-q4-major/gcc/bin/../lib/gcc/arm-none-eabi/9.2.1/thumb/v7e-m/nofp/libgcc.a(_aeabi_uldivmod.o)
 .ARM.attributes
                0x000000000000033d       0x2e /opt/homebrew/Cellar/arm-none-eabi-gcc/9-2019-q4-major/gcc/bin/../lib/gcc/arm-none-eabi/9.2.1/thumb/v7e-m/nofp/libgcc.a(_udivmoddi4.o)
 .ARM.attributes
                0x000000000000036b       0x1e /opt/homebrew/Cellar/arm-none-eabi-gcc/9-2019-q4-major/gcc/bin/../lib/gcc/arm-none-eabi/9.2.1/thumb/v7e-m/nofp/libgcc.a(_dvmd_tls.o)
 .ARM.attributes
                0x0000000000000389       0x2e /opt/homebrew/Cellar/arm-none-eabi-gcc/9-2019-q4-major/gcc/bin/../lib/gcc/arm-none-eabi/9.2.1/../../../../arm-none-eabi/lib/thumb/v7e-m/nofp/libg.a(lib_a-impure.o)
 .ARM.attributes
                0x00000000000003b7       0x2e /opt/homebrew/Cellar/arm-none-eabi-gcc/9-2019-q4-major/gcc/bin/../lib/gcc/arm-none-eabi/9.2.1/../../../../arm-none-eabi/lib/thumb/v7e-m/nofp/libg.a(lib_a-init.o)
 .ARM.attributes
                0x00000000000003e5       0x2e /opt/homebrew/Cellar/arm-none-eabi-gcc/9-2019-q4-major/gcc/bin/../lib/gcc/arm-none-eabi/9.2.1/../../../../arm-none-eabi/lib/thumb/v7e-m/nofp/libg.a(lib_a-memset.o)
 .ARM.attributes
                0x0000000000000413       0x2e /opt/homebrew/Cellar/arm-none-eabi-gcc/9-2019-q4-major/gcc/bin/../lib/gcc/arm-none-eabi/9.2.1/../../../../arm-none-eabi/lib/thumb/v7e-m/nofp/libg.a(lib_a-__call_atexit.o)
 .ARM.attributes
                0x0000000000000441       0x2e /opt/homebrew/Cellar/arm-none-eabi-gcc/9-2019-q4-major/gcc/bin/../lib/gcc/arm-none-eabi/9.2.1/../../../../arm-none-eabi/lib/thumb/v7e-m/nofp/libg.a(lib_a-atexit.o)
 .ARM.attributes
                0x000000000000046f       0x2e /opt/homebrew/Cellar/arm-none-eabi-gcc/9-2019-q4-major/gcc/bin/../lib/gcc/arm-none-eabi/9.2.1/../../../../arm-none-eabi/lib/thumb/v7e-m/nofp/libg.a(lib_a-fini.o)
 .ARM.attributes
                0x000000000000049d       0x2e /opt/homebrew/Cellar/arm-none-eabi-gcc/9-2019-q4-major/gcc/bin/../lib/gcc/arm-none-eabi/9.2.1/../../../../arm-none-eabi/lib/thumb/v7e-m/nofp/libg.a(lib_a-lock.o)
 .ARM.attributes
                0x00000000000004cb       0x2e /opt/homebrew/Cellar/arm-none-eabi-gcc/9-2019-q4-major/gcc/bin/../lib/gcc/arm-none-eabi/9.2.1/../../../../arm-none-eabi/lib/thumb/v7e-m/nofp/libg.a(lib_a-__atexit.o)
 .ARM.attributes
                0x00000000000004f9       0x1e /opt/homebrew/Cellar/arm-none-eabi-gcc/9-2019-q4-major/gcc/bin/../lib/gcc/arm-none-eabi/9.2.1/thumb/v7e-m/nofp/crtn.o

MAPPING_TABLE
 *(MAPPING_TABLE)

MB_MEM1
 *(MB_MEM1)

MB_MEM2         0x0000000020030000        0x0
                0x0000000020030000                _sMB_MEM2 = .
 *(MB_MEM2)
                0x0000000020030000                _eMB_MEM2 = .
OUTPUT(wbble.elf elf32-littlearm)

.debug_info     0x0000000000000000    0x17735
 .debug_info    0x0000000000000000      0x51f CMakeFiles/wbble.elf.dir/Core/Src/led.c.obj
 .debug_info    0x000000000000051f     0x1a5c CMakeFiles/wbble.elf.dir/Core/Src/main.c.obj
 .debug_info    0x0000000000001f7b     0x122a CMakeFiles/wbble.elf.dir/Core/Src/stm32wbxx_hal_msp.c.obj
 .debug_info    0x00000000000031a5      0xa63 CMakeFiles/wbble.elf.dir/Core/Src/stm32wbxx_it.c.obj
 .debug_info    0x0000000000003c08      0x6e3 CMakeFiles/wbble.elf.dir/Core/Src/system_stm32wbxx.c.obj
 .debug_info    0x00000000000042eb       0x22 CMakeFiles/wbble.elf.dir/Core/Startup/startup_stm32wb55rgvx.s.obj
 .debug_info    0x000000000000430d     0x18e3 CMakeFiles/wbble.elf.dir/Drivers/STM32WBxx_HAL_Driver/Src/stm32wbxx_hal_3.c.obj
 .debug_info    0x0000000000005bf0     0x1169 CMakeFiles/wbble.elf.dir/Drivers/STM32WBxx_HAL_Driver/Src/stm32wbxx_hal_cortex_3.c.obj
 .debug_info    0x0000000000006d59      0xbdf CMakeFiles/wbble.elf.dir/Drivers/STM32WBxx_HAL_Driver/Src/stm32wbxx_hal_dma_3.c.obj
 .debug_info    0x0000000000007938      0x8ee CMakeFiles/wbble.elf.dir/Drivers/STM32WBxx_HAL_Driver/Src/stm32wbxx_hal_gpio_3.c.obj
 .debug_info    0x0000000000008226      0xc19 CMakeFiles/wbble.elf.dir/Drivers/STM32WBxx_HAL_Driver/Src/stm32wbxx_hal_pwr_3.c.obj
 .debug_info    0x0000000000008e3f     0x1620 CMakeFiles/wbble.elf.dir/Drivers/STM32WBxx_HAL_Driver/Src/stm32wbxx_hal_pwr_ex_3.c.obj
 .debug_info    0x000000000000a45f     0x2612 CMakeFiles/wbble.elf.dir/Drivers/STM32WBxx_HAL_Driver/Src/stm32wbxx_hal_rcc_2.c.obj
 .debug_info    0x000000000000ca71     0x347d CMakeFiles/wbble.elf.dir/Drivers/STM32WBxx_HAL_Driver/Src/stm32wbxx_hal_rcc_ex_3.c.obj
 .debug_info    0x000000000000feee     0x6468 CMakeFiles/wbble.elf.dir/Drivers/STM32WBxx_HAL_Driver/Src/stm32wbxx_hal_uart_3.c.obj
 .debug_info    0x0000000000016356     0x13df CMakeFiles/wbble.elf.dir/Drivers/STM32WBxx_HAL_Driver/Src/stm32wbxx_hal_uart_ex_3.c.obj

.debug_abbrev   0x0000000000000000     0x2878
 .debug_abbrev  0x0000000000000000      0x1a5 CMakeFiles/wbble.elf.dir/Core/Src/led.c.obj
 .debug_abbrev  0x00000000000001a5      0x31d CMakeFiles/wbble.elf.dir/Core/Src/main.c.obj
 .debug_abbrev  0x00000000000004c2      0x274 CMakeFiles/wbble.elf.dir/Core/Src/stm32wbxx_hal_msp.c.obj
 .debug_abbrev  0x0000000000000736      0x180 CMakeFiles/wbble.elf.dir/Core/Src/stm32wbxx_it.c.obj
 .debug_abbrev  0x00000000000008b6      0x179 CMakeFiles/wbble.elf.dir/Core/Src/system_stm32wbxx.c.obj
 .debug_abbrev  0x0000000000000a2f       0x12 CMakeFiles/wbble.elf.dir/Core/Startup/startup_stm32wb55rgvx.s.obj
 .debug_abbrev  0x0000000000000a41      0x366 CMakeFiles/wbble.elf.dir/Drivers/STM32WBxx_HAL_Driver/Src/stm32wbxx_hal_3.c.obj
 .debug_abbrev  0x0000000000000da7      0x387 CMakeFiles/wbble.elf.dir/Drivers/STM32WBxx_HAL_Driver/Src/stm32wbxx_hal_cortex_3.c.obj
 .debug_abbrev  0x000000000000112e      0x255 CMakeFiles/wbble.elf.dir/Drivers/STM32WBxx_HAL_Driver/Src/stm32wbxx_hal_dma_3.c.obj
 .debug_abbrev  0x0000000000001383      0x219 CMakeFiles/wbble.elf.dir/Drivers/STM32WBxx_HAL_Driver/Src/stm32wbxx_hal_gpio_3.c.obj
 .debug_abbrev  0x000000000000159c      0x209 CMakeFiles/wbble.elf.dir/Drivers/STM32WBxx_HAL_Driver/Src/stm32wbxx_hal_pwr_3.c.obj
 .debug_abbrev  0x00000000000017a5      0x36b CMakeFiles/wbble.elf.dir/Drivers/STM32WBxx_HAL_Driver/Src/stm32wbxx_hal_pwr_ex_3.c.obj
 .debug_abbrev  0x0000000000001b10      0x31b CMakeFiles/wbble.elf.dir/Drivers/STM32WBxx_HAL_Driver/Src/stm32wbxx_hal_rcc_2.c.obj
 .debug_abbrev  0x0000000000001e2b      0x414 CMakeFiles/wbble.elf.dir/Drivers/STM32WBxx_HAL_Driver/Src/stm32wbxx_hal_rcc_ex_3.c.obj
 .debug_abbrev  0x000000000000223f      0x32c CMakeFiles/wbble.elf.dir/Drivers/STM32WBxx_HAL_Driver/Src/stm32wbxx_hal_uart_3.c.obj
 .debug_abbrev  0x000000000000256b      0x30d CMakeFiles/wbble.elf.dir/Drivers/STM32WBxx_HAL_Driver/Src/stm32wbxx_hal_uart_ex_3.c.obj

.debug_loc      0x0000000000000000     0xbc69
 .debug_loc     0x0000000000000000       0x7c CMakeFiles/wbble.elf.dir/Core/Src/led.c.obj
 .debug_loc     0x000000000000007c       0x84 CMakeFiles/wbble.elf.dir/Core/Src/main.c.obj
 .debug_loc     0x0000000000000100       0xb7 CMakeFiles/wbble.elf.dir/Core/Src/stm32wbxx_hal_msp.c.obj
 .debug_loc     0x00000000000001b7       0xe6 CMakeFiles/wbble.elf.dir/Core/Src/system_stm32wbxx.c.obj
 .debug_loc     0x000000000000029d      0x492 CMakeFiles/wbble.elf.dir/Drivers/STM32WBxx_HAL_Driver/Src/stm32wbxx_hal_3.c.obj
 .debug_loc     0x000000000000072f      0x6ec CMakeFiles/wbble.elf.dir/Drivers/STM32WBxx_HAL_Driver/Src/stm32wbxx_hal_cortex_3.c.obj
 .debug_loc     0x0000000000000e1b      0x850 CMakeFiles/wbble.elf.dir/Drivers/STM32WBxx_HAL_Driver/Src/stm32wbxx_hal_dma_3.c.obj
 .debug_loc     0x000000000000166b      0x32c CMakeFiles/wbble.elf.dir/Drivers/STM32WBxx_HAL_Driver/Src/stm32wbxx_hal_gpio_3.c.obj
 .debug_loc     0x0000000000001997      0x259 CMakeFiles/wbble.elf.dir/Drivers/STM32WBxx_HAL_Driver/Src/stm32wbxx_hal_pwr_3.c.obj
 .debug_loc     0x0000000000001bf0      0xd26 CMakeFiles/wbble.elf.dir/Drivers/STM32WBxx_HAL_Driver/Src/stm32wbxx_hal_pwr_ex_3.c.obj
 .debug_loc     0x0000000000002916      0xe6b CMakeFiles/wbble.elf.dir/Drivers/STM32WBxx_HAL_Driver/Src/stm32wbxx_hal_rcc_2.c.obj
 .debug_loc     0x0000000000003781     0x1dbe CMakeFiles/wbble.elf.dir/Drivers/STM32WBxx_HAL_Driver/Src/stm32wbxx_hal_rcc_ex_3.c.obj
 .debug_loc     0x000000000000553f     0x5aee CMakeFiles/wbble.elf.dir/Drivers/STM32WBxx_HAL_Driver/Src/stm32wbxx_hal_uart_3.c.obj
 .debug_loc     0x000000000000b02d      0xc3c CMakeFiles/wbble.elf.dir/Drivers/STM32WBxx_HAL_Driver/Src/stm32wbxx_hal_uart_ex_3.c.obj

.debug_aranges  0x0000000000000000      0xb70
 .debug_aranges
                0x0000000000000000       0x40 CMakeFiles/wbble.elf.dir/Core/Src/led.c.obj
 .debug_aranges
                0x0000000000000040       0x48 CMakeFiles/wbble.elf.dir/Core/Src/main.c.obj
 .debug_aranges
                0x0000000000000088       0x30 CMakeFiles/wbble.elf.dir/Core/Src/stm32wbxx_hal_msp.c.obj
 .debug_aranges
                0x00000000000000b8       0x70 CMakeFiles/wbble.elf.dir/Core/Src/stm32wbxx_it.c.obj
 .debug_aranges
                0x0000000000000128       0x28 CMakeFiles/wbble.elf.dir/Core/Src/system_stm32wbxx.c.obj
 .debug_aranges
                0x0000000000000150       0x30 CMakeFiles/wbble.elf.dir/Core/Startup/startup_stm32wb55rgvx.s.obj
 .debug_aranges
                0x0000000000000180      0x158 CMakeFiles/wbble.elf.dir/Drivers/STM32WBxx_HAL_Driver/Src/stm32wbxx_hal_3.c.obj
 .debug_aranges
                0x00000000000002d8       0xa0 CMakeFiles/wbble.elf.dir/Drivers/STM32WBxx_HAL_Driver/Src/stm32wbxx_hal_cortex_3.c.obj
 .debug_aranges
                0x0000000000000378       0x90 CMakeFiles/wbble.elf.dir/Drivers/STM32WBxx_HAL_Driver/Src/stm32wbxx_hal_dma_3.c.obj
 .debug_aranges
                0x0000000000000408       0x58 CMakeFiles/wbble.elf.dir/Drivers/STM32WBxx_HAL_Driver/Src/stm32wbxx_hal_gpio_3.c.obj
 .debug_aranges
                0x0000000000000460       0x98 CMakeFiles/wbble.elf.dir/Drivers/STM32WBxx_HAL_Driver/Src/stm32wbxx_hal_pwr_3.c.obj
 .debug_aranges
                0x00000000000004f8      0x1b8 CMakeFiles/wbble.elf.dir/Drivers/STM32WBxx_HAL_Driver/Src/stm32wbxx_hal_pwr_ex_3.c.obj
 .debug_aranges
                0x00000000000006b0       0xa8 CMakeFiles/wbble.elf.dir/Drivers/STM32WBxx_HAL_Driver/Src/stm32wbxx_hal_rcc_2.c.obj
 .debug_aranges
                0x0000000000000758      0x130 CMakeFiles/wbble.elf.dir/Drivers/STM32WBxx_HAL_Driver/Src/stm32wbxx_hal_rcc_ex_3.c.obj
 .debug_aranges
                0x0000000000000888      0x248 CMakeFiles/wbble.elf.dir/Drivers/STM32WBxx_HAL_Driver/Src/stm32wbxx_hal_uart_3.c.obj
 .debug_aranges
                0x0000000000000ad0       0xa0 CMakeFiles/wbble.elf.dir/Drivers/STM32WBxx_HAL_Driver/Src/stm32wbxx_hal_uart_ex_3.c.obj

.debug_ranges   0x0000000000000000      0xf38
 .debug_ranges  0x0000000000000000       0x30 CMakeFiles/wbble.elf.dir/Core/Src/led.c.obj
 .debug_ranges  0x0000000000000030       0x38 CMakeFiles/wbble.elf.dir/Core/Src/main.c.obj
 .debug_ranges  0x0000000000000068       0x20 CMakeFiles/wbble.elf.dir/Core/Src/stm32wbxx_hal_msp.c.obj
 .debug_ranges  0x0000000000000088       0x60 CMakeFiles/wbble.elf.dir/Core/Src/stm32wbxx_it.c.obj
 .debug_ranges  0x00000000000000e8       0x18 CMakeFiles/wbble.elf.dir/Core/Src/system_stm32wbxx.c.obj
 .debug_ranges  0x0000000000000100       0x28 CMakeFiles/wbble.elf.dir/Core/Startup/startup_stm32wb55rgvx.s.obj
 .debug_ranges  0x0000000000000128      0x160 CMakeFiles/wbble.elf.dir/Drivers/STM32WBxx_HAL_Driver/Src/stm32wbxx_hal_3.c.obj
 .debug_ranges  0x0000000000000288       0xf0 CMakeFiles/wbble.elf.dir/Drivers/STM32WBxx_HAL_Driver/Src/stm32wbxx_hal_cortex_3.c.obj
 .debug_ranges  0x0000000000000378       0x80 CMakeFiles/wbble.elf.dir/Drivers/STM32WBxx_HAL_Driver/Src/stm32wbxx_hal_dma_3.c.obj
 .debug_ranges  0x00000000000003f8       0x48 CMakeFiles/wbble.elf.dir/Drivers/STM32WBxx_HAL_Driver/Src/stm32wbxx_hal_gpio_3.c.obj
 .debug_ranges  0x0000000000000440       0x88 CMakeFiles/wbble.elf.dir/Drivers/STM32WBxx_HAL_Driver/Src/stm32wbxx_hal_pwr_3.c.obj
 .debug_ranges  0x00000000000004c8      0x1d8 CMakeFiles/wbble.elf.dir/Drivers/STM32WBxx_HAL_Driver/Src/stm32wbxx_hal_pwr_ex_3.c.obj
 .debug_ranges  0x00000000000006a0      0x1b0 CMakeFiles/wbble.elf.dir/Drivers/STM32WBxx_HAL_Driver/Src/stm32wbxx_hal_rcc_2.c.obj
 .debug_ranges  0x0000000000000850      0x420 CMakeFiles/wbble.elf.dir/Drivers/STM32WBxx_HAL_Driver/Src/stm32wbxx_hal_rcc_ex_3.c.obj
 .debug_ranges  0x0000000000000c70      0x238 CMakeFiles/wbble.elf.dir/Drivers/STM32WBxx_HAL_Driver/Src/stm32wbxx_hal_uart_3.c.obj
 .debug_ranges  0x0000000000000ea8       0x90 CMakeFiles/wbble.elf.dir/Drivers/STM32WBxx_HAL_Driver/Src/stm32wbxx_hal_uart_ex_3.c.obj

.debug_line     0x0000000000000000    0x10557
 .debug_line    0x0000000000000000      0x345 CMakeFiles/wbble.elf.dir/Core/Src/led.c.obj
 .debug_line    0x0000000000000345      0x6cf CMakeFiles/wbble.elf.dir/Core/Src/main.c.obj
 .debug_line    0x0000000000000a14      0x45f CMakeFiles/wbble.elf.dir/Core/Src/stm32wbxx_hal_msp.c.obj
 .debug_line    0x0000000000000e73      0x3c0 CMakeFiles/wbble.elf.dir/Core/Src/stm32wbxx_it.c.obj
 .debug_line    0x0000000000001233      0x3b7 CMakeFiles/wbble.elf.dir/Core/Src/system_stm32wbxx.c.obj
 .debug_line    0x00000000000015ea       0xab CMakeFiles/wbble.elf.dir/Core/Startup/startup_stm32wb55rgvx.s.obj
 .debug_line    0x0000000000001695      0xab6 CMakeFiles/wbble.elf.dir/Drivers/STM32WBxx_HAL_Driver/Src/stm32wbxx_hal_3.c.obj
 .debug_line    0x000000000000214b      0x821 CMakeFiles/wbble.elf.dir/Drivers/STM32WBxx_HAL_Driver/Src/stm32wbxx_hal_cortex_3.c.obj
 .debug_line    0x000000000000296c      0xd44 CMakeFiles/wbble.elf.dir/Drivers/STM32WBxx_HAL_Driver/Src/stm32wbxx_hal_dma_3.c.obj
 .debug_line    0x00000000000036b0      0x77d CMakeFiles/wbble.elf.dir/Drivers/STM32WBxx_HAL_Driver/Src/stm32wbxx_hal_gpio_3.c.obj
 .debug_line    0x0000000000003e2d      0x594 CMakeFiles/wbble.elf.dir/Drivers/STM32WBxx_HAL_Driver/Src/stm32wbxx_hal_pwr_3.c.obj
 .debug_line    0x00000000000043c1      0xe67 CMakeFiles/wbble.elf.dir/Drivers/STM32WBxx_HAL_Driver/Src/stm32wbxx_hal_pwr_ex_3.c.obj
 .debug_line    0x0000000000005228     0x1bd6 CMakeFiles/wbble.elf.dir/Drivers/STM32WBxx_HAL_Driver/Src/stm32wbxx_hal_rcc_2.c.obj
 .debug_line    0x0000000000006dfe     0x2670 CMakeFiles/wbble.elf.dir/Drivers/STM32WBxx_HAL_Driver/Src/stm32wbxx_hal_rcc_ex_3.c.obj
 .debug_line    0x000000000000946e     0x6330 CMakeFiles/wbble.elf.dir/Drivers/STM32WBxx_HAL_Driver/Src/stm32wbxx_hal_uart_3.c.obj
 .debug_line    0x000000000000f79e      0xdb9 CMakeFiles/wbble.elf.dir/Drivers/STM32WBxx_HAL_Driver/Src/stm32wbxx_hal_uart_ex_3.c.obj

.debug_str      0x0000000000000000     0x5202
 .debug_str     0x0000000000000000      0x3b4 CMakeFiles/wbble.elf.dir/Core/Src/led.c.obj
                                        0x40a (size before relaxing)
 .debug_str     0x00000000000003b4     0x1015 CMakeFiles/wbble.elf.dir/Core/Src/main.c.obj
                                       0x149c (size before relaxing)
 .debug_str     0x00000000000013c9       0xe3 CMakeFiles/wbble.elf.dir/Core/Src/stm32wbxx_hal_msp.c.obj
                                       0x1055 (size before relaxing)
 .debug_str     0x00000000000014ac      0x123 CMakeFiles/wbble.elf.dir/Core/Src/stm32wbxx_it.c.obj
                                        0x972 (size before relaxing)
 .debug_str     0x00000000000015cf       0x7e CMakeFiles/wbble.elf.dir/Core/Src/system_stm32wbxx.c.obj
                                        0x5d4 (size before relaxing)
 .debug_str     0x000000000000164d       0x50 CMakeFiles/wbble.elf.dir/Core/Startup/startup_stm32wb55rgvx.s.obj
                                         0x6d (size before relaxing)
 .debug_str     0x000000000000169d      0x937 CMakeFiles/wbble.elf.dir/Drivers/STM32WBxx_HAL_Driver/Src/stm32wbxx_hal_3.c.obj
                                       0x138c (size before relaxing)
 .debug_str     0x0000000000001fd4      0x469 CMakeFiles/wbble.elf.dir/Drivers/STM32WBxx_HAL_Driver/Src/stm32wbxx_hal_cortex_3.c.obj
                                        0xcdd (size before relaxing)
 .debug_str     0x000000000000243d      0x29b CMakeFiles/wbble.elf.dir/Drivers/STM32WBxx_HAL_Driver/Src/stm32wbxx_hal_dma_3.c.obj
                                        0x91a (size before relaxing)
 .debug_str     0x00000000000026d8      0x122 CMakeFiles/wbble.elf.dir/Drivers/STM32WBxx_HAL_Driver/Src/stm32wbxx_hal_gpio_3.c.obj
                                        0x60e (size before relaxing)
 .debug_str     0x00000000000027fa      0x35c CMakeFiles/wbble.elf.dir/Drivers/STM32WBxx_HAL_Driver/Src/stm32wbxx_hal_pwr_3.c.obj
                                        0x857 (size before relaxing)
 .debug_str     0x0000000000002b56      0x8a0 CMakeFiles/wbble.elf.dir/Drivers/STM32WBxx_HAL_Driver/Src/stm32wbxx_hal_pwr_ex_3.c.obj
                                        0xf00 (size before relaxing)
 .debug_str     0x00000000000033f6      0x808 CMakeFiles/wbble.elf.dir/Drivers/STM32WBxx_HAL_Driver/Src/stm32wbxx_hal_rcc_2.c.obj
                                       0x1185 (size before relaxing)
 .debug_str     0x0000000000003bfe      0xb4e CMakeFiles/wbble.elf.dir/Drivers/STM32WBxx_HAL_Driver/Src/stm32wbxx_hal_rcc_ex_3.c.obj
                                       0x172a (size before relaxing)
 .debug_str     0x000000000000474c      0x86b CMakeFiles/wbble.elf.dir/Drivers/STM32WBxx_HAL_Driver/Src/stm32wbxx_hal_uart_3.c.obj
                                       0x1476 (size before relaxing)
 .debug_str     0x0000000000004fb7      0x24b CMakeFiles/wbble.elf.dir/Drivers/STM32WBxx_HAL_Driver/Src/stm32wbxx_hal_uart_ex_3.c.obj
                                        0xc93 (size before relaxing)

.comment        0x0000000000000000       0x79
 .comment       0x0000000000000000       0x79 CMakeFiles/wbble.elf.dir/Core/Src/led.c.obj
                                         0x7a (size before relaxing)
 .comment       0x0000000000000079       0x7a CMakeFiles/wbble.elf.dir/Core/Src/main.c.obj
 .comment       0x0000000000000079       0x7a CMakeFiles/wbble.elf.dir/Core/Src/stm32wbxx_hal_msp.c.obj
 .comment       0x0000000000000079       0x7a CMakeFiles/wbble.elf.dir/Core/Src/stm32wbxx_it.c.obj
 .comment       0x0000000000000079       0x7a CMakeFiles/wbble.elf.dir/Core/Src/system_stm32wbxx.c.obj
 .comment       0x0000000000000079       0x7a CMakeFiles/wbble.elf.dir/Drivers/STM32WBxx_HAL_Driver/Src/stm32wbxx_hal_3.c.obj
 .comment       0x0000000000000079       0x7a CMakeFiles/wbble.elf.dir/Drivers/STM32WBxx_HAL_Driver/Src/stm32wbxx_hal_cortex_3.c.obj
 .comment       0x0000000000000079       0x7a CMakeFiles/wbble.elf.dir/Drivers/STM32WBxx_HAL_Driver/Src/stm32wbxx_hal_dma_3.c.obj
 .comment       0x0000000000000079       0x7a CMakeFiles/wbble.elf.dir/Drivers/STM32WBxx_HAL_Driver/Src/stm32wbxx_hal_gpio_3.c.obj
 .comment       0x0000000000000079       0x7a CMakeFiles/wbble.elf.dir/Drivers/STM32WBxx_HAL_Driver/Src/stm32wbxx_hal_pwr_3.c.obj
 .comment       0x0000000000000079       0x7a CMakeFiles/wbble.elf.dir/Drivers/STM32WBxx_HAL_Driver/Src/stm32wbxx_hal_pwr_ex_3.c.obj
 .comment       0x0000000000000079       0x7a CMakeFiles/wbble.elf.dir/Drivers/STM32WBxx_HAL_Driver/Src/stm32wbxx_hal_rcc_2.c.obj
 .comment       0x0000000000000079       0x7a CMakeFiles/wbble.elf.dir/Drivers/STM32WBxx_HAL_Driver/Src/stm32wbxx_hal_rcc_ex_3.c.obj
 .comment       0x0000000000000079       0x7a CMakeFiles/wbble.elf.dir/Drivers/STM32WBxx_HAL_Driver/Src/stm32wbxx_hal_uart_3.c.obj
 .comment       0x0000000000000079       0x7a CMakeFiles/wbble.elf.dir/Drivers/STM32WBxx_HAL_Driver/Src/stm32wbxx_hal_uart_ex_3.c.obj

.debug_frame    0x0000000000000000     0x1cec
 .debug_frame   0x0000000000000000       0x88 CMakeFiles/wbble.elf.dir/Core/Src/led.c.obj
 .debug_frame   0x0000000000000088       0xb0 CMakeFiles/wbble.elf.dir/Core/Src/main.c.obj
 .debug_frame   0x0000000000000138       0x5c CMakeFiles/wbble.elf.dir/Core/Src/stm32wbxx_hal_msp.c.obj
 .debug_frame   0x0000000000000194       0xd8 CMakeFiles/wbble.elf.dir/Core/Src/stm32wbxx_it.c.obj
 .debug_frame   0x000000000000026c       0x30 CMakeFiles/wbble.elf.dir/Core/Src/system_stm32wbxx.c.obj
 .debug_frame   0x000000000000029c      0x2cc CMakeFiles/wbble.elf.dir/Drivers/STM32WBxx_HAL_Driver/Src/stm32wbxx_hal_3.c.obj
 .debug_frame   0x0000000000000568      0x14c CMakeFiles/wbble.elf.dir/Drivers/STM32WBxx_HAL_Driver/Src/stm32wbxx_hal_cortex_3.c.obj
 .debug_frame   0x00000000000006b4      0x178 CMakeFiles/wbble.elf.dir/Drivers/STM32WBxx_HAL_Driver/Src/stm32wbxx_hal_dma_3.c.obj
 .debug_frame   0x000000000000082c       0xd0 CMakeFiles/wbble.elf.dir/Drivers/STM32WBxx_HAL_Driver/Src/stm32wbxx_hal_gpio_3.c.obj
 .debug_frame   0x00000000000008fc      0x120 CMakeFiles/wbble.elf.dir/Drivers/STM32WBxx_HAL_Driver/Src/stm32wbxx_hal_pwr_3.c.obj
 .debug_frame   0x0000000000000a1c      0x378 CMakeFiles/wbble.elf.dir/Drivers/STM32WBxx_HAL_Driver/Src/stm32wbxx_hal_pwr_ex_3.c.obj
 .debug_frame   0x0000000000000d94      0x1dc CMakeFiles/wbble.elf.dir/Drivers/STM32WBxx_HAL_Driver/Src/stm32wbxx_hal_rcc_2.c.obj
 .debug_frame   0x0000000000000f70      0x2dc CMakeFiles/wbble.elf.dir/Drivers/STM32WBxx_HAL_Driver/Src/stm32wbxx_hal_rcc_ex_3.c.obj
 .debug_frame   0x000000000000124c      0x680 CMakeFiles/wbble.elf.dir/Drivers/STM32WBxx_HAL_Driver/Src/stm32wbxx_hal_uart_3.c.obj
 .debug_frame   0x00000000000018cc      0x1c8 CMakeFiles/wbble.elf.dir/Drivers/STM32WBxx_HAL_Driver/Src/stm32wbxx_hal_uart_ex_3.c.obj
 .debug_frame   0x0000000000001a94       0x2c /opt/homebrew/Cellar/arm-none-eabi-gcc/9-2019-q4-major/gcc/bin/../lib/gcc/arm-none-eabi/9.2.1/thumb/v7e-m/nofp/libgcc.a(_aeabi_uldivmod.o)
 .debug_frame   0x0000000000001ac0       0x34 /opt/homebrew/Cellar/arm-none-eabi-gcc/9-2019-q4-major/gcc/bin/../lib/gcc/arm-none-eabi/9.2.1/thumb/v7e-m/nofp/libgcc.a(_udivmoddi4.o)
 .debug_frame   0x0000000000001af4       0x2c /opt/homebrew/Cellar/arm-none-eabi-gcc/9-2019-q4-major/gcc/bin/../lib/gcc/arm-none-eabi/9.2.1/../../../../arm-none-eabi/lib/thumb/v7e-m/nofp/libg.a(lib_a-init.o)
 .debug_frame   0x0000000000001b20       0x38 /opt/homebrew/Cellar/arm-none-eabi-gcc/9-2019-q4-major/gcc/bin/../lib/gcc/arm-none-eabi/9.2.1/../../../../arm-none-eabi/lib/thumb/v7e-m/nofp/libg.a(lib_a-memset.o)
 .debug_frame   0x0000000000001b58       0x5c /opt/homebrew/Cellar/arm-none-eabi-gcc/9-2019-q4-major/gcc/bin/../lib/gcc/arm-none-eabi/9.2.1/../../../../arm-none-eabi/lib/thumb/v7e-m/nofp/libg.a(lib_a-__call_atexit.o)
 .debug_frame   0x0000000000001bb4       0x20 /opt/homebrew/Cellar/arm-none-eabi-gcc/9-2019-q4-major/gcc/bin/../lib/gcc/arm-none-eabi/9.2.1/../../../../arm-none-eabi/lib/thumb/v7e-m/nofp/libg.a(lib_a-atexit.o)
 .debug_frame   0x0000000000001bd4       0x34 /opt/homebrew/Cellar/arm-none-eabi-gcc/9-2019-q4-major/gcc/bin/../lib/gcc/arm-none-eabi/9.2.1/../../../../arm-none-eabi/lib/thumb/v7e-m/nofp/libg.a(lib_a-fini.o)
 .debug_frame   0x0000000000001c08       0xb0 /opt/homebrew/Cellar/arm-none-eabi-gcc/9-2019-q4-major/gcc/bin/../lib/gcc/arm-none-eabi/9.2.1/../../../../arm-none-eabi/lib/thumb/v7e-m/nofp/libg.a(lib_a-lock.o)
 .debug_frame   0x0000000000001cb8       0x34 /opt/homebrew/Cellar/arm-none-eabi-gcc/9-2019-q4-major/gcc/bin/../lib/gcc/arm-none-eabi/9.2.1/../../../../arm-none-eabi/lib/thumb/v7e-m/nofp/libg.a(lib_a-__atexit.o)
