Archive member included to satisfy reference by file (symbol)

/opt/homebrew/Cellar/arm-none-eabi-gcc/9-2019-q4-major/gcc/bin/../lib/gcc/arm-none-eabi/9.2.1/thumb/v7e-m/nofp/libgcc.a(_aeabi_uldivmod.o)
                              CMakeFiles/wbble.elf.dir/Drivers/STM32WBxx_HAL_Driver/Src/stm32wbxx_hal_uart.c.obj (__aeabi_uldivmod)
/opt/homebrew/Cellar/arm-none-eabi-gcc/9-2019-q4-major/gcc/bin/../lib/gcc/arm-none-eabi/9.2.1/thumb/v7e-m/nofp/libgcc.a(_udivmoddi4.o)
                              /opt/homebrew/Cellar/arm-none-eabi-gcc/9-2019-q4-major/gcc/bin/../lib/gcc/arm-none-eabi/9.2.1/thumb/v7e-m/nofp/libgcc.a(_aeabi_uldivmod.o) (__udivmoddi4)
/opt/homebrew/Cellar/arm-none-eabi-gcc/9-2019-q4-major/gcc/bin/../lib/gcc/arm-none-eabi/9.2.1/thumb/v7e-m/nofp/libgcc.a(_dvmd_tls.o)
                              /opt/homebrew/Cellar/arm-none-eabi-gcc/9-2019-q4-major/gcc/bin/../lib/gcc/arm-none-eabi/9.2.1/thumb/v7e-m/nofp/libgcc.a(_aeabi_uldivmod.o) (__aeabi_ldiv0)
/opt/homebrew/Cellar/arm-none-eabi-gcc/9-2019-q4-major/gcc/bin/../lib/gcc/arm-none-eabi/9.2.1/../../../../arm-none-eabi/lib/thumb/v7e-m/nofp/libg.a(lib_a-errno.o)
                              CMakeFiles/wbble.elf.dir/Core/Src/syscalls.c.obj (__errno)
/opt/homebrew/Cellar/arm-none-eabi-gcc/9-2019-q4-major/gcc/bin/../lib/gcc/arm-none-eabi/9.2.1/../../../../arm-none-eabi/lib/thumb/v7e-m/nofp/libg.a(lib_a-exit.o)
                              /opt/homebrew/Cellar/arm-none-eabi-gcc/9-2019-q4-major/gcc/bin/../lib/gcc/arm-none-eabi/9.2.1/../../../../arm-none-eabi/lib/thumb/v7e-m/nofp/crt0.o (exit)
/opt/homebrew/Cellar/arm-none-eabi-gcc/9-2019-q4-major/gcc/bin/../lib/gcc/arm-none-eabi/9.2.1/../../../../arm-none-eabi/lib/thumb/v7e-m/nofp/libg.a(lib_a-impure.o)
                              /opt/homebrew/Cellar/arm-none-eabi-gcc/9-2019-q4-major/gcc/bin/../lib/gcc/arm-none-eabi/9.2.1/../../../../arm-none-eabi/lib/thumb/v7e-m/nofp/libg.a(lib_a-exit.o) (_global_impure_ptr)
/opt/homebrew/Cellar/arm-none-eabi-gcc/9-2019-q4-major/gcc/bin/../lib/gcc/arm-none-eabi/9.2.1/../../../../arm-none-eabi/lib/thumb/v7e-m/nofp/libg.a(lib_a-init.o)
                              /opt/homebrew/Cellar/arm-none-eabi-gcc/9-2019-q4-major/gcc/bin/../lib/gcc/arm-none-eabi/9.2.1/../../../../arm-none-eabi/lib/thumb/v7e-m/nofp/crt0.o (__libc_init_array)
/opt/homebrew/Cellar/arm-none-eabi-gcc/9-2019-q4-major/gcc/bin/../lib/gcc/arm-none-eabi/9.2.1/../../../../arm-none-eabi/lib/thumb/v7e-m/nofp/libg.a(lib_a-memset.o)
                              /opt/homebrew/Cellar/arm-none-eabi-gcc/9-2019-q4-major/gcc/bin/../lib/gcc/arm-none-eabi/9.2.1/../../../../arm-none-eabi/lib/thumb/v7e-m/nofp/crt0.o (memset)
/opt/homebrew/Cellar/arm-none-eabi-gcc/9-2019-q4-major/gcc/bin/../lib/gcc/arm-none-eabi/9.2.1/../../../../arm-none-eabi/lib/thumb/v7e-m/nofp/libg.a(lib_a-__call_atexit.o)
                              /opt/homebrew/Cellar/arm-none-eabi-gcc/9-2019-q4-major/gcc/bin/../lib/gcc/arm-none-eabi/9.2.1/../../../../arm-none-eabi/lib/thumb/v7e-m/nofp/libg.a(lib_a-exit.o) (__call_exitprocs)
/opt/homebrew/Cellar/arm-none-eabi-gcc/9-2019-q4-major/gcc/bin/../lib/gcc/arm-none-eabi/9.2.1/../../../../arm-none-eabi/lib/thumb/v7e-m/nofp/libg.a(lib_a-atexit.o)
                              /opt/homebrew/Cellar/arm-none-eabi-gcc/9-2019-q4-major/gcc/bin/../lib/gcc/arm-none-eabi/9.2.1/../../../../arm-none-eabi/lib/thumb/v7e-m/nofp/libg.a(lib_a-__call_atexit.o) (atexit)
/opt/homebrew/Cellar/arm-none-eabi-gcc/9-2019-q4-major/gcc/bin/../lib/gcc/arm-none-eabi/9.2.1/../../../../arm-none-eabi/lib/thumb/v7e-m/nofp/libg.a(lib_a-fini.o)
                              /opt/homebrew/Cellar/arm-none-eabi-gcc/9-2019-q4-major/gcc/bin/../lib/gcc/arm-none-eabi/9.2.1/../../../../arm-none-eabi/lib/thumb/v7e-m/nofp/libg.a(lib_a-__call_atexit.o) (__libc_fini_array)
/opt/homebrew/Cellar/arm-none-eabi-gcc/9-2019-q4-major/gcc/bin/../lib/gcc/arm-none-eabi/9.2.1/../../../../arm-none-eabi/lib/thumb/v7e-m/nofp/libg.a(lib_a-lock.o)
                              /opt/homebrew/Cellar/arm-none-eabi-gcc/9-2019-q4-major/gcc/bin/../lib/gcc/arm-none-eabi/9.2.1/../../../../arm-none-eabi/lib/thumb/v7e-m/nofp/libg.a(lib_a-__call_atexit.o) (__retarget_lock_acquire_recursive)
/opt/homebrew/Cellar/arm-none-eabi-gcc/9-2019-q4-major/gcc/bin/../lib/gcc/arm-none-eabi/9.2.1/../../../../arm-none-eabi/lib/thumb/v7e-m/nofp/libg.a(lib_a-__atexit.o)
                              /opt/homebrew/Cellar/arm-none-eabi-gcc/9-2019-q4-major/gcc/bin/../lib/gcc/arm-none-eabi/9.2.1/../../../../arm-none-eabi/lib/thumb/v7e-m/nofp/libg.a(lib_a-atexit.o) (__register_exitproc)

Allocating common symbols
Common symbol       size              file

__lock___atexit_recursive_mutex
                    0x1               /opt/homebrew/Cellar/arm-none-eabi-gcc/9-2019-q4-major/gcc/bin/../lib/gcc/arm-none-eabi/9.2.1/../../../../arm-none-eabi/lib/thumb/v7e-m/nofp/libg.a(lib_a-lock.o)
__lock___arc4random_mutex
[...]
Memory Configuration

Name             Origin             Length             Attributes
FLASH            0x0000000008000000 0x0000000000080000 xr
RAM1             0x0000000020000004 0x000000000002fffc xrw
RAM_SHARED       0x0000000020030000 0x0000000000002800 xrw
*default*        0x0000000000000000 0xffffffffffffffff

Linker script and memory map

LOAD /opt/homebrew/Cellar/arm-none-eabi-gcc/9-2019-q4-major/gcc/bin/../lib/gcc/arm-none-eabi/9.2.1/thumb/v7e-m/nofp/crti.o
LOAD /opt/homebrew/Cellar/arm-none-eabi-gcc/9-2019-q4-major/gcc/bin/../lib/gcc/arm-none-eabi/9.2.1/thumb/v7e-m/nofp/crtbegin.o
LOAD /opt/homebrew/Cellar/arm-none-eabi-gcc/9-2019-q4-major/gcc/bin/../lib/gcc/arm-none-eabi/9.2.1/../../../../arm-none-eabi/lib/thumb/v7e-m/nofp/crt0.o
LOAD CMakeFiles/wbble.elf.dir/Core/Src/led.c.obj
LOAD CMakeFiles/wbble.elf.dir/Core/Src/main.c.obj
LOAD CMakeFiles/wbble.elf.dir/Core/Src/stm32wbxx_hal_msp.c.obj
LOAD CMakeFiles/wbble.elf.dir/Core/Src/stm32wbxx_it.c.obj
LOAD CMakeFiles/wbble.elf.dir/Core/Src/syscalls.c.obj
LOAD CMakeFiles/wbble.elf.dir/Core/Src/sysmem.c.obj
LOAD CMakeFiles/wbble.elf.dir/Core/Src/system_stm32wbxx.c.obj
LOAD CMakeFiles/wbble.elf.dir/Core/Startup/startup_stm32wb55rgvx.s.obj
LOAD CMakeFiles/wbble.elf.dir/Drivers/STM32WBxx_HAL_Driver/Src/stm32wbxx_hal.c.obj
LOAD CMakeFiles/wbble.elf.dir/Drivers/STM32WBxx_HAL_Driver/Src/stm32wbxx_hal_cortex.c.obj
LOAD CMakeFiles/wbble.elf.dir/Drivers/STM32WBxx_HAL_Driver/Src/stm32wbxx_hal_dma.c.obj
LOAD CMakeFiles/wbble.elf.dir/Drivers/STM32WBxx_HAL_Driver/Src/stm32wbxx_hal_dma_ex.c.obj
LOAD CMakeFiles/wbble.elf.dir/Drivers/STM32WBxx_HAL_Driver/Src/stm32wbxx_hal_exti.c.obj
LOAD CMakeFiles/wbble.elf.dir/Drivers/STM32WBxx_HAL_Driver/Src/stm32wbxx_hal_flash.c.obj
LOAD CMakeFiles/wbble.elf.dir/Drivers/STM32WBxx_HAL_Driver/Src/stm32wbxx_hal_flash_ex.c.obj
LOAD CMakeFiles/wbble.elf.dir/Drivers/STM32WBxx_HAL_Driver/Src/stm32wbxx_hal_gpio.c.obj
LOAD CMakeFiles/wbble.elf.dir/Drivers/STM32WBxx_HAL_Driver/Src/stm32wbxx_hal_hsem.c.obj
LOAD CMakeFiles/wbble.elf.dir/Drivers/STM32WBxx_HAL_Driver/Src/stm32wbxx_hal_pcd.c.obj
LOAD CMakeFiles/wbble.elf.dir/Drivers/STM32WBxx_HAL_Driver/Src/stm32wbxx_hal_pcd_ex.c.obj
LOAD CMakeFiles/wbble.elf.dir/Drivers/STM32WBxx_HAL_Driver/Src/stm32wbxx_hal_pwr.c.obj
LOAD CMakeFiles/wbble.elf.dir/Drivers/STM32WBxx_HAL_Driver/Src/stm32wbxx_hal_pwr_ex.c.obj
LOAD CMakeFiles/wbble.elf.dir/Drivers/STM32WBxx_HAL_Driver/Src/stm32wbxx_hal_rcc.c.obj
LOAD CMakeFiles/wbble.elf.dir/Drivers/STM32WBxx_HAL_Driver/Src/stm32wbxx_hal_rcc_ex.c.obj
LOAD CMakeFiles/wbble.elf.dir/Drivers/STM32WBxx_HAL_Driver/Src/stm32wbxx_hal_tim.c.obj
LOAD CMakeFiles/wbble.elf.dir/Drivers/STM32WBxx_HAL_Driver/Src/stm32wbxx_hal_tim_ex.c.obj
LOAD CMakeFiles/wbble.elf.dir/Drivers/STM32WBxx_HAL_Driver/Src/stm32wbxx_hal_uart.c.obj
LOAD CMakeFiles/wbble.elf.dir/Drivers/STM32WBxx_HAL_Driver/Src/stm32wbxx_hal_uart_ex.c.obj
LOAD CMakeFiles/wbble.elf.dir/Drivers/STM32WBxx_HAL_Driver/Src/stm32wbxx_ll_usb.c.obj
START GROUP
LOAD /opt/homebrew/Cellar/arm-none-eabi-gcc/9-2019-q4-major/gcc/bin/../lib/gcc/arm-none-eabi/9.2.1/thumb/v7e-m/nofp/libgcc.a
LOAD /opt/homebrew/Cellar/arm-none-eabi-gcc/9-2019-q4-major/gcc/bin/../lib/gcc/arm-none-eabi/9.2.1/../../../../arm-none-eabi/lib/thumb/v7e-m/nofp/libg.a
LOAD /opt/homebrew/Cellar/arm-none-eabi-gcc/9-2019-q4-major/gcc/bin/../lib/gcc/arm-none-eabi/9.2.1/../../../../arm-none-eabi/lib/thumb/v7e-m/nofp/libc.a
END GROUP
LOAD /opt/homebrew/Cellar/arm-none-eabi-gcc/9-2019-q4-major/gcc/bin/../lib/gcc/arm-none-eabi/9.2.1/thumb/v7e-m/nofp/crtend.o
LOAD /opt/homebrew/Cellar/arm-none-eabi-gcc/9-2019-q4-major/gcc/bin/../lib/gcc/arm-none-eabi/9.2.1/thumb/v7e-m/nofp/crtn.o
                0x0000000020030000                _estack = (ORIGIN (RAM1) + LENGTH (RAM1))
                0x0000000000000200                _Min_Heap_Size = 0x200
                0x0000000000000400                _Min_Stack_Size = 0x400

.isr_vector     0x0000000008000000      0x13c
                0x0000000008000000                . = ALIGN (0x4)
 *(.isr_vector)
 .isr_vector    0x0000000008000000      0x13c CMakeFiles/wbble.elf.dir/Core/Startup/startup_stm32wb55rgvx.s.obj
                0x0000000008000000                g_pfnVectors
                0x000000000800013c                . = ALIGN (0x4)

.text           0x000000000800013c     0x2468
                0x000000000800013c                . = ALIGN (0x4)
 *(.text)
 .text          0x000000000800013c       0x40 /opt/homebrew/Cellar/arm-none-eabi-gcc/9-2019-q4-major/gcc/bin/../lib/gcc/arm-none-eabi/9.2.1/thumb/v7e-m/nofp/crtbegin.o
 .text          0x000000000800017c       0x30 /opt/homebrew/Cellar/arm-none-eabi-gcc/9-2019-q4-major/gcc/bin/../lib/gcc/arm-none-eabi/9.2.1/thumb/v7e-m/nofp/libgcc.a(_aeabi_uldivmod.o)
                0x000000000800017c                __aeabi_uldivmod
 .text          0x00000000080001ac      0x2c0 /opt/homebrew/Cellar/arm-none-eabi-gcc/9-2019-q4-major/gcc/bin/../lib/gcc/arm-none-eabi/9.2.1/thumb/v7e-m/nofp/libgcc.a(_udivmoddi4.o)
                0x00000000080001ac                __udivmoddi4
 .text          0x000000000800046c        0x4 /opt/homebrew/Cellar/arm-none-eabi-gcc/9-2019-q4-major/gcc/bin/../lib/gcc/arm-none-eabi/9.2.1/thumb/v7e-m/nofp/libgcc.a(_dvmd_tls.o)
                0x000000000800046c                __aeabi_ldiv0
                0x000000000800046c                __aeabi_idiv0
 *(.text*)
 .text.MX_GPIO_Init
                0x0000000008000470       0xac CMakeFiles/wbble.elf.dir/Core/Src/main.c.obj
 .text.Error_Handler
                0x000000000800051c        0x4 CMakeFiles/wbble.elf.dir/Core/Src/main.c.obj
                0x000000000800051c                Error_Handler
 .text.MX_USART1_UART_Init
                0x0000000008000520       0x64 CMakeFiles/wbble.elf.dir/Core/Src/main.c.obj
 .text.MX_USB_PCD_Init
                0x0000000008000584       0x30 CMakeFiles/wbble.elf.dir/Core/Src/main.c.obj
 .text.SystemClock_Config
                0x00000000080005b4      0x10a CMakeFiles/wbble.elf.dir/Core/Src/main.c.obj
                0x00000000080005b4                SystemClock_Config
 *fill*         0x00000000080006be        0x2 
 .text.main     0x00000000080006c0       0x4c CMakeFiles/wbble.elf.dir/Core/Src/main.c.obj
                0x00000000080006c0                main
 .text.HAL_MspInit
                0x000000000800070c        0x2 CMakeFiles/wbble.elf.dir/Core/Src/stm32wbxx_hal_msp.c.obj
                0x000000000800070c                HAL_MspInit
 *fill*         0x000000000800070e        0x2 
 .text.HAL_UART_MspInit
                0x0000000008000710       0x6c CMakeFiles/wbble.elf.dir/Core/Src/stm32wbxx_hal_msp.c.obj
                0x0000000008000710                HAL_UART_MspInit
 .text.HAL_PCD_MspInit
                0x000000000800077c       0x68 CMakeFiles/wbble.elf.dir/Core/Src/stm32wbxx_hal_msp.c.obj
                0x000000000800077c                HAL_PCD_MspInit
 .text.NMI_Handler
                0x00000000080007e4        0x2 CMakeFiles/wbble.elf.dir/Core/Src/stm32wbxx_it.c.obj
                0x00000000080007e4                NMI_Handler
 .text.HardFault_Handler
                0x00000000080007e6        0x2 CMakeFiles/wbble.elf.dir/Core/Src/stm32wbxx_it.c.obj
                0x00000000080007e6                HardFault_Handler
 .text.MemManage_Handler
                0x00000000080007e8        0x2 CMakeFiles/wbble.elf.dir/Core/Src/stm32wbxx_it.c.obj
                0x00000000080007e8                MemManage_Handler
 .text.BusFault_Handler
                0x00000000080007ea        0x2 CMakeFiles/wbble.elf.dir/Core/Src/stm32wbxx_it.c.obj
                0x00000000080007ea                BusFault_Handler
 .text.UsageFault_Handler
                0x00000000080007ec        0x2 CMakeFiles/wbble.elf.dir/Core/Src/stm32wbxx_it.c.obj
                0x00000000080007ec                UsageFault_Handler
 .text.SVC_Handler
                0x00000000080007ee        0x2 CMakeFiles/wbble.elf.dir/Core/Src/stm32wbxx_it.c.obj
                0x00000000080007ee                SVC_Handler
 .text.DebugMon_Handler
                0x00000000080007f0        0x2 CMakeFiles/wbble.elf.dir/Core/Src/stm32wbxx_it.c.obj
                0x00000000080007f0                DebugMon_Handler
 .text.PendSV_Handler
                0x00000000080007f2        0x2 CMakeFiles/wbble.elf.dir/Core/Src/stm32wbxx_it.c.obj
                0x00000000080007f2                PendSV_Handler
 .text.SysTick_Handler
                0x00000000080007f4        0x8 CMakeFiles/wbble.elf.dir/Core/Src/stm32wbxx_it.c.obj
                0x00000000080007f4                SysTick_Handler
 .text.SystemInit
                0x00000000080007fc       0x50 CMakeFiles/wbble.elf.dir/Core/Src/system_stm32wbxx.c.obj
                0x00000000080007fc                SystemInit
 .text.data_initializers
                0x000000000800084c       0x18 CMakeFiles/wbble.elf.dir/Core/Startup/startup_stm32wb55rgvx.s.obj
 .text.Reset_Handler
                0x0000000008000864       0x54 CMakeFiles/wbble.elf.dir/Core/Startup/startup_stm32wb55rgvx.s.obj
                0x0000000008000864                Reset_Handler
 .text.Default_Handler
                0x00000000080008b8        0x2 CMakeFiles/wbble.elf.dir/Core/Startup/startup_stm32wb55rgvx.s.obj
                0x00000000080008b8                DMA2_Channel3_IRQHandler
                0x00000000080008b8                EXTI2_IRQHandler
                0x00000000080008b8                TIM1_CC_IRQHandler
                0x00000000080008b8                TSC_IRQHandler
                0x00000000080008b8                USB_HP_IRQHandler
                0x00000000080008b8                EXTI3_IRQHandler
                0x00000000080008b8                LPTIM2_IRQHandler
                0x00000000080008b8                I2C3_ER_IRQHandler
                0x00000000080008b8                EXTI0_IRQHandler
                0x00000000080008b8                FPU_IRQHandler
                0x00000000080008b8                TIM1_UP_TIM16_IRQHandler
                0x00000000080008b8                AES1_IRQHandler
                0x00000000080008b8                SPI1_IRQHandler
                0x00000000080008b8                PWR_SOTF_BLEACT_802ACT_RFPHASE_IRQHandler
                0x00000000080008b8                DMA2_Channel2_IRQHandler
                0x00000000080008b8                DMA1_Channel4_IRQHandler
                0x00000000080008b8                ADC1_IRQHandler
                0x00000000080008b8                PKA_IRQHandler
                0x00000000080008b8                DMA1_Channel7_IRQHandler
                0x00000000080008b8                LCD_IRQHandler
                0x00000000080008b8                IPCC_C1_TX_IRQHandler
                0x00000000080008b8                DMA2_Channel1_IRQHandler
                0x00000000080008b8                QUADSPI_IRQHandler
                0x00000000080008b8                I2C1_EV_IRQHandler
                0x00000000080008b8                DMAMUX1_OVR_IRQHandler
                0x00000000080008b8                DMA1_Channel6_IRQHandler
                0x00000000080008b8                DMA2_Channel4_IRQHandler
                0x00000000080008b8                RCC_IRQHandler
                0x00000000080008b8                DMA1_Channel1_IRQHandler
                0x00000000080008b8                Default_Handler
                0x00000000080008b8                DMA2_Channel7_IRQHandler
                0x00000000080008b8                EXTI15_10_IRQHandler
                0x00000000080008b8                IPCC_C1_RX_IRQHandler
                0x00000000080008b8                C2SEV_PWR_C2H_IRQHandler
                0x00000000080008b8                AES2_IRQHandler
                0x00000000080008b8                I2C3_EV_IRQHandler
                0x00000000080008b8                EXTI9_5_IRQHandler
                0x00000000080008b8                RTC_WKUP_IRQHandler
                0x00000000080008b8                PVD_PVM_IRQHandler
                0x00000000080008b8                SPI2_IRQHandler
                0x00000000080008b8                DMA2_Channel5_IRQHandler
                0x00000000080008b8                CRS_IRQHandler
                0x00000000080008b8                DMA1_Channel5_IRQHandler
                0x00000000080008b8                USB_LP_IRQHandler
                0x00000000080008b8                EXTI4_IRQHandler
                0x00000000080008b8                RNG_IRQHandler
                0x00000000080008b8                TIM1_TRG_COM_TIM17_IRQHandler
                0x00000000080008b8                TAMP_STAMP_LSECSS_IRQHandler
                0x00000000080008b8                DMA1_Channel3_IRQHandler
                0x00000000080008b8                COMP_IRQHandler
                0x00000000080008b8                HSEM_IRQHandler
                0x00000000080008b8                WWDG_IRQHandler
                0x00000000080008b8                LPUART1_IRQHandler
                0x00000000080008b8                DMA2_Channel6_IRQHandler
                0x00000000080008b8                TIM2_IRQHandler
                0x00000000080008b8                TIM1_BRK_IRQHandler
                0x00000000080008b8                EXTI1_IRQHandler
                0x00000000080008b8                DMA1_Channel2_IRQHandler
                0x00000000080008b8                FLASH_IRQHandler
                0x00000000080008b8                USART1_IRQHandler
                0x00000000080008b8                I2C1_ER_IRQHandler
                0x00000000080008b8                LPTIM1_IRQHandler
                0x00000000080008b8                SAI1_IRQHandler
                0x00000000080008b8                RTC_Alarm_IRQHandler
 *fill*         0x00000000080008ba        0x2 
 .text.HAL_InitTick
                0x00000000080008bc       0x50 CMakeFiles/wbble.elf.dir/Drivers/STM32WBxx_HAL_Driver/Src/stm32wbxx_hal.c.obj
                0x00000000080008bc                HAL_InitTick
 .text.HAL_Init
                0x000000000800090c       0x2c CMakeFiles/wbble.elf.dir/Drivers/STM32WBxx_HAL_Driver/Src/stm32wbxx_hal.c.obj
                0x000000000800090c                HAL_Init
 .text.HAL_IncTick
                0x0000000008000938       0x18 CMakeFiles/wbble.elf.dir/Drivers/STM32WBxx_HAL_Driver/Src/stm32wbxx_hal.c.obj
                0x0000000008000938                HAL_IncTick
 .text.HAL_GetTick
                0x0000000008000950        0xc CMakeFiles/wbble.elf.dir/Drivers/STM32WBxx_HAL_Driver/Src/stm32wbxx_hal.c.obj
                0x0000000008000950                HAL_GetTick
 .text.HAL_GetTickPrio
                0x000000000800095c        0xc CMakeFiles/wbble.elf.dir/Drivers/STM32WBxx_HAL_Driver/Src/stm32wbxx_hal.c.obj
                0x000000000800095c                HAL_GetTickPrio
 .text.HAL_NVIC_SetPriorityGrouping
                0x0000000008000968       0x24 CMakeFiles/wbble.elf.dir/Drivers/STM32WBxx_HAL_Driver/Src/stm32wbxx_hal_cortex.c.obj
                0x0000000008000968                HAL_NVIC_SetPriorityGrouping
 .text.HAL_NVIC_SetPriority
                0x000000000800098c       0x68 CMakeFiles/wbble.elf.dir/Drivers/STM32WBxx_HAL_Driver/Src/stm32wbxx_hal_cortex.c.obj
                0x000000000800098c                HAL_NVIC_SetPriority
 .text.HAL_SYSTICK_Config
                0x00000000080009f4       0x2c CMakeFiles/wbble.elf.dir/Drivers/STM32WBxx_HAL_Driver/Src/stm32wbxx_hal_cortex.c.obj
                0x00000000080009f4                HAL_SYSTICK_Config
 .text.HAL_GPIO_Init
                0x0000000008000a20      0x188 CMakeFiles/wbble.elf.dir/Drivers/STM32WBxx_HAL_Driver/Src/stm32wbxx_hal_gpio.c.obj
                0x0000000008000a20                HAL_GPIO_Init
 .text.HAL_GPIO_ReadPin
                0x0000000008000ba8        0xe CMakeFiles/wbble.elf.dir/Drivers/STM32WBxx_HAL_Driver/Src/stm32wbxx_hal_gpio.c.obj
                0x0000000008000ba8                HAL_GPIO_ReadPin
 .text.HAL_GPIO_WritePin
                0x0000000008000bb6        0xa CMakeFiles/wbble.elf.dir/Drivers/STM32WBxx_HAL_Driver/Src/stm32wbxx_hal_gpio.c.obj
                0x0000000008000bb6                HAL_GPIO_WritePin
 .text.HAL_PCD_Init
                0x0000000008000bc0       0xda CMakeFiles/wbble.elf.dir/Drivers/STM32WBxx_HAL_Driver/Src/stm32wbxx_hal_pcd.c.obj
                0x0000000008000bc0                HAL_PCD_Init
 .text.HAL_PCDEx_ActivateLPM
                0x0000000008000c9a       0x2c CMakeFiles/wbble.elf.dir/Drivers/STM32WBxx_HAL_Driver/Src/stm32wbxx_hal_pcd_ex.c.obj
                0x0000000008000c9a                HAL_PCDEx_ActivateLPM
 *fill*         0x0000000008000cc6        0x2 
 .text.HAL_PWR_EnableBkUpAccess
                0x0000000008000cc8       0x10 CMakeFiles/wbble.elf.dir/Drivers/STM32WBxx_HAL_Driver/Src/stm32wbxx_hal_pwr.c.obj
                0x0000000008000cc8                HAL_PWR_EnableBkUpAccess
 .text.HAL_PWREx_GetVoltageRange
                0x0000000008000cd8       0x10 CMakeFiles/wbble.elf.dir/Drivers/STM32WBxx_HAL_Driver/Src/stm32wbxx_hal_pwr_ex.c.obj
                0x0000000008000cd8                HAL_PWREx_GetVoltageRange
 .text.RCC_SetFlashLatency
                0x0000000008000ce8       0xbc CMakeFiles/wbble.elf.dir/Drivers/STM32WBxx_HAL_Driver/Src/stm32wbxx_hal_rcc.c.obj
 .text.RCC_SetFlashLatencyFromMSIRange
                0x0000000008000da4       0x4c CMakeFiles/wbble.elf.dir/Drivers/STM32WBxx_HAL_Driver/Src/stm32wbxx_hal_rcc.c.obj
 .text.HAL_RCC_GetSysClockFreq
                0x0000000008000df0       0xc0 CMakeFiles/wbble.elf.dir/Drivers/STM32WBxx_HAL_Driver/Src/stm32wbxx_hal_rcc.c.obj
                0x0000000008000df0                HAL_RCC_GetSysClockFreq
 .text.HAL_RCC_GetHCLKFreq
                0x0000000008000eb0       0x20 CMakeFiles/wbble.elf.dir/Drivers/STM32WBxx_HAL_Driver/Src/stm32wbxx_hal_rcc.c.obj
                0x0000000008000eb0                HAL_RCC_GetHCLKFreq
 .text.HAL_RCC_OscConfig
                0x0000000008000ed0      0x72c CMakeFiles/wbble.elf.dir/Drivers/STM32WBxx_HAL_Driver/Src/stm32wbxx_hal_rcc.c.obj
                0x0000000008000ed0                HAL_RCC_OscConfig
 .text.HAL_RCC_ClockConfig
                0x00000000080015fc      0x264 CMakeFiles/wbble.elf.dir/Drivers/STM32WBxx_HAL_Driver/Src/stm32wbxx_hal_rcc.c.obj
                0x00000000080015fc                HAL_RCC_ClockConfig
 .text.HAL_RCC_GetPCLK1Freq
                0x0000000008001860       0x24 CMakeFiles/wbble.elf.dir/Drivers/STM32WBxx_HAL_Driver/Src/stm32wbxx_hal_rcc.c.obj
                0x0000000008001860                HAL_RCC_GetPCLK1Freq
 .text.HAL_RCC_GetPCLK2Freq
                0x0000000008001884       0x24 CMakeFiles/wbble.elf.dir/Drivers/STM32WBxx_HAL_Driver/Src/stm32wbxx_hal_rcc.c.obj
                0x0000000008001884                HAL_RCC_GetPCLK2Freq
 .text.RCCEx_PLLSAI1_ConfigNP
                0x00000000080018a8       0x8e CMakeFiles/wbble.elf.dir/Drivers/STM32WBxx_HAL_Driver/Src/stm32wbxx_hal_rcc_ex.c.obj
 .text.RCCEx_PLLSAI1_ConfigNQ
                0x0000000008001936       0x8e CMakeFiles/wbble.elf.dir/Drivers/STM32WBxx_HAL_Driver/Src/stm32wbxx_hal_rcc_ex.c.obj
 .text.RCCEx_PLLSAI1_ConfigNR
                0x00000000080019c4       0x8e CMakeFiles/wbble.elf.dir/Drivers/STM32WBxx_HAL_Driver/Src/stm32wbxx_hal_rcc_ex.c.obj
 .text.HAL_RCCEx_PeriphCLKConfig
                0x0000000008001a52      0x31e CMakeFiles/wbble.elf.dir/Drivers/STM32WBxx_HAL_Driver/Src/stm32wbxx_hal_rcc_ex.c.obj
                0x0000000008001a52                HAL_RCCEx_PeriphCLKConfig
 .text.HAL_RCCEx_EnableMSIPLLMode
                0x0000000008001d70        0xe CMakeFiles/wbble.elf.dir/Drivers/STM32WBxx_HAL_Driver/Src/stm32wbxx_hal_rcc_ex.c.obj
                0x0000000008001d70                HAL_RCCEx_EnableMSIPLLMode
 *fill*         0x0000000008001d7e        0x2 
 .text.UART_SetConfig
                0x0000000008001d80      0x270 CMakeFiles/wbble.elf.dir/Drivers/STM32WBxx_HAL_Driver/Src/stm32wbxx_hal_uart.c.obj
                0x0000000008001d80                UART_SetConfig
 .text.UART_AdvFeatureConfig
                0x0000000008001ff0       0xca CMakeFiles/wbble.elf.dir/Drivers/STM32WBxx_HAL_Driver/Src/stm32wbxx_hal_uart.c.obj
                0x0000000008001ff0                UART_AdvFeatureConfig
 .text.UART_WaitOnFlagUntilTimeout
                0x00000000080020ba       0xd8 CMakeFiles/wbble.elf.dir/Drivers/STM32WBxx_HAL_Driver/Src/stm32wbxx_hal_uart.c.obj
                0x00000000080020ba                UART_WaitOnFlagUntilTimeout
 .text.UART_CheckIdleState
                0x0000000008002192       0x74 CMakeFiles/wbble.elf.dir/Drivers/STM32WBxx_HAL_Driver/Src/stm32wbxx_hal_uart.c.obj
                0x0000000008002192                UART_CheckIdleState
 .text.HAL_UART_Init
                0x0000000008002206       0x66 CMakeFiles/wbble.elf.dir/Drivers/STM32WBxx_HAL_Driver/Src/stm32wbxx_hal_uart.c.obj
                0x0000000008002206                HAL_UART_Init
 .text.UARTEx_SetNbDataToProcess
                0x000000000800226c       0x4c CMakeFiles/wbble.elf.dir/Drivers/STM32WBxx_HAL_Driver/Src/stm32wbxx_hal_uart_ex.c.obj
 .text.HAL_UARTEx_DisableFifoMode
                0x00000000080022b8       0x3e CMakeFiles/wbble.elf.dir/Drivers/STM32WBxx_HAL_Driver/Src/stm32wbxx_hal_uart_ex.c.obj
                0x00000000080022b8                HAL_UARTEx_DisableFifoMode
 .text.HAL_UARTEx_SetTxFifoThreshold
                0x00000000080022f6       0x4a CMakeFiles/wbble.elf.dir/Drivers/STM32WBxx_HAL_Driver/Src/stm32wbxx_hal_uart_ex.c.obj
                0x00000000080022f6                HAL_UARTEx_SetTxFifoThreshold
 .text.HAL_UARTEx_SetRxFifoThreshold
                0x0000000008002340       0x4a CMakeFiles/wbble.elf.dir/Drivers/STM32WBxx_HAL_Driver/Src/stm32wbxx_hal_uart_ex.c.obj
                0x0000000008002340                HAL_UARTEx_SetRxFifoThreshold
 .text.USB_DisableGlobalInt
                0x000000000800238a       0x14 CMakeFiles/wbble.elf.dir/Drivers/STM32WBxx_HAL_Driver/Src/stm32wbxx_ll_usb.c.obj
                0x000000000800238a                USB_DisableGlobalInt
 .text.USB_DevInit
                0x000000000800239e       0x26 CMakeFiles/wbble.elf.dir/Drivers/STM32WBxx_HAL_Driver/Src/stm32wbxx_ll_usb.c.obj
                0x000000000800239e                USB_DevInit
 .text.__libc_init_array
                0x00000000080023c4       0x48 /opt/homebrew/Cellar/arm-none-eabi-gcc/9-2019-q4-major/gcc/bin/../lib/gcc/arm-none-eabi/9.2.1/../../../../arm-none-eabi/lib/thumb/v7e-m/nofp/libg.a(lib_a-init.o)
                0x00000000080023c4                __libc_init_array
 .text.memset   0x000000000800240c       0xa0 /opt/homebrew/Cellar/arm-none-eabi-gcc/9-2019-q4-major/gcc/bin/../lib/gcc/arm-none-eabi/9.2.1/../../../../arm-none-eabi/lib/thumb/v7e-m/nofp/libg.a(lib_a-memset.o)
                0x000000000800240c                memset
 .text.startup.register_fini
                0x00000000080024ac       0x14 /opt/homebrew/Cellar/arm-none-eabi-gcc/9-2019-q4-major/gcc/bin/../lib/gcc/arm-none-eabi/9.2.1/../../../../arm-none-eabi/lib/thumb/v7e-m/nofp/libg.a(lib_a-__call_atexit.o)
 .text.atexit   0x00000000080024c0        0xc /opt/homebrew/Cellar/arm-none-eabi-gcc/9-2019-q4-major/gcc/bin/../lib/gcc/arm-none-eabi/9.2.1/../../../../arm-none-eabi/lib/thumb/v7e-m/nofp/libg.a(lib_a-atexit.o)
                0x00000000080024c0                atexit
 .text.__libc_fini_array
                0x00000000080024cc       0x2c /opt/homebrew/Cellar/arm-none-eabi-gcc/9-2019-q4-major/gcc/bin/../lib/gcc/arm-none-eabi/9.2.1/../../../../arm-none-eabi/lib/thumb/v7e-m/nofp/libg.a(lib_a-fini.o)
                0x00000000080024cc                __libc_fini_array
 .text.__retarget_lock_acquire_recursive
                0x00000000080024f8        0x4 /opt/homebrew/Cellar/arm-none-eabi-gcc/9-2019-q4-major/gcc/bin/../lib/gcc/arm-none-eabi/9.2.1/../../../../arm-none-eabi/lib/thumb/v7e-m/nofp/libg.a(lib_a-lock.o)
                0x00000000080024f8                __retarget_lock_acquire_recursive
 .text.__retarget_lock_release_recursive
                0x00000000080024fc        0x4 /opt/homebrew/Cellar/arm-none-eabi-gcc/9-2019-q4-major/gcc/bin/../lib/gcc/arm-none-eabi/9.2.1/../../../../arm-none-eabi/lib/thumb/v7e-m/nofp/libg.a(lib_a-lock.o)
                0x00000000080024fc                __retarget_lock_release_recursive
 .text.__register_exitproc
                0x0000000008002500       0x8c /opt/homebrew/Cellar/arm-none-eabi-gcc/9-2019-q4-major/gcc/bin/../lib/gcc/arm-none-eabi/9.2.1/../../../../arm-none-eabi/lib/thumb/v7e-m/nofp/libg.a(lib_a-__atexit.o)
                0x0000000008002500                __register_exitproc
 *(.glue_7)
 .glue_7        0x000000000800258c        0x0 linker stubs
 *(.glue_7t)
 .glue_7t       0x000000000800258c        0x0 linker stubs
 *(.eh_frame)
 .eh_frame      0x000000000800258c        0x0 /opt/homebrew/Cellar/arm-none-eabi-gcc/9-2019-q4-major/gcc/bin/../lib/gcc/arm-none-eabi/9.2.1/thumb/v7e-m/nofp/crtbegin.o
 *(.init)
 .init          0x000000000800258c        0x4 /opt/homebrew/Cellar/arm-none-eabi-gcc/9-2019-q4-major/gcc/bin/../lib/gcc/arm-none-eabi/9.2.1/thumb/v7e-m/nofp/crti.o
                0x000000000800258c                _init
 .init          0x0000000008002590        0x8 /opt/homebrew/Cellar/arm-none-eabi-gcc/9-2019-q4-major/gcc/bin/../lib/gcc/arm-none-eabi/9.2.1/thumb/v7e-m/nofp/crtn.o
 *(.fini)
 .fini          0x0000000008002598        0x4 /opt/homebrew/Cellar/arm-none-eabi-gcc/9-2019-q4-major/gcc/bin/../lib/gcc/arm-none-eabi/9.2.1/thumb/v7e-m/nofp/crti.o
                0x0000000008002598                _fini
 .fini          0x000000000800259c        0x8 /opt/homebrew/Cellar/arm-none-eabi-gcc/9-2019-q4-major/gcc/bin/../lib/gcc/arm-none-eabi/9.2.1/thumb/v7e-m/nofp/crtn.o
                0x00000000080025a4                . = ALIGN (0x4)
                0x00000000080025a4                _etext = .

.vfp11_veneer   0x00000000080025a4        0x0
 .vfp11_veneer  0x00000000080025a4        0x0 linker stubs

.v4_bx          0x00000000080025a4        0x0
 .v4_bx         0x00000000080025a4        0x0 linker stubs

.iplt           0x00000000080025a4        0x0
 .iplt          0x00000000080025a4        0x0 /opt/homebrew/Cellar/arm-none-eabi-gcc/9-2019-q4-major/gcc/bin/../lib/gcc/arm-none-eabi/9.2.1/thumb/v7e-m/nofp/crtbegin.o

.rodata         0x00000000080025a4       0xf8
                0x00000000080025a4                . = ALIGN (0x4)
 *(.rodata)
 .rodata        0x00000000080025a4       0x2c CMakeFiles/wbble.elf.dir/Drivers/STM32WBxx_HAL_Driver/Src/stm32wbxx_hal_rcc.c.obj
 *(.rodata*)
 .rodata.AHBPrescTable
                0x00000000080025d0       0x40 CMakeFiles/wbble.elf.dir/Core/Src/system_stm32wbxx.c.obj
                0x00000000080025d0                AHBPrescTable
 .rodata.APBPrescTable
                0x0000000008002610       0x20 CMakeFiles/wbble.elf.dir/Core/Src/system_stm32wbxx.c.obj
                0x0000000008002610                APBPrescTable
 .rodata.MSIRangeTable
                0x0000000008002630       0x40 CMakeFiles/wbble.elf.dir/Core/Src/system_stm32wbxx.c.obj
                0x0000000008002630                MSIRangeTable
 .rodata.UARTPrescTable
                0x0000000008002670       0x18 CMakeFiles/wbble.elf.dir/Drivers/STM32WBxx_HAL_Driver/Src/stm32wbxx_hal_uart.c.obj
                0x0000000008002670                UARTPrescTable
 .rodata.denominator.9612
                0x0000000008002688        0x8 CMakeFiles/wbble.elf.dir/Drivers/STM32WBxx_HAL_Driver/Src/stm32wbxx_hal_uart_ex.c.obj
 .rodata.numerator.9611
                0x0000000008002690        0x8 CMakeFiles/wbble.elf.dir/Drivers/STM32WBxx_HAL_Driver/Src/stm32wbxx_hal_uart_ex.c.obj
 .rodata._global_impure_ptr
                0x0000000008002698        0x4 /opt/homebrew/Cellar/arm-none-eabi-gcc/9-2019-q4-major/gcc/bin/../lib/gcc/arm-none-eabi/9.2.1/../../../../arm-none-eabi/lib/thumb/v7e-m/nofp/libg.a(lib_a-impure.o)
                0x0000000008002698                _global_impure_ptr
                0x000000000800269c                . = ALIGN (0x4)

.ARM.extab
 *(.ARM.extab* .gnu.linkonce.armextab.*)

.ARM            0x000000000800269c        0x8
                0x000000000800269c                __exidx_start = .
 *(.ARM.exidx*)
 .ARM.exidx     0x000000000800269c        0x8 /opt/homebrew/Cellar/arm-none-eabi-gcc/9-2019-q4-major/gcc/bin/../lib/gcc/arm-none-eabi/9.2.1/thumb/v7e-m/nofp/libgcc.a(_udivmoddi4.o)
                0x00000000080026a4                __exidx_end = .

.rel.dyn        0x00000000080026a4        0x0
 .rel.iplt      0x00000000080026a4        0x0 /opt/homebrew/Cellar/arm-none-eabi-gcc/9-2019-q4-major/gcc/bin/../lib/gcc/arm-none-eabi/9.2.1/thumb/v7e-m/nofp/crtbegin.o

.preinit_array  0x00000000080026a4        0x0
                0x00000000080026a4                PROVIDE (__preinit_array_start = .)
 *(.preinit_array*)
                0x00000000080026a4                PROVIDE (__preinit_array_end = .)

.init_array     0x00000000080026a4        0x8
                0x00000000080026a4                PROVIDE (__init_array_start = .)
 *(SORT_BY_NAME(.init_array.*))
 .init_array.00000
                0x00000000080026a4        0x4 /opt/homebrew/Cellar/arm-none-eabi-gcc/9-2019-q4-major/gcc/bin/../lib/gcc/arm-none-eabi/9.2.1/../../../../arm-none-eabi/lib/thumb/v7e-m/nofp/libg.a(lib_a-__call_atexit.o)
 *(.init_array*)
 .init_array    0x00000000080026a8        0x4 /opt/homebrew/Cellar/arm-none-eabi-gcc/9-2019-q4-major/gcc/bin/../lib/gcc/arm-none-eabi/9.2.1/thumb/v7e-m/nofp/crtbegin.o
                0x00000000080026ac                PROVIDE (__init_array_end = .)

.fini_array     0x00000000080026ac        0x4
                0x00000000080026ac                PROVIDE (__fini_array_start = .)
 *(SORT_BY_NAME(.fini_array.*))
 *(.fini_array*)
 .fini_array    0x00000000080026ac        0x4 /opt/homebrew/Cellar/arm-none-eabi-gcc/9-2019-q4-major/gcc/bin/../lib/gcc/arm-none-eabi/9.2.1/thumb/v7e-m/nofp/crtbegin.o
                0x00000000080026b0                PROVIDE (__fini_array_end = .)
                0x00000000080026b0                _sidata = LOADADDR (.data)

.data           0x0000000020000008      0x43c load address 0x00000000080026b0
                0x0000000020000008                . = ALIGN (0x4)
                0x0000000020000008                _sdata = .
 *(.data)
 *(.data*)
 .data.SystemCoreClock
                0x0000000020000008        0x4 CMakeFiles/wbble.elf.dir/Core/Src/system_stm32wbxx.c.obj
                0x0000000020000008                SystemCoreClock
 .data.uwTickFreq
                0x000000002000000c        0x1 CMakeFiles/wbble.elf.dir/Drivers/STM32WBxx_HAL_Driver/Src/stm32wbxx_hal.c.obj
                0x000000002000000c                uwTickFreq
 *fill*         0x000000002000000d        0x3 
 .data.uwTickPrio
                0x0000000020000010        0x4 CMakeFiles/wbble.elf.dir/Drivers/STM32WBxx_HAL_Driver/Src/stm32wbxx_hal.c.obj
                0x0000000020000010                uwTickPrio
 *fill*         0x0000000020000014        0x4 
 .data.impure_data
                0x0000000020000018      0x428 /opt/homebrew/Cellar/arm-none-eabi-gcc/9-2019-q4-major/gcc/bin/../lib/gcc/arm-none-eabi/9.2.1/../../../../arm-none-eabi/lib/thumb/v7e-m/nofp/libg.a(lib_a-impure.o)
 .data.__atexit_recursive_mutex
                0x0000000020000440        0x4 /opt/homebrew/Cellar/arm-none-eabi-gcc/9-2019-q4-major/gcc/bin/../lib/gcc/arm-none-eabi/9.2.1/../../../../arm-none-eabi/lib/thumb/v7e-m/nofp/libg.a(lib_a-__call_atexit.o)
                0x0000000020000440                __atexit_recursive_mutex
 *(.RamFunc)
 *(.RamFunc*)
                0x0000000020000444                . = ALIGN (0x4)
                0x0000000020000444                _edata = .

.igot.plt       0x0000000020000444        0x0 load address 0x0000000008002aec
 .igot.plt      0x0000000020000444        0x0 /opt/homebrew/Cellar/arm-none-eabi-gcc/9-2019-q4-major/gcc/bin/../lib/gcc/arm-none-eabi/9.2.1/thumb/v7e-m/nofp/crtbegin.o
                0x0000000020000444                . = ALIGN (0x4)

.bss            0x0000000020000444      0x3c8 load address 0x0000000008002aec
                0x0000000020000444                _sbss = .
                0x0000000020000444                __bss_start__ = _sbss
 *(.bss)
 .bss           0x0000000020000444       0x1c /opt/homebrew/Cellar/arm-none-eabi-gcc/9-2019-q4-major/gcc/bin/../lib/gcc/arm-none-eabi/9.2.1/thumb/v7e-m/nofp/crtbegin.o
 *(.bss*)
 .bss.hpcd_USB_FS
                0x0000000020000460      0x2f4 CMakeFiles/wbble.elf.dir/Core/Src/main.c.obj
                0x0000000020000460                hpcd_USB_FS
 .bss.huart1    0x0000000020000754       0x90 CMakeFiles/wbble.elf.dir/Core/Src/main.c.obj
                0x0000000020000754                huart1
 .bss.uwTick    0x00000000200007e4        0x4 CMakeFiles/wbble.elf.dir/Drivers/STM32WBxx_HAL_Driver/Src/stm32wbxx_hal.c.obj
                0x00000000200007e4                uwTick
 *(COMMON)
 COMMON         0x00000000200007e8       0x21 /opt/homebrew/Cellar/arm-none-eabi-gcc/9-2019-q4-major/gcc/bin/../lib/gcc/arm-none-eabi/9.2.1/../../../../arm-none-eabi/lib/thumb/v7e-m/nofp/libg.a(lib_a-lock.o)
                0x00000000200007e8                __lock___atexit_recursive_mutex
                0x00000000200007ec                __lock___arc4random_mutex
                0x00000000200007f0                __lock___env_recursive_mutex
                0x00000000200007f4                __lock___sinit_recursive_mutex
                0x00000000200007f8                __lock___malloc_recursive_mutex
                0x00000000200007fc                __lock___at_quick_exit_mutex
                0x0000000020000800                __lock___dd_hash_mutex
                0x0000000020000804                __lock___tz_mutex
                0x0000000020000808                __lock___sfp_recursive_mutex
                0x000000002000080c                . = ALIGN (0x4)
 *fill*         0x0000000020000809        0x3 
                0x000000002000080c                _ebss = .
                0x000000002000080c                __bss_end__ = _ebss

._user_heap_stack
                0x000000002000080c      0x604 load address 0x0000000008002aec
                0x0000000020000810                . = ALIGN (0x8)
 *fill*         0x000000002000080c        0x4 
                [!provide]                        PROVIDE (end = .)
                0x0000000020000810                PROVIDE (_end = .)
                0x0000000020000a10                . = (. + _Min_Heap_Size)
 *fill*         0x0000000020000810      0x200 
                0x0000000020000e10                . = (. + _Min_Stack_Size)
 *fill*         0x0000000020000a10      0x400 
                0x0000000020000e10                . = ALIGN (0x8)

/DISCARD/
 libc.a(*)
 libm.a(*)
 libgcc.a(*)

.ARM.attributes
                0x0000000000000000       0x2a
 *(.ARM.attributes)
 .ARM.attributes
                0x0000000000000000       0x1e /opt/homebrew/Cellar/arm-none-eabi-gcc/9-2019-q4-major/gcc/bin/../lib/gcc/arm-none-eabi/9.2.1/thumb/v7e-m/nofp/crti.o
 .ARM.attributes
                0x000000000000001e       0x2e /opt/homebrew/Cellar/arm-none-eabi-gcc/9-2019-q4-major/gcc/bin/../lib/gcc/arm-none-eabi/9.2.1/thumb/v7e-m/nofp/crtbegin.o
 .ARM.attributes
                0x000000000000004c       0x2e CMakeFiles/wbble.elf.dir/Core/Src/main.c.obj
 .ARM.attributes
                0x000000000000007a       0x2e CMakeFiles/wbble.elf.dir/Core/Src/stm32wbxx_hal_msp.c.obj
 .ARM.attributes
                0x00000000000000a8       0x2e CMakeFiles/wbble.elf.dir/Core/Src/stm32wbxx_it.c.obj
 .ARM.attributes
                0x00000000000000d6       0x2e CMakeFiles/wbble.elf.dir/Core/Src/system_stm32wbxx.c.obj
 .ARM.attributes
                0x0000000000000104       0x21 CMakeFiles/wbble.elf.dir/Core/Startup/startup_stm32wb55rgvx.s.obj
 .ARM.attributes
                0x0000000000000125       0x2e CMakeFiles/wbble.elf.dir/Drivers/STM32WBxx_HAL_Driver/Src/stm32wbxx_hal.c.obj
 .ARM.attributes
                0x0000000000000153       0x2e CMakeFiles/wbble.elf.dir/Drivers/STM32WBxx_HAL_Driver/Src/stm32wbxx_hal_cortex.c.obj
 .ARM.attributes
                0x0000000000000181       0x2e CMakeFiles/wbble.elf.dir/Drivers/STM32WBxx_HAL_Driver/Src/stm32wbxx_hal_gpio.c.obj
 .ARM.attributes
                0x00000000000001af       0x2e CMakeFiles/wbble.elf.dir/Drivers/STM32WBxx_HAL_Driver/Src/stm32wbxx_hal_pcd.c.obj
 .ARM.attributes
                0x00000000000001dd       0x2e CMakeFiles/wbble.elf.dir/Drivers/STM32WBxx_HAL_Driver/Src/stm32wbxx_hal_pcd_ex.c.obj
 .ARM.attributes
                0x000000000000020b       0x2e CMakeFiles/wbble.elf.dir/Drivers/STM32WBxx_HAL_Driver/Src/stm32wbxx_hal_pwr.c.obj
 .ARM.attributes
                0x0000000000000239       0x2e CMakeFiles/wbble.elf.dir/Drivers/STM32WBxx_HAL_Driver/Src/stm32wbxx_hal_pwr_ex.c.obj
 .ARM.attributes
                0x0000000000000267       0x2e CMakeFiles/wbble.elf.dir/Drivers/STM32WBxx_HAL_Driver/Src/stm32wbxx_hal_rcc.c.obj
 .ARM.attributes
                0x0000000000000295       0x2e CMakeFiles/wbble.elf.dir/Drivers/STM32WBxx_HAL_Driver/Src/stm32wbxx_hal_rcc_ex.c.obj
 .ARM.attributes
                0x00000000000002c3       0x2e CMakeFiles/wbble.elf.dir/Drivers/STM32WBxx_HAL_Driver/Src/stm32wbxx_hal_uart.c.obj
 .ARM.attributes
                0x00000000000002f1       0x2e CMakeFiles/wbble.elf.dir/Drivers/STM32WBxx_HAL_Driver/Src/stm32wbxx_hal_uart_ex.c.obj
 .ARM.attributes
                0x000000000000031f       0x2e CMakeFiles/wbble.elf.dir/Drivers/STM32WBxx_HAL_Driver/Src/stm32wbxx_ll_usb.c.obj
 .ARM.attributes
                0x000000000000034d       0x1e /opt/homebrew/Cellar/arm-none-eabi-gcc/9-2019-q4-major/gcc/bin/../lib/gcc/arm-none-eabi/9.2.1/thumb/v7e-m/nofp/libgcc.a(_aeabi_uldivmod.o)
 .ARM.attributes
                0x000000000000036b       0x2e /opt/homebrew/Cellar/arm-none-eabi-gcc/9-2019-q4-major/gcc/bin/../lib/gcc/arm-none-eabi/9.2.1/thumb/v7e-m/nofp/libgcc.a(_udivmoddi4.o)
 .ARM.attributes
                0x0000000000000399       0x1e /opt/homebrew/Cellar/arm-none-eabi-gcc/9-2019-q4-major/gcc/bin/../lib/gcc/arm-none-eabi/9.2.1/thumb/v7e-m/nofp/libgcc.a(_dvmd_tls.o)
 .ARM.attributes
                0x00000000000003b7       0x2e /opt/homebrew/Cellar/arm-none-eabi-gcc/9-2019-q4-major/gcc/bin/../lib/gcc/arm-none-eabi/9.2.1/../../../../arm-none-eabi/lib/thumb/v7e-m/nofp/libg.a(lib_a-impure.o)
 .ARM.attributes
                0x00000000000003e5       0x2e /opt/homebrew/Cellar/arm-none-eabi-gcc/9-2019-q4-major/gcc/bin/../lib/gcc/arm-none-eabi/9.2.1/../../../../arm-none-eabi/lib/thumb/v7e-m/nofp/libg.a(lib_a-init.o)
 .ARM.attributes
                0x0000000000000413       0x2e /opt/homebrew/Cellar/arm-none-eabi-gcc/9-2019-q4-major/gcc/bin/../lib/gcc/arm-none-eabi/9.2.1/../../../../arm-none-eabi/lib/thumb/v7e-m/nofp/libg.a(lib_a-memset.o)
 .ARM.attributes
                0x0000000000000441       0x2e /opt/homebrew/Cellar/arm-none-eabi-gcc/9-2019-q4-major/gcc/bin/../lib/gcc/arm-none-eabi/9.2.1/../../../../arm-none-eabi/lib/thumb/v7e-m/nofp/libg.a(lib_a-__call_atexit.o)
 .ARM.attributes
                0x000000000000046f       0x2e /opt/homebrew/Cellar/arm-none-eabi-gcc/9-2019-q4-major/gcc/bin/../lib/gcc/arm-none-eabi/9.2.1/../../../../arm-none-eabi/lib/thumb/v7e-m/nofp/libg.a(lib_a-atexit.o)
 .ARM.attributes
                0x000000000000049d       0x2e /opt/homebrew/Cellar/arm-none-eabi-gcc/9-2019-q4-major/gcc/bin/../lib/gcc/arm-none-eabi/9.2.1/../../../../arm-none-eabi/lib/thumb/v7e-m/nofp/libg.a(lib_a-fini.o)
 .ARM.attributes
                0x00000000000004cb       0x2e /opt/homebrew/Cellar/arm-none-eabi-gcc/9-2019-q4-major/gcc/bin/../lib/gcc/arm-none-eabi/9.2.1/../../../../arm-none-eabi/lib/thumb/v7e-m/nofp/libg.a(lib_a-lock.o)
 .ARM.attributes
                0x00000000000004f9       0x2e /opt/homebrew/Cellar/arm-none-eabi-gcc/9-2019-q4-major/gcc/bin/../lib/gcc/arm-none-eabi/9.2.1/../../../../arm-none-eabi/lib/thumb/v7e-m/nofp/libg.a(lib_a-__atexit.o)
 .ARM.attributes
                0x0000000000000527       0x1e /opt/homebrew/Cellar/arm-none-eabi-gcc/9-2019-q4-major/gcc/bin/../lib/gcc/arm-none-eabi/9.2.1/thumb/v7e-m/nofp/crtn.o

MAPPING_TABLE
 *(MAPPING_TABLE)

MB_MEM1
 *(MB_MEM1)

MB_MEM2         0x0000000020030000        0x0
                0x0000000020030000                _sMB_MEM2 = .
 *(MB_MEM2)
                0x0000000020030000                _eMB_MEM2 = .
OUTPUT(wbble.elf elf32-littlearm)

.debug_info     0x0000000000000000    0x1a93e
 .debug_info    0x0000000000000000     0x1d1c CMakeFiles/wbble.elf.dir/Core/Src/main.c.obj
 .debug_info    0x0000000000001d1c     0x15b4 CMakeFiles/wbble.elf.dir/Core/Src/stm32wbxx_hal_msp.c.obj
 .debug_info    0x00000000000032d0      0x32e CMakeFiles/wbble.elf.dir/Core/Src/stm32wbxx_it.c.obj
 .debug_info    0x00000000000035fe      0x6e3 CMakeFiles/wbble.elf.dir/Core/Src/system_stm32wbxx.c.obj
 .debug_info    0x0000000000003ce1       0x22 CMakeFiles/wbble.elf.dir/Core/Startup/startup_stm32wb55rgvx.s.obj
 .debug_info    0x0000000000003d03     0x18e3 CMakeFiles/wbble.elf.dir/Drivers/STM32WBxx_HAL_Driver/Src/stm32wbxx_hal.c.obj
 .debug_info    0x00000000000055e6     0x1169 CMakeFiles/wbble.elf.dir/Drivers/STM32WBxx_HAL_Driver/Src/stm32wbxx_hal_cortex.c.obj
 .debug_info    0x000000000000674f      0x8ee CMakeFiles/wbble.elf.dir/Drivers/STM32WBxx_HAL_Driver/Src/stm32wbxx_hal_gpio.c.obj
 .debug_info    0x000000000000703d     0x1ba2 CMakeFiles/wbble.elf.dir/Drivers/STM32WBxx_HAL_Driver/Src/stm32wbxx_hal_pcd.c.obj
 .debug_info    0x0000000000008bdf      0xb94 CMakeFiles/wbble.elf.dir/Drivers/STM32WBxx_HAL_Driver/Src/stm32wbxx_hal_pcd_ex.c.obj
 .debug_info    0x0000000000009773      0xc19 CMakeFiles/wbble.elf.dir/Drivers/STM32WBxx_HAL_Driver/Src/stm32wbxx_hal_pwr.c.obj
 .debug_info    0x000000000000a38c     0x1620 CMakeFiles/wbble.elf.dir/Drivers/STM32WBxx_HAL_Driver/Src/stm32wbxx_hal_pwr_ex.c.obj
 .debug_info    0x000000000000b9ac     0x2612 CMakeFiles/wbble.elf.dir/Drivers/STM32WBxx_HAL_Driver/Src/stm32wbxx_hal_rcc.c.obj
 .debug_info    0x000000000000dfbe     0x347d CMakeFiles/wbble.elf.dir/Drivers/STM32WBxx_HAL_Driver/Src/stm32wbxx_hal_rcc_ex.c.obj
 .debug_info    0x000000000001143b     0x6468 CMakeFiles/wbble.elf.dir/Drivers/STM32WBxx_HAL_Driver/Src/stm32wbxx_hal_uart.c.obj
 .debug_info    0x00000000000178a3     0x13df CMakeFiles/wbble.elf.dir/Drivers/STM32WBxx_HAL_Driver/Src/stm32wbxx_hal_uart_ex.c.obj
 .debug_info    0x0000000000018c82     0x1cbc CMakeFiles/wbble.elf.dir/Drivers/STM32WBxx_HAL_Driver/Src/stm32wbxx_ll_usb.c.obj

.debug_abbrev   0x0000000000000000     0x2c40
 .debug_abbrev  0x0000000000000000      0x34a CMakeFiles/wbble.elf.dir/Core/Src/main.c.obj
 .debug_abbrev  0x000000000000034a      0x260 CMakeFiles/wbble.elf.dir/Core/Src/stm32wbxx_hal_msp.c.obj
 .debug_abbrev  0x00000000000005aa      0x10f CMakeFiles/wbble.elf.dir/Core/Src/stm32wbxx_it.c.obj
 .debug_abbrev  0x00000000000006b9      0x179 CMakeFiles/wbble.elf.dir/Core/Src/system_stm32wbxx.c.obj
 .debug_abbrev  0x0000000000000832       0x12 CMakeFiles/wbble.elf.dir/Core/Startup/startup_stm32wb55rgvx.s.obj
 .debug_abbrev  0x0000000000000844      0x366 CMakeFiles/wbble.elf.dir/Drivers/STM32WBxx_HAL_Driver/Src/stm32wbxx_hal.c.obj
 .debug_abbrev  0x0000000000000baa      0x387 CMakeFiles/wbble.elf.dir/Drivers/STM32WBxx_HAL_Driver/Src/stm32wbxx_hal_cortex.c.obj
 .debug_abbrev  0x0000000000000f31      0x219 CMakeFiles/wbble.elf.dir/Drivers/STM32WBxx_HAL_Driver/Src/stm32wbxx_hal_gpio.c.obj
 .debug_abbrev  0x000000000000114a      0x2c6 CMakeFiles/wbble.elf.dir/Drivers/STM32WBxx_HAL_Driver/Src/stm32wbxx_hal_pcd.c.obj
 .debug_abbrev  0x0000000000001410      0x278 CMakeFiles/wbble.elf.dir/Drivers/STM32WBxx_HAL_Driver/Src/stm32wbxx_hal_pcd_ex.c.obj
 .debug_abbrev  0x0000000000001688      0x209 CMakeFiles/wbble.elf.dir/Drivers/STM32WBxx_HAL_Driver/Src/stm32wbxx_hal_pwr.c.obj
 .debug_abbrev  0x0000000000001891      0x36b CMakeFiles/wbble.elf.dir/Drivers/STM32WBxx_HAL_Driver/Src/stm32wbxx_hal_pwr_ex.c.obj
 .debug_abbrev  0x0000000000001bfc      0x31b CMakeFiles/wbble.elf.dir/Drivers/STM32WBxx_HAL_Driver/Src/stm32wbxx_hal_rcc.c.obj
 .debug_abbrev  0x0000000000001f17      0x414 CMakeFiles/wbble.elf.dir/Drivers/STM32WBxx_HAL_Driver/Src/stm32wbxx_hal_rcc_ex.c.obj
 .debug_abbrev  0x000000000000232b      0x32c CMakeFiles/wbble.elf.dir/Drivers/STM32WBxx_HAL_Driver/Src/stm32wbxx_hal_uart.c.obj
 .debug_abbrev  0x0000000000002657      0x30d CMakeFiles/wbble.elf.dir/Drivers/STM32WBxx_HAL_Driver/Src/stm32wbxx_hal_uart_ex.c.obj
 .debug_abbrev  0x0000000000002964      0x2dc CMakeFiles/wbble.elf.dir/Drivers/STM32WBxx_HAL_Driver/Src/stm32wbxx_ll_usb.c.obj

.debug_loc      0x0000000000000000     0xe56e
 .debug_loc     0x0000000000000000       0x6e CMakeFiles/wbble.elf.dir/Core/Src/main.c.obj
 .debug_loc     0x000000000000006e      0x194 CMakeFiles/wbble.elf.dir/Core/Src/stm32wbxx_hal_msp.c.obj
 .debug_loc     0x0000000000000202       0xe6 CMakeFiles/wbble.elf.dir/Core/Src/system_stm32wbxx.c.obj
 .debug_loc     0x00000000000002e8      0x492 CMakeFiles/wbble.elf.dir/Drivers/STM32WBxx_HAL_Driver/Src/stm32wbxx_hal.c.obj
 .debug_loc     0x000000000000077a      0x6ec CMakeFiles/wbble.elf.dir/Drivers/STM32WBxx_HAL_Driver/Src/stm32wbxx_hal_cortex.c.obj
 .debug_loc     0x0000000000000e66      0x32c CMakeFiles/wbble.elf.dir/Drivers/STM32WBxx_HAL_Driver/Src/stm32wbxx_hal_gpio.c.obj
 .debug_loc     0x0000000000001192     0x134e CMakeFiles/wbble.elf.dir/Drivers/STM32WBxx_HAL_Driver/Src/stm32wbxx_hal_pcd.c.obj
 .debug_loc     0x00000000000024e0      0x282 CMakeFiles/wbble.elf.dir/Drivers/STM32WBxx_HAL_Driver/Src/stm32wbxx_hal_pcd_ex.c.obj
 .debug_loc     0x0000000000002762      0x259 CMakeFiles/wbble.elf.dir/Drivers/STM32WBxx_HAL_Driver/Src/stm32wbxx_hal_pwr.c.obj
 .debug_loc     0x00000000000029bb      0xd26 CMakeFiles/wbble.elf.dir/Drivers/STM32WBxx_HAL_Driver/Src/stm32wbxx_hal_pwr_ex.c.obj
 .debug_loc     0x00000000000036e1      0xe6b CMakeFiles/wbble.elf.dir/Drivers/STM32WBxx_HAL_Driver/Src/stm32wbxx_hal_rcc.c.obj
 .debug_loc     0x000000000000454c     0x1dbe CMakeFiles/wbble.elf.dir/Drivers/STM32WBxx_HAL_Driver/Src/stm32wbxx_hal_rcc_ex.c.obj
 .debug_loc     0x000000000000630a     0x5aee CMakeFiles/wbble.elf.dir/Drivers/STM32WBxx_HAL_Driver/Src/stm32wbxx_hal_uart.c.obj
 .debug_loc     0x000000000000bdf8      0xc3c CMakeFiles/wbble.elf.dir/Drivers/STM32WBxx_HAL_Driver/Src/stm32wbxx_hal_uart_ex.c.obj
 .debug_loc     0x000000000000ca34     0x1b3a CMakeFiles/wbble.elf.dir/Drivers/STM32WBxx_HAL_Driver/Src/stm32wbxx_ll_usb.c.obj

.debug_aranges  0x0000000000000000      0xcd8
 .debug_aranges
                0x0000000000000000       0x48 CMakeFiles/wbble.elf.dir/Core/Src/main.c.obj
 .debug_aranges
                0x0000000000000048       0x40 CMakeFiles/wbble.elf.dir/Core/Src/stm32wbxx_hal_msp.c.obj
 .debug_aranges
                0x0000000000000088       0x60 CMakeFiles/wbble.elf.dir/Core/Src/stm32wbxx_it.c.obj
 .debug_aranges
                0x00000000000000e8       0x28 CMakeFiles/wbble.elf.dir/Core/Src/system_stm32wbxx.c.obj
 .debug_aranges
                0x0000000000000110       0x30 CMakeFiles/wbble.elf.dir/Core/Startup/startup_stm32wb55rgvx.s.obj
 .debug_aranges
                0x0000000000000140      0x158 CMakeFiles/wbble.elf.dir/Drivers/STM32WBxx_HAL_Driver/Src/stm32wbxx_hal.c.obj
 .debug_aranges
                0x0000000000000298       0xa0 CMakeFiles/wbble.elf.dir/Drivers/STM32WBxx_HAL_Driver/Src/stm32wbxx_hal_cortex.c.obj
 .debug_aranges
                0x0000000000000338       0x58 CMakeFiles/wbble.elf.dir/Drivers/STM32WBxx_HAL_Driver/Src/stm32wbxx_hal_gpio.c.obj
 .debug_aranges
                0x0000000000000390      0x130 CMakeFiles/wbble.elf.dir/Drivers/STM32WBxx_HAL_Driver/Src/stm32wbxx_hal_pcd.c.obj
 .debug_aranges
                0x00000000000004c0       0x58 CMakeFiles/wbble.elf.dir/Drivers/STM32WBxx_HAL_Driver/Src/stm32wbxx_hal_pcd_ex.c.obj
 .debug_aranges
                0x0000000000000518       0x98 CMakeFiles/wbble.elf.dir/Drivers/STM32WBxx_HAL_Driver/Src/stm32wbxx_hal_pwr.c.obj
 .debug_aranges
                0x00000000000005b0      0x1b8 CMakeFiles/wbble.elf.dir/Drivers/STM32WBxx_HAL_Driver/Src/stm32wbxx_hal_pwr_ex.c.obj
 .debug_aranges
                0x0000000000000768       0xa8 CMakeFiles/wbble.elf.dir/Drivers/STM32WBxx_HAL_Driver/Src/stm32wbxx_hal_rcc.c.obj
 .debug_aranges
                0x0000000000000810      0x130 CMakeFiles/wbble.elf.dir/Drivers/STM32WBxx_HAL_Driver/Src/stm32wbxx_hal_rcc_ex.c.obj
 .debug_aranges
                0x0000000000000940      0x248 CMakeFiles/wbble.elf.dir/Drivers/STM32WBxx_HAL_Driver/Src/stm32wbxx_hal_uart.c.obj
 .debug_aranges
                0x0000000000000b88       0xa0 CMakeFiles/wbble.elf.dir/Drivers/STM32WBxx_HAL_Driver/Src/stm32wbxx_hal_uart_ex.c.obj
 .debug_aranges
                0x0000000000000c28       0xb0 CMakeFiles/wbble.elf.dir/Drivers/STM32WBxx_HAL_Driver/Src/stm32wbxx_ll_usb.c.obj

.debug_ranges   0x0000000000000000     0x1430
 .debug_ranges  0x0000000000000000       0x38 CMakeFiles/wbble.elf.dir/Core/Src/main.c.obj
 .debug_ranges  0x0000000000000038       0x30 CMakeFiles/wbble.elf.dir/Core/Src/stm32wbxx_hal_msp.c.obj
 .debug_ranges  0x0000000000000068       0x50 CMakeFiles/wbble.elf.dir/Core/Src/stm32wbxx_it.c.obj
 .debug_ranges  0x00000000000000b8       0x18 CMakeFiles/wbble.elf.dir/Core/Src/system_stm32wbxx.c.obj
 .debug_ranges  0x00000000000000d0       0x28 CMakeFiles/wbble.elf.dir/Core/Startup/startup_stm32wb55rgvx.s.obj
 .debug_ranges  0x00000000000000f8      0x160 CMakeFiles/wbble.elf.dir/Drivers/STM32WBxx_HAL_Driver/Src/stm32wbxx_hal.c.obj
 .debug_ranges  0x0000000000000258       0xf0 CMakeFiles/wbble.elf.dir/Drivers/STM32WBxx_HAL_Driver/Src/stm32wbxx_hal_cortex.c.obj
 .debug_ranges  0x0000000000000348       0x48 CMakeFiles/wbble.elf.dir/Drivers/STM32WBxx_HAL_Driver/Src/stm32wbxx_hal_gpio.c.obj
 .debug_ranges  0x0000000000000390      0x200 CMakeFiles/wbble.elf.dir/Drivers/STM32WBxx_HAL_Driver/Src/stm32wbxx_hal_pcd.c.obj
 .debug_ranges  0x0000000000000590       0x48 CMakeFiles/wbble.elf.dir/Drivers/STM32WBxx_HAL_Driver/Src/stm32wbxx_hal_pcd_ex.c.obj
 .debug_ranges  0x00000000000005d8       0x88 CMakeFiles/wbble.elf.dir/Drivers/STM32WBxx_HAL_Driver/Src/stm32wbxx_hal_pwr.c.obj
 .debug_ranges  0x0000000000000660      0x1d8 CMakeFiles/wbble.elf.dir/Drivers/STM32WBxx_HAL_Driver/Src/stm32wbxx_hal_pwr_ex.c.obj
 .debug_ranges  0x0000000000000838      0x1b0 CMakeFiles/wbble.elf.dir/Drivers/STM32WBxx_HAL_Driver/Src/stm32wbxx_hal_rcc.c.obj
 .debug_ranges  0x00000000000009e8      0x420 CMakeFiles/wbble.elf.dir/Drivers/STM32WBxx_HAL_Driver/Src/stm32wbxx_hal_rcc_ex.c.obj
 .debug_ranges  0x0000000000000e08      0x238 CMakeFiles/wbble.elf.dir/Drivers/STM32WBxx_HAL_Driver/Src/stm32wbxx_hal_uart.c.obj
 .debug_ranges  0x0000000000001040       0x90 CMakeFiles/wbble.elf.dir/Drivers/STM32WBxx_HAL_Driver/Src/stm32wbxx_hal_uart_ex.c.obj
 .debug_ranges  0x00000000000010d0      0x360 CMakeFiles/wbble.elf.dir/Drivers/STM32WBxx_HAL_Driver/Src/stm32wbxx_ll_usb.c.obj

.debug_line     0x0000000000000000    0x12d90
 .debug_line    0x0000000000000000      0x760 CMakeFiles/wbble.elf.dir/Core/Src/main.c.obj
 .debug_line    0x0000000000000760      0x4ca CMakeFiles/wbble.elf.dir/Core/Src/stm32wbxx_hal_msp.c.obj
 .debug_line    0x0000000000000c2a      0x366 CMakeFiles/wbble.elf.dir/Core/Src/stm32wbxx_it.c.obj
 .debug_line    0x0000000000000f90      0x3b7 CMakeFiles/wbble.elf.dir/Core/Src/system_stm32wbxx.c.obj
 .debug_line    0x0000000000001347       0xab CMakeFiles/wbble.elf.dir/Core/Startup/startup_stm32wb55rgvx.s.obj
 .debug_line    0x00000000000013f2      0xab4 CMakeFiles/wbble.elf.dir/Drivers/STM32WBxx_HAL_Driver/Src/stm32wbxx_hal.c.obj
 .debug_line    0x0000000000001ea6      0x81f CMakeFiles/wbble.elf.dir/Drivers/STM32WBxx_HAL_Driver/Src/stm32wbxx_hal_cortex.c.obj
 .debug_line    0x00000000000026c5      0x77b CMakeFiles/wbble.elf.dir/Drivers/STM32WBxx_HAL_Driver/Src/stm32wbxx_hal_gpio.c.obj
 .debug_line    0x0000000000002e40     0x1863 CMakeFiles/wbble.elf.dir/Drivers/STM32WBxx_HAL_Driver/Src/stm32wbxx_hal_pcd.c.obj
 .debug_line    0x00000000000046a3      0x511 CMakeFiles/wbble.elf.dir/Drivers/STM32WBxx_HAL_Driver/Src/stm32wbxx_hal_pcd_ex.c.obj
 .debug_line    0x0000000000004bb4      0x592 CMakeFiles/wbble.elf.dir/Drivers/STM32WBxx_HAL_Driver/Src/stm32wbxx_hal_pwr.c.obj
 .debug_line    0x0000000000005146      0xe65 CMakeFiles/wbble.elf.dir/Drivers/STM32WBxx_HAL_Driver/Src/stm32wbxx_hal_pwr_ex.c.obj
 .debug_line    0x0000000000005fab     0x1bd4 CMakeFiles/wbble.elf.dir/Drivers/STM32WBxx_HAL_Driver/Src/stm32wbxx_hal_rcc.c.obj
 .debug_line    0x0000000000007b7f     0x266e CMakeFiles/wbble.elf.dir/Drivers/STM32WBxx_HAL_Driver/Src/stm32wbxx_hal_rcc_ex.c.obj
 .debug_line    0x000000000000a1ed     0x632e CMakeFiles/wbble.elf.dir/Drivers/STM32WBxx_HAL_Driver/Src/stm32wbxx_hal_uart.c.obj
 .debug_line    0x000000000001051b      0xdb7 CMakeFiles/wbble.elf.dir/Drivers/STM32WBxx_HAL_Driver/Src/stm32wbxx_hal_uart_ex.c.obj
 .debug_line    0x00000000000112d2     0x1abe CMakeFiles/wbble.elf.dir/Drivers/STM32WBxx_HAL_Driver/Src/stm32wbxx_ll_usb.c.obj

.debug_str      0x0000000000000000     0x59ba
 .debug_str     0x0000000000000000     0x1243 CMakeFiles/wbble.elf.dir/Core/Src/main.c.obj
                                       0x1380 (size before relaxing)
 .debug_str     0x0000000000001243      0x10d CMakeFiles/wbble.elf.dir/Core/Src/stm32wbxx_hal_msp.c.obj
                                        0xee1 (size before relaxing)
 .debug_str     0x0000000000001350       0xd1 CMakeFiles/wbble.elf.dir/Core/Src/stm32wbxx_it.c.obj
                                        0x409 (size before relaxing)
 .debug_str     0x0000000000001421       0x7e CMakeFiles/wbble.elf.dir/Core/Src/system_stm32wbxx.c.obj
                                        0x5d4 (size before relaxing)
 .debug_str     0x000000000000149f       0x50 CMakeFiles/wbble.elf.dir/Core/Startup/startup_stm32wb55rgvx.s.obj
                                         0x6d (size before relaxing)
 .debug_str     0x00000000000014ef      0xd5c CMakeFiles/wbble.elf.dir/Drivers/STM32WBxx_HAL_Driver/Src/stm32wbxx_hal.c.obj
                                       0x138a (size before relaxing)
 .debug_str     0x000000000000224b      0x48e CMakeFiles/wbble.elf.dir/Drivers/STM32WBxx_HAL_Driver/Src/stm32wbxx_hal_cortex.c.obj
                                        0xcdb (size before relaxing)
 .debug_str     0x00000000000026d9      0x122 CMakeFiles/wbble.elf.dir/Drivers/STM32WBxx_HAL_Driver/Src/stm32wbxx_hal_gpio.c.obj
                                        0x60c (size before relaxing)
 .debug_str     0x00000000000027fb      0x514 CMakeFiles/wbble.elf.dir/Drivers/STM32WBxx_HAL_Driver/Src/stm32wbxx_hal_pcd.c.obj
                                        0xc2e (size before relaxing)
 .debug_str     0x0000000000002d0f      0x1b3 CMakeFiles/wbble.elf.dir/Drivers/STM32WBxx_HAL_Driver/Src/stm32wbxx_hal_pcd_ex.c.obj
                                        0x90a (size before relaxing)
 .debug_str     0x0000000000002ec2      0x341 CMakeFiles/wbble.elf.dir/Drivers/STM32WBxx_HAL_Driver/Src/stm32wbxx_hal_pwr.c.obj
                                        0x855 (size before relaxing)
 .debug_str     0x0000000000003203      0x89e CMakeFiles/wbble.elf.dir/Drivers/STM32WBxx_HAL_Driver/Src/stm32wbxx_hal_pwr_ex.c.obj
                                        0xefe (size before relaxing)
 .debug_str     0x0000000000003aa1      0x806 CMakeFiles/wbble.elf.dir/Drivers/STM32WBxx_HAL_Driver/Src/stm32wbxx_hal_rcc.c.obj
                                       0x1183 (size before relaxing)
 .debug_str     0x00000000000042a7      0xb2c CMakeFiles/wbble.elf.dir/Drivers/STM32WBxx_HAL_Driver/Src/stm32wbxx_hal_rcc_ex.c.obj
                                       0x1728 (size before relaxing)
 .debug_str     0x0000000000004dd3      0x8b8 CMakeFiles/wbble.elf.dir/Drivers/STM32WBxx_HAL_Driver/Src/stm32wbxx_hal_uart.c.obj
                                       0x1474 (size before relaxing)
 .debug_str     0x000000000000568b      0x249 CMakeFiles/wbble.elf.dir/Drivers/STM32WBxx_HAL_Driver/Src/stm32wbxx_hal_uart_ex.c.obj
                                        0xc91 (size before relaxing)
 .debug_str     0x00000000000058d4       0xe6 CMakeFiles/wbble.elf.dir/Drivers/STM32WBxx_HAL_Driver/Src/stm32wbxx_ll_usb.c.obj
                                        0x812 (size before relaxing)

.comment        0x0000000000000000       0x79
 .comment       0x0000000000000000       0x79 CMakeFiles/wbble.elf.dir/Core/Src/main.c.obj
                                         0x7a (size before relaxing)
 .comment       0x0000000000000079       0x7a CMakeFiles/wbble.elf.dir/Core/Src/stm32wbxx_hal_msp.c.obj
 .comment       0x0000000000000079       0x7a CMakeFiles/wbble.elf.dir/Core/Src/stm32wbxx_it.c.obj
 .comment       0x0000000000000079       0x7a CMakeFiles/wbble.elf.dir/Core/Src/system_stm32wbxx.c.obj
 .comment       0x0000000000000079       0x7a CMakeFiles/wbble.elf.dir/Drivers/STM32WBxx_HAL_Driver/Src/stm32wbxx_hal.c.obj
 .comment       0x0000000000000079       0x7a CMakeFiles/wbble.elf.dir/Drivers/STM32WBxx_HAL_Driver/Src/stm32wbxx_hal_cortex.c.obj
 .comment       0x0000000000000079       0x7a CMakeFiles/wbble.elf.dir/Drivers/STM32WBxx_HAL_Driver/Src/stm32wbxx_hal_gpio.c.obj
 .comment       0x0000000000000079       0x7a CMakeFiles/wbble.elf.dir/Drivers/STM32WBxx_HAL_Driver/Src/stm32wbxx_hal_pcd.c.obj
 .comment       0x0000000000000079       0x7a CMakeFiles/wbble.elf.dir/Drivers/STM32WBxx_HAL_Driver/Src/stm32wbxx_hal_pcd_ex.c.obj
 .comment       0x0000000000000079       0x7a CMakeFiles/wbble.elf.dir/Drivers/STM32WBxx_HAL_Driver/Src/stm32wbxx_hal_pwr.c.obj
 .comment       0x0000000000000079       0x7a CMakeFiles/wbble.elf.dir/Drivers/STM32WBxx_HAL_Driver/Src/stm32wbxx_hal_pwr_ex.c.obj
 .comment       0x0000000000000079       0x7a CMakeFiles/wbble.elf.dir/Drivers/STM32WBxx_HAL_Driver/Src/stm32wbxx_hal_rcc.c.obj
 .comment       0x0000000000000079       0x7a CMakeFiles/wbble.elf.dir/Drivers/STM32WBxx_HAL_Driver/Src/stm32wbxx_hal_rcc_ex.c.obj
 .comment       0x0000000000000079       0x7a CMakeFiles/wbble.elf.dir/Drivers/STM32WBxx_HAL_Driver/Src/stm32wbxx_hal_uart.c.obj
 .comment       0x0000000000000079       0x7a CMakeFiles/wbble.elf.dir/Drivers/STM32WBxx_HAL_Driver/Src/stm32wbxx_hal_uart_ex.c.obj
 .comment       0x0000000000000079       0x7a CMakeFiles/wbble.elf.dir/Drivers/STM32WBxx_HAL_Driver/Src/stm32wbxx_ll_usb.c.obj

.debug_frame    0x0000000000000000     0x2060
 .debug_frame   0x0000000000000000       0xac CMakeFiles/wbble.elf.dir/Core/Src/main.c.obj
 .debug_frame   0x00000000000000ac       0x90 CMakeFiles/wbble.elf.dir/Core/Src/stm32wbxx_hal_msp.c.obj
 .debug_frame   0x000000000000013c       0xa8 CMakeFiles/wbble.elf.dir/Core/Src/stm32wbxx_it.c.obj
 .debug_frame   0x00000000000001e4       0x30 CMakeFiles/wbble.elf.dir/Core/Src/system_stm32wbxx.c.obj
 .debug_frame   0x0000000000000214      0x2cc CMakeFiles/wbble.elf.dir/Drivers/STM32WBxx_HAL_Driver/Src/stm32wbxx_hal.c.obj
 .debug_frame   0x00000000000004e0      0x14c CMakeFiles/wbble.elf.dir/Drivers/STM32WBxx_HAL_Driver/Src/stm32wbxx_hal_cortex.c.obj
 .debug_frame   0x000000000000062c       0xd0 CMakeFiles/wbble.elf.dir/Drivers/STM32WBxx_HAL_Driver/Src/stm32wbxx_hal_gpio.c.obj
 .debug_frame   0x00000000000006fc      0x33c CMakeFiles/wbble.elf.dir/Drivers/STM32WBxx_HAL_Driver/Src/stm32wbxx_hal_pcd.c.obj
 .debug_frame   0x0000000000000a38       0x9c CMakeFiles/wbble.elf.dir/Drivers/STM32WBxx_HAL_Driver/Src/stm32wbxx_hal_pcd_ex.c.obj
 .debug_frame   0x0000000000000ad4      0x120 CMakeFiles/wbble.elf.dir/Drivers/STM32WBxx_HAL_Driver/Src/stm32wbxx_hal_pwr.c.obj
 .debug_frame   0x0000000000000bf4      0x378 CMakeFiles/wbble.elf.dir/Drivers/STM32WBxx_HAL_Driver/Src/stm32wbxx_hal_pwr_ex.c.obj
 .debug_frame   0x0000000000000f6c      0x1dc CMakeFiles/wbble.elf.dir/Drivers/STM32WBxx_HAL_Driver/Src/stm32wbxx_hal_rcc.c.obj
 .debug_frame   0x0000000000001148      0x2dc CMakeFiles/wbble.elf.dir/Drivers/STM32WBxx_HAL_Driver/Src/stm32wbxx_hal_rcc_ex.c.obj
 .debug_frame   0x0000000000001424      0x680 CMakeFiles/wbble.elf.dir/Drivers/STM32WBxx_HAL_Driver/Src/stm32wbxx_hal_uart.c.obj
 .debug_frame   0x0000000000001aa4      0x1c8 CMakeFiles/wbble.elf.dir/Drivers/STM32WBxx_HAL_Driver/Src/stm32wbxx_hal_uart_ex.c.obj
 .debug_frame   0x0000000000001c6c      0x19c CMakeFiles/wbble.elf.dir/Drivers/STM32WBxx_HAL_Driver/Src/stm32wbxx_ll_usb.c.obj
 .debug_frame   0x0000000000001e08       0x2c /opt/homebrew/Cellar/arm-none-eabi-gcc/9-2019-q4-major/gcc/bin/../lib/gcc/arm-none-eabi/9.2.1/thumb/v7e-m/nofp/libgcc.a(_aeabi_uldivmod.o)
 .debug_frame   0x0000000000001e34       0x34 /opt/homebrew/Cellar/arm-none-eabi-gcc/9-2019-q4-major/gcc/bin/../lib/gcc/arm-none-eabi/9.2.1/thumb/v7e-m/nofp/libgcc.a(_udivmoddi4.o)
 .debug_frame   0x0000000000001e68       0x2c /opt/homebrew/Cellar/arm-none-eabi-gcc/9-2019-q4-major/gcc/bin/../lib/gcc/arm-none-eabi/9.2.1/../../../../arm-none-eabi/lib/thumb/v7e-m/nofp/libg.a(lib_a-init.o)
 .debug_frame   0x0000000000001e94       0x38 /opt/homebrew/Cellar/arm-none-eabi-gcc/9-2019-q4-major/gcc/bin/../lib/gcc/arm-none-eabi/9.2.1/../../../../arm-none-eabi/lib/thumb/v7e-m/nofp/libg.a(lib_a-memset.o)
 .debug_frame   0x0000000000001ecc       0x5c /opt/homebrew/Cellar/arm-none-eabi-gcc/9-2019-q4-major/gcc/bin/../lib/gcc/arm-none-eabi/9.2.1/../../../../arm-none-eabi/lib/thumb/v7e-m/nofp/libg.a(lib_a-__call_atexit.o)
 .debug_frame   0x0000000000001f28       0x20 /opt/homebrew/Cellar/arm-none-eabi-gcc/9-2019-q4-major/gcc/bin/../lib/gcc/arm-none-eabi/9.2.1/../../../../arm-none-eabi/lib/thumb/v7e-m/nofp/libg.a(lib_a-atexit.o)
 .debug_frame   0x0000000000001f48       0x34 /opt/homebrew/Cellar/arm-none-eabi-gcc/9-2019-q4-major/gcc/bin/../lib/gcc/arm-none-eabi/9.2.1/../../../../arm-none-eabi/lib/thumb/v7e-m/nofp/libg.a(lib_a-fini.o)
 .debug_frame   0x0000000000001f7c       0xb0 /opt/homebrew/Cellar/arm-none-eabi-gcc/9-2019-q4-major/gcc/bin/../lib/gcc/arm-none-eabi/9.2.1/../../../../arm-none-eabi/lib/thumb/v7e-m/nofp/libg.a(lib_a-lock.o)
 .debug_frame   0x000000000000202c       0x34 /opt/homebrew/Cellar/arm-none-eabi-gcc/9-2019-q4-major/gcc/bin/../lib/gcc/arm-none-eabi/9.2.1/../../../../arm-none-eabi/lib/thumb/v7e-m/nofp/libg.a(lib_a-__atexit.o)
