Archive member included to satisfy reference by file (symbol)

/opt/homebrew/Cellar/arm-none-eabi-gcc/9-2019-q4-major/gcc/bin/../lib/gcc/arm-none-eabi/9.2.1/thumb/v7e-m/nofp/libgcc.a(_aeabi_uldivmod.o)
                              CMakeFiles/wbble.elf.dir/Drivers/STM32WBxx_HAL_Driver/Src/stm32wbxx_hal_uart.c.obj (__aeabi_uldivmod)
/opt/homebrew/Cellar/arm-none-eabi-gcc/9-2019-q4-major/gcc/bin/../lib/gcc/arm-none-eabi/9.2.1/thumb/v7e-m/nofp/libgcc.a(_udivmoddi4.o)
                              /opt/homebrew/Cellar/arm-none-eabi-gcc/9-2019-q4-major/gcc/bin/../lib/gcc/arm-none-eabi/9.2.1/thumb/v7e-m/nofp/libgcc.a(_aeabi_uldivmod.o) (__udivmoddi4)
/opt/homebrew/Cellar/arm-none-eabi-gcc/9-2019-q4-major/gcc/bin/../lib/gcc/arm-none-eabi/9.2.1/thumb/v7e-m/nofp/libgcc.a(_dvmd_tls.o)
                              /opt/homebrew/Cellar/arm-none-eabi-gcc/9-2019-q4-major/gcc/bin/../lib/gcc/arm-none-eabi/9.2.1/thumb/v7e-m/nofp/libgcc.a(_aeabi_uldivmod.o) (__aeabi_ldiv0)
/opt/homebrew/Cellar/arm-none-eabi-gcc/9-2019-q4-major/gcc/bin/../lib/gcc/arm-none-eabi/9.2.1/../../../../arm-none-eabi/lib/thumb/v7e-m/nofp/libg.a(lib_a-errno.o)
                              CMakeFiles/wbble.elf.dir/Core/Src/syscalls.c.obj (__errno)
/opt/homebrew/Cellar/arm-none-eabi-gcc/9-2019-q4-major/gcc/bin/../lib/gcc/arm-none-eabi/9.2.1/../../../../arm-none-eabi/lib/thumb/v7e-m/nofp/libg.a(lib_a-exit.o)
                              /opt/homebrew/Cellar/arm-none-eabi-gcc/9-2019-q4-major/gcc/bin/../lib/gcc/arm-none-eabi/9.2.1/../../../../arm-none-eabi/lib/thumb/v7e-m/nofp/crt0.o (exit)
/opt/homebrew/Cellar/arm-none-eabi-gcc/9-2019-q4-major/gcc/bin/../lib/gcc/arm-none-eabi/9.2.1/../../../../arm-none-eabi/lib/thumb/v7e-m/nofp/libg.a(lib_a-impure.o)
                              /opt/homebrew/Cellar/arm-none-eabi-gcc/9-2019-q4-major/gcc/bin/../lib/gcc/arm-none-eabi/9.2.1/../../../../arm-none-eabi/lib/thumb/v7e-m/nofp/libg.a(lib_a-exit.o) (_global_impure_ptr)
/opt/homebrew/Cellar/arm-none-eabi-gcc/9-2019-q4-major/gcc/bin/../lib/gcc/arm-none-eabi/9.2.1/../../../../arm-none-eabi/lib/thumb/v7e-m/nofp/libg.a(lib_a-init.o)
                              /opt/homebrew/Cellar/arm-none-eabi-gcc/9-2019-q4-major/gcc/bin/../lib/gcc/arm-none-eabi/9.2.1/../../../../arm-none-eabi/lib/thumb/v7e-m/nofp/crt0.o (__libc_init_array)
/opt/homebrew/Cellar/arm-none-eabi-gcc/9-2019-q4-major/gcc/bin/../lib/gcc/arm-none-eabi/9.2.1/../../../../arm-none-eabi/lib/thumb/v7e-m/nofp/libg.a(lib_a-memset.o)
                              /opt/homebrew/Cellar/arm-none-eabi-gcc/9-2019-q4-major/gcc/bin/../lib/gcc/arm-none-eabi/9.2.1/../../../../arm-none-eabi/lib/thumb/v7e-m/nofp/crt0.o (memset)
/opt/homebrew/Cellar/arm-none-eabi-gcc/9-2019-q4-major/gcc/bin/../lib/gcc/arm-none-eabi/9.2.1/../../../../arm-none-eabi/lib/thumb/v7e-m/nofp/libg.a(lib_a-printf.o)
                              CMakeFiles/wbble.elf.dir/Core/Src/main.c.obj (printf)
/opt/homebrew/Cellar/arm-none-eabi-gcc/9-2019-q4-major/gcc/bin/../lib/gcc/arm-none-eabi/9.2.1/../../../../arm-none-eabi/lib/thumb/v7e-m/nofp/libg.a(lib_a-vfprintf.o)
                              /opt/homebrew/Cellar/arm-none-eabi-gcc/9-2019-q4-major/gcc/bin/../lib/gcc/arm-none-eabi/9.2.1/../../../../arm-none-eabi/lib/thumb/v7e-m/nofp/libg.a(lib_a-printf.o) (_vfprintf_r)
/opt/homebrew/Cellar/arm-none-eabi-gcc/9-2019-q4-major/gcc/bin/../lib/gcc/arm-none-eabi/9.2.1/../../../../arm-none-eabi/lib/thumb/v7e-m/nofp/libg.a(lib_a-wsetup.o)
                              /opt/homebrew/Cellar/arm-none-eabi-gcc/9-2019-q4-major/gcc/bin/../lib/gcc/arm-none-eabi/9.2.1/../../../../arm-none-eabi/lib/thumb/v7e-m/nofp/libg.a(lib_a-vfprintf.o) (__swsetup_r)
/opt/homebrew/Cellar/arm-none-eabi-gcc/9-2019-q4-major/gcc/bin/../lib/gcc/arm-none-eabi/9.2.1/../../../../arm-none-eabi/lib/thumb/v7e-m/nofp/libg.a(lib_a-__call_atexit.o)
                              /opt/homebrew/Cellar/arm-none-eabi-gcc/9-2019-q4-major/gcc/bin/../lib/gcc/arm-none-eabi/9.2.1/../../../../arm-none-eabi/lib/thumb/v7e-m/nofp/libg.a(lib_a-exit.o) (__call_exitprocs)
/opt/homebrew/Cellar/arm-none-eabi-gcc/9-2019-q4-major/gcc/bin/../lib/gcc/arm-none-eabi/9.2.1/../../../../arm-none-eabi/lib/thumb/v7e-m/nofp/libg.a(lib_a-atexit.o)
                              /opt/homebrew/Cellar/arm-none-eabi-gcc/9-2019-q4-major/gcc/bin/../lib/gcc/arm-none-eabi/9.2.1/../../../../arm-none-eabi/lib/thumb/v7e-m/nofp/libg.a(lib_a-__call_atexit.o) (atexit)
/opt/homebrew/Cellar/arm-none-eabi-gcc/9-2019-q4-major/gcc/bin/../lib/gcc/arm-none-eabi/9.2.1/../../../../arm-none-eabi/lib/thumb/v7e-m/nofp/libg.a(lib_a-dtoa.o)
                              /opt/homebrew/Cellar/arm-none-eabi-gcc/9-2019-q4-major/gcc/bin/../lib/gcc/arm-none-eabi/9.2.1/../../../../arm-none-eabi/lib/thumb/v7e-m/nofp/libg.a(lib_a-vfprintf.o) (_dtoa_r)
/opt/homebrew/Cellar/arm-none-eabi-gcc/9-2019-q4-major/gcc/bin/../lib/gcc/arm-none-eabi/9.2.1/../../../../arm-none-eabi/lib/thumb/v7e-m/nofp/libg.a(lib_a-fflush.o)
[...]
Memory Configuration

Name             Origin             Length             Attributes
FLASH            0x0000000008000000 0x0000000000080000 xr
RAM1             0x0000000020000004 0x000000000002fffc xrw
RAM_SHARED       0x0000000020030000 0x0000000000002800 xrw
*default*        0x0000000000000000 0xffffffffffffffff

Linker script and memory map

LOAD /opt/homebrew/Cellar/arm-none-eabi-gcc/9-2019-q4-major/gcc/bin/../lib/gcc/arm-none-eabi/9.2.1/thumb/v7e-m/nofp/crti.o
LOAD /opt/homebrew/Cellar/arm-none-eabi-gcc/9-2019-q4-major/gcc/bin/../lib/gcc/arm-none-eabi/9.2.1/thumb/v7e-m/nofp/crtbegin.o
LOAD /opt/homebrew/Cellar/arm-none-eabi-gcc/9-2019-q4-major/gcc/bin/../lib/gcc/arm-none-eabi/9.2.1/../../../../arm-none-eabi/lib/thumb/v7e-m/nofp/crt0.o
LOAD CMakeFiles/wbble.elf.dir/Core/Src/led.c.obj
LOAD CMakeFiles/wbble.elf.dir/Core/Src/log.c.obj
LOAD CMakeFiles/wbble.elf.dir/Core/Src/main.c.obj
LOAD CMakeFiles/wbble.elf.dir/Core/Src/stm32wbxx_hal_msp.c.obj
LOAD CMakeFiles/wbble.elf.dir/Core/Src/stm32wbxx_it.c.obj
LOAD CMakeFiles/wbble.elf.dir/Core/Src/syscalls.c.obj
LOAD CMakeFiles/wbble.elf.dir/Core/Src/sysmem.c.obj
LOAD CMakeFiles/wbble.elf.dir/Core/Src/system_stm32wbxx.c.obj
LOAD CMakeFiles/wbble.elf.dir/Core/Startup/startup_stm32wb55rgvx.s.obj
LOAD CMakeFiles/wbble.elf.dir/Drivers/STM32WBxx_HAL_Driver/Src/stm32wbxx_hal.c.obj
LOAD CMakeFiles/wbble.elf.dir/Drivers/STM32WBxx_HAL_Driver/Src/stm32wbxx_hal_cortex.c.obj
LOAD CMakeFiles/wbble.elf.dir/Drivers/STM32WBxx_HAL_Driver/Src/stm32wbxx_hal_dma.c.obj
LOAD CMakeFiles/wbble.elf.dir/Drivers/STM32WBxx_HAL_Driver/Src/stm32wbxx_hal_dma_ex.c.obj
LOAD CMakeFiles/wbble.elf.dir/Drivers/STM32WBxx_HAL_Driver/Src/stm32wbxx_hal_exti.c.obj
LOAD CMakeFiles/wbble.elf.dir/Drivers/STM32WBxx_HAL_Driver/Src/stm32wbxx_hal_flash.c.obj
LOAD CMakeFiles/wbble.elf.dir/Drivers/STM32WBxx_HAL_Driver/Src/stm32wbxx_hal_flash_ex.c.obj
LOAD CMakeFiles/wbble.elf.dir/Drivers/STM32WBxx_HAL_Driver/Src/stm32wbxx_hal_gpio.c.obj
LOAD CMakeFiles/wbble.elf.dir/Drivers/STM32WBxx_HAL_Driver/Src/stm32wbxx_hal_hsem.c.obj
LOAD CMakeFiles/wbble.elf.dir/Drivers/STM32WBxx_HAL_Driver/Src/stm32wbxx_hal_pwr.c.obj
LOAD CMakeFiles/wbble.elf.dir/Drivers/STM32WBxx_HAL_Driver/Src/stm32wbxx_hal_pwr_ex.c.obj
LOAD CMakeFiles/wbble.elf.dir/Drivers/STM32WBxx_HAL_Driver/Src/stm32wbxx_hal_rcc.c.obj
LOAD CMakeFiles/wbble.elf.dir/Drivers/STM32WBxx_HAL_Driver/Src/stm32wbxx_hal_rcc_ex.c.obj
LOAD CMakeFiles/wbble.elf.dir/Drivers/STM32WBxx_HAL_Driver/Src/stm32wbxx_hal_tim.c.obj
LOAD CMakeFiles/wbble.elf.dir/Drivers/STM32WBxx_HAL_Driver/Src/stm32wbxx_hal_tim_ex.c.obj
LOAD CMakeFiles/wbble.elf.dir/Drivers/STM32WBxx_HAL_Driver/Src/stm32wbxx_hal_uart.c.obj
LOAD CMakeFiles/wbble.elf.dir/Drivers/STM32WBxx_HAL_Driver/Src/stm32wbxx_hal_uart_ex.c.obj
START GROUP
LOAD /opt/homebrew/Cellar/arm-none-eabi-gcc/9-2019-q4-major/gcc/bin/../lib/gcc/arm-none-eabi/9.2.1/thumb/v7e-m/nofp/libgcc.a
LOAD /opt/homebrew/Cellar/arm-none-eabi-gcc/9-2019-q4-major/gcc/bin/../lib/gcc/arm-none-eabi/9.2.1/../../../../arm-none-eabi/lib/thumb/v7e-m/nofp/libg.a
LOAD /opt/homebrew/Cellar/arm-none-eabi-gcc/9-2019-q4-major/gcc/bin/../lib/gcc/arm-none-eabi/9.2.1/../../../../arm-none-eabi/lib/thumb/v7e-m/nofp/libc.a
END GROUP
LOAD /opt/homebrew/Cellar/arm-none-eabi-gcc/9-2019-q4-major/gcc/bin/../lib/gcc/arm-none-eabi/9.2.1/thumb/v7e-m/nofp/crtend.o
LOAD /opt/homebrew/Cellar/arm-none-eabi-gcc/9-2019-q4-major/gcc/bin/../lib/gcc/arm-none-eabi/9.2.1/thumb/v7e-m/nofp/crtn.o
                0x0000000020030000                _estack = (ORIGIN (RAM1) + LENGTH (RAM1))
                0x0000000000000200                _Min_Heap_Size = 0x200
                0x0000000000000400                _Min_Stack_Size = 0x400

.isr_vector     0x0000000008000000      0x13c
                0x0000000008000000                . = ALIGN (0x4)
 *(.isr_vector)
 .isr_vector    0x0000000008000000      0x13c CMakeFiles/wbble.elf.dir/Core/Startup/startup_stm32wb55rgvx.s.obj
                0x0000000008000000                g_pfnVectors
                0x000000000800013c                . = ALIGN (0x4)

.text           0x0000000008000140     0x846c
                0x0000000008000140                . = ALIGN (0x4)
 *(.text)
 .text          0x0000000008000140       0x40 /opt/homebrew/Cellar/arm-none-eabi-gcc/9-2019-q4-major/gcc/bin/../lib/gcc/arm-none-eabi/9.2.1/thumb/v7e-m/nofp/crtbegin.o
 .text          0x0000000008000180       0x30 /opt/homebrew/Cellar/arm-none-eabi-gcc/9-2019-q4-major/gcc/bin/../lib/gcc/arm-none-eabi/9.2.1/thumb/v7e-m/nofp/libgcc.a(_aeabi_uldivmod.o)
                0x0000000008000180                __aeabi_uldivmod
 .text          0x00000000080001b0      0x2c0 /opt/homebrew/Cellar/arm-none-eabi-gcc/9-2019-q4-major/gcc/bin/../lib/gcc/arm-none-eabi/9.2.1/thumb/v7e-m/nofp/libgcc.a(_udivmoddi4.o)
                0x00000000080001b0                __udivmoddi4
 .text          0x0000000008000470        0x4 /opt/homebrew/Cellar/arm-none-eabi-gcc/9-2019-q4-major/gcc/bin/../lib/gcc/arm-none-eabi/9.2.1/thumb/v7e-m/nofp/libgcc.a(_dvmd_tls.o)
                0x0000000008000470                __aeabi_ldiv0
                0x0000000008000470                __aeabi_idiv0
 *fill*         0x0000000008000474        0xc 
 .text          0x0000000008000480       0xa0 /opt/homebrew/Cellar/arm-none-eabi-gcc/9-2019-q4-major/gcc/bin/../lib/gcc/arm-none-eabi/9.2.1/../../../../arm-none-eabi/lib/thumb/v7e-m/nofp/libg.a(lib_a-memchr.o)
                0x0000000008000480                memchr
 .text          0x0000000008000520      0x134 /opt/homebrew/Cellar/arm-none-eabi-gcc/9-2019-q4-major/gcc/bin/../lib/gcc/arm-none-eabi/9.2.1/../../../../arm-none-eabi/lib/thumb/v7e-m/nofp/libg.a(lib_a-memcpy.o)
                0x0000000008000520                memcpy
 *fill*         0x0000000008000654       0x2c 
 .text          0x0000000008000680       0xdc /opt/homebrew/Cellar/arm-none-eabi-gcc/9-2019-q4-major/gcc/bin/../lib/gcc/arm-none-eabi/9.2.1/../../../../arm-none-eabi/lib/thumb/v7e-m/nofp/libg.a(lib_a-strlen.o)
                0x0000000008000680                strlen
 .text          0x000000000800075c      0x378 /opt/homebrew/Cellar/arm-none-eabi-gcc/9-2019-q4-major/gcc/bin/../lib/gcc/arm-none-eabi/9.2.1/thumb/v7e-m/nofp/libgcc.a(_arm_addsubdf3.o)
                0x000000000800075c                __aeabi_drsub
                0x0000000008000764                __subdf3
                0x0000000008000764                __aeabi_dsub
                0x0000000008000768                __aeabi_dadd
                0x0000000008000768                __adddf3
                0x00000000080009e0                __aeabi_ui2d
                0x00000000080009e0                __floatunsidf
                0x0000000008000a00                __floatsidf
                0x0000000008000a00                __aeabi_i2d
                0x0000000008000a24                __extendsfdf2
                0x0000000008000a24                __aeabi_f2d
                0x0000000008000a68                __aeabi_ul2d
                0x0000000008000a68                __floatundidf
                0x0000000008000a78                __aeabi_l2d
                0x0000000008000a78                __floatdidf
 .text          0x0000000008000ad4      0x424 /opt/homebrew/Cellar/arm-none-eabi-gcc/9-2019-q4-major/gcc/bin/../lib/gcc/arm-none-eabi/9.2.1/thumb/v7e-m/nofp/libgcc.a(_arm_muldivdf3.o)
                0x0000000008000ad4                __aeabi_dmul
                0x0000000008000ad4                __muldf3
                0x0000000008000d28                __aeabi_ddiv
                0x0000000008000d28                __divdf3
 .text          0x0000000008000ef8      0x110 /opt/homebrew/Cellar/arm-none-eabi-gcc/9-2019-q4-major/gcc/bin/../lib/gcc/arm-none-eabi/9.2.1/thumb/v7e-m/nofp/libgcc.a(_arm_cmpdf2.o)
                0x0000000008000ef8                __gedf2
                0x0000000008000ef8                __gtdf2
                0x0000000008000f00                __ledf2
                0x0000000008000f00                __ltdf2
                0x0000000008000f08                __cmpdf2
                0x0000000008000f08                __eqdf2
                0x0000000008000f08                __nedf2
                0x0000000008000f84                __aeabi_cdrcmple
                0x0000000008000f94                __aeabi_cdcmple
                0x0000000008000f94                __aeabi_cdcmpeq
                0x0000000008000fa4                __aeabi_dcmpeq
                0x0000000008000fb8                __aeabi_dcmplt
                0x0000000008000fcc                __aeabi_dcmple
                0x0000000008000fe0                __aeabi_dcmpge
                0x0000000008000ff4                __aeabi_dcmpgt
 .text          0x0000000008001008       0x2c /opt/homebrew/Cellar/arm-none-eabi-gcc/9-2019-q4-major/gcc/bin/../lib/gcc/arm-none-eabi/9.2.1/thumb/v7e-m/nofp/libgcc.a(_arm_unorddf2.o)
                0x0000000008001008                __aeabi_dcmpun
                0x0000000008001008                __unorddf2
 .text          0x0000000008001034       0x50 /opt/homebrew/Cellar/arm-none-eabi-gcc/9-2019-q4-major/gcc/bin/../lib/gcc/arm-none-eabi/9.2.1/thumb/v7e-m/nofp/libgcc.a(_arm_fixdfsi.o)
                0x0000000008001034                __fixdfsi
                0x0000000008001034                __aeabi_d2iz
 *(.text*)
 .text.ToggleRedLed
                0x0000000008001084       0x10 CMakeFiles/wbble.elf.dir/Core/Src/led.c.obj
                0x0000000008001084                ToggleRedLed
 .text.ToggleGreenLed
                0x0000000008001094       0x10 CMakeFiles/wbble.elf.dir/Core/Src/led.c.obj
                0x0000000008001094                ToggleGreenLed
 .text.ToggleBlueLed
                0x00000000080010a4       0x10 CMakeFiles/wbble.elf.dir/Core/Src/led.c.obj
                0x00000000080010a4                ToggleBlueLed
 .text.ToggleLed
                0x00000000080010b4       0x2e CMakeFiles/wbble.elf.dir/Core/Src/led.c.obj
                0x00000000080010b4                ToggleLed
 .text.LedTest  0x00000000080010e2       0x40 CMakeFiles/wbble.elf.dir/Core/Src/led.c.obj
                0x00000000080010e2                LedTest
 *fill*         0x0000000008001122        0x2 
 .text.MX_GPIO_Init
                0x0000000008001124       0xc8 CMakeFiles/wbble.elf.dir/Core/Src/main.c.obj
 .text.MX_DMA_Init
                0x00000000080011ec       0x42 CMakeFiles/wbble.elf.dir/Core/Src/main.c.obj
 .text.Error_Handler
                0x000000000800122e        0x4 CMakeFiles/wbble.elf.dir/Core/Src/main.c.obj
                0x000000000800122e                Error_Handler
 *fill*         0x0000000008001232        0x2 
 .text.MX_USART1_UART_Init
                0x0000000008001234       0x60 CMakeFiles/wbble.elf.dir/Core/Src/main.c.obj
 .text.SystemClock_Config
                0x0000000008001294       0xa8 CMakeFiles/wbble.elf.dir/Core/Src/main.c.obj
                0x0000000008001294                SystemClock_Config
 .text.main     0x000000000800133c       0x34 CMakeFiles/wbble.elf.dir/Core/Src/main.c.obj
                0x000000000800133c                main
 .text.HAL_MspInit
                0x0000000008001370        0x2 CMakeFiles/wbble.elf.dir/Core/Src/stm32wbxx_hal_msp.c.obj
                0x0000000008001370                HAL_MspInit
 *fill*         0x0000000008001372        0x2 
 .text.HAL_UART_MspInit
                0x0000000008001374       0xb4 CMakeFiles/wbble.elf.dir/Core/Src/stm32wbxx_hal_msp.c.obj
                0x0000000008001374                HAL_UART_MspInit
 .text.NMI_Handler
                0x0000000008001428        0x2 CMakeFiles/wbble.elf.dir/Core/Src/stm32wbxx_it.c.obj
                0x0000000008001428                NMI_Handler
 .text.HardFault_Handler
                0x000000000800142a        0x2 CMakeFiles/wbble.elf.dir/Core/Src/stm32wbxx_it.c.obj
                0x000000000800142a                HardFault_Handler
 .text.MemManage_Handler
                0x000000000800142c        0x2 CMakeFiles/wbble.elf.dir/Core/Src/stm32wbxx_it.c.obj
                0x000000000800142c                MemManage_Handler
 .text.BusFault_Handler
                0x000000000800142e        0x2 CMakeFiles/wbble.elf.dir/Core/Src/stm32wbxx_it.c.obj
                0x000000000800142e                BusFault_Handler
 .text.UsageFault_Handler
                0x0000000008001430        0x2 CMakeFiles/wbble.elf.dir/Core/Src/stm32wbxx_it.c.obj
                0x0000000008001430                UsageFault_Handler
 .text.SVC_Handler
                0x0000000008001432        0x2 CMakeFiles/wbble.elf.dir/Core/Src/stm32wbxx_it.c.obj
                0x0000000008001432                SVC_Handler
 .text.DebugMon_Handler
                0x0000000008001434        0x2 CMakeFiles/wbble.elf.dir/Core/Src/stm32wbxx_it.c.obj
                0x0000000008001434                DebugMon_Handler
 .text.PendSV_Handler
                0x0000000008001436        0x2 CMakeFiles/wbble.elf.dir/Core/Src/stm32wbxx_it.c.obj
                0x0000000008001436                PendSV_Handler
 .text.SysTick_Handler
                0x0000000008001438        0x8 CMakeFiles/wbble.elf.dir/Core/Src/stm32wbxx_it.c.obj
                0x0000000008001438                SysTick_Handler
 .text.USART1_IRQHandler
                0x0000000008001440       0x10 CMakeFiles/wbble.elf.dir/Core/Src/stm32wbxx_it.c.obj
                0x0000000008001440                USART1_IRQHandler
 .text.DMA2_Channel4_IRQHandler
                0x0000000008001450       0x10 CMakeFiles/wbble.elf.dir/Core/Src/stm32wbxx_it.c.obj
                0x0000000008001450                DMA2_Channel4_IRQHandler
 .text._read    0x0000000008001460       0x20 CMakeFiles/wbble.elf.dir/Core/Src/syscalls.c.obj
                0x0000000008001460                _read
 .text._write   0x0000000008001480       0x1c CMakeFiles/wbble.elf.dir/Core/Src/syscalls.c.obj
                0x0000000008001480                _write
 .text._close   0x000000000800149c        0x6 CMakeFiles/wbble.elf.dir/Core/Src/syscalls.c.obj
                0x000000000800149c                _close
 .text._fstat   0x00000000080014a2        0xa CMakeFiles/wbble.elf.dir/Core/Src/syscalls.c.obj
                0x00000000080014a2                _fstat
 .text._isatty  0x00000000080014ac        0x4 CMakeFiles/wbble.elf.dir/Core/Src/syscalls.c.obj
                0x00000000080014ac                _isatty
 .text._lseek   0x00000000080014b0        0x4 CMakeFiles/wbble.elf.dir/Core/Src/syscalls.c.obj
                0x00000000080014b0                _lseek
 .text._sbrk    0x00000000080014b4       0x48 CMakeFiles/wbble.elf.dir/Core/Src/sysmem.c.obj
                0x00000000080014b4                _sbrk
 .text.SystemInit
                0x00000000080014fc       0x50 CMakeFiles/wbble.elf.dir/Core/Src/system_stm32wbxx.c.obj
                0x00000000080014fc                SystemInit
 .text.data_initializers
                0x000000000800154c       0x18 CMakeFiles/wbble.elf.dir/Core/Startup/startup_stm32wb55rgvx.s.obj
 .text.Reset_Handler
                0x0000000008001564       0x54 CMakeFiles/wbble.elf.dir/Core/Startup/startup_stm32wb55rgvx.s.obj
                0x0000000008001564                Reset_Handler
 .text.Default_Handler
                0x00000000080015b8        0x2 CMakeFiles/wbble.elf.dir/Core/Startup/startup_stm32wb55rgvx.s.obj
                0x00000000080015b8                DMA2_Channel3_IRQHandler
                0x00000000080015b8                EXTI2_IRQHandler
                0x00000000080015b8                TIM1_CC_IRQHandler
                0x00000000080015b8                TSC_IRQHandler
                0x00000000080015b8                USB_HP_IRQHandler
                0x00000000080015b8                EXTI3_IRQHandler
                0x00000000080015b8                LPTIM2_IRQHandler
                0x00000000080015b8                I2C3_ER_IRQHandler
                0x00000000080015b8                EXTI0_IRQHandler
                0x00000000080015b8                FPU_IRQHandler
                0x00000000080015b8                TIM1_UP_TIM16_IRQHandler
                0x00000000080015b8                AES1_IRQHandler
                0x00000000080015b8                SPI1_IRQHandler
                0x00000000080015b8                PWR_SOTF_BLEACT_802ACT_RFPHASE_IRQHandler
                0x00000000080015b8                DMA2_Channel2_IRQHandler
                0x00000000080015b8                DMA1_Channel4_IRQHandler
                0x00000000080015b8                ADC1_IRQHandler
                0x00000000080015b8                PKA_IRQHandler
                0x00000000080015b8                DMA1_Channel7_IRQHandler
                0x00000000080015b8                LCD_IRQHandler
                0x00000000080015b8                IPCC_C1_TX_IRQHandler
                0x00000000080015b8                DMA2_Channel1_IRQHandler
                0x00000000080015b8                QUADSPI_IRQHandler
                0x00000000080015b8                I2C1_EV_IRQHandler
                0x00000000080015b8                DMAMUX1_OVR_IRQHandler
                0x00000000080015b8                DMA1_Channel6_IRQHandler
                0x00000000080015b8                RCC_IRQHandler
                0x00000000080015b8                DMA1_Channel1_IRQHandler
                0x00000000080015b8                Default_Handler
                0x00000000080015b8                DMA2_Channel7_IRQHandler
                0x00000000080015b8                EXTI15_10_IRQHandler
                0x00000000080015b8                IPCC_C1_RX_IRQHandler
                0x00000000080015b8                C2SEV_PWR_C2H_IRQHandler
                0x00000000080015b8                AES2_IRQHandler
                0x00000000080015b8                I2C3_EV_IRQHandler
                0x00000000080015b8                EXTI9_5_IRQHandler
                0x00000000080015b8                RTC_WKUP_IRQHandler
                0x00000000080015b8                PVD_PVM_IRQHandler
                0x00000000080015b8                SPI2_IRQHandler
                0x00000000080015b8                DMA2_Channel5_IRQHandler
                0x00000000080015b8                CRS_IRQHandler
                0x00000000080015b8                DMA1_Channel5_IRQHandler
                0x00000000080015b8                USB_LP_IRQHandler
                0x00000000080015b8                EXTI4_IRQHandler
                0x00000000080015b8                RNG_IRQHandler
                0x00000000080015b8                TIM1_TRG_COM_TIM17_IRQHandler
                0x00000000080015b8                TAMP_STAMP_LSECSS_IRQHandler
                0x00000000080015b8                DMA1_Channel3_IRQHandler
                0x00000000080015b8                COMP_IRQHandler
                0x00000000080015b8                HSEM_IRQHandler
                0x00000000080015b8                WWDG_IRQHandler
                0x00000000080015b8                LPUART1_IRQHandler
                0x00000000080015b8                DMA2_Channel6_IRQHandler
                0x00000000080015b8                TIM2_IRQHandler
                0x00000000080015b8                TIM1_BRK_IRQHandler
                0x00000000080015b8                EXTI1_IRQHandler
                0x00000000080015b8                DMA1_Channel2_IRQHandler
                0x00000000080015b8                FLASH_IRQHandler
                0x00000000080015b8                I2C1_ER_IRQHandler
                0x00000000080015b8                LPTIM1_IRQHandler
                0x00000000080015b8                SAI1_IRQHandler
                0x00000000080015b8                RTC_Alarm_IRQHandler
 *fill*         0x00000000080015ba        0x2 
 .text.HAL_InitTick
                0x00000000080015bc       0x50 CMakeFiles/wbble.elf.dir/Drivers/STM32WBxx_HAL_Driver/Src/stm32wbxx_hal.c.obj
                0x00000000080015bc                HAL_InitTick
 .text.HAL_Init
                0x000000000800160c       0x2c CMakeFiles/wbble.elf.dir/Drivers/STM32WBxx_HAL_Driver/Src/stm32wbxx_hal.c.obj
                0x000000000800160c                HAL_Init
 .text.HAL_IncTick
                0x0000000008001638       0x18 CMakeFiles/wbble.elf.dir/Drivers/STM32WBxx_HAL_Driver/Src/stm32wbxx_hal.c.obj
                0x0000000008001638                HAL_IncTick
 .text.HAL_GetTick
                0x0000000008001650        0xc CMakeFiles/wbble.elf.dir/Drivers/STM32WBxx_HAL_Driver/Src/stm32wbxx_hal.c.obj
                0x0000000008001650                HAL_GetTick
 .text.HAL_GetTickPrio
                0x000000000800165c        0xc CMakeFiles/wbble.elf.dir/Drivers/STM32WBxx_HAL_Driver/Src/stm32wbxx_hal.c.obj
                0x000000000800165c                HAL_GetTickPrio
 .text.HAL_Delay
                0x0000000008001668       0x28 CMakeFiles/wbble.elf.dir/Drivers/STM32WBxx_HAL_Driver/Src/stm32wbxx_hal.c.obj
                0x0000000008001668                HAL_Delay
 .text.HAL_NVIC_SetPriorityGrouping
                0x0000000008001690       0x24 CMakeFiles/wbble.elf.dir/Drivers/STM32WBxx_HAL_Driver/Src/stm32wbxx_hal_cortex.c.obj
                0x0000000008001690                HAL_NVIC_SetPriorityGrouping
 .text.HAL_NVIC_SetPriority
                0x00000000080016b4       0x68 CMakeFiles/wbble.elf.dir/Drivers/STM32WBxx_HAL_Driver/Src/stm32wbxx_hal_cortex.c.obj
                0x00000000080016b4                HAL_NVIC_SetPriority
 .text.HAL_NVIC_EnableIRQ
                0x000000000800171c       0x1c CMakeFiles/wbble.elf.dir/Drivers/STM32WBxx_HAL_Driver/Src/stm32wbxx_hal_cortex.c.obj
                0x000000000800171c                HAL_NVIC_EnableIRQ
 .text.HAL_SYSTICK_Config
                0x0000000008001738       0x2c CMakeFiles/wbble.elf.dir/Drivers/STM32WBxx_HAL_Driver/Src/stm32wbxx_hal_cortex.c.obj
                0x0000000008001738                HAL_SYSTICK_Config
 .text.DMA_CalcDMAMUXChannelBaseAndMask
                0x0000000008001764       0x54 CMakeFiles/wbble.elf.dir/Drivers/STM32WBxx_HAL_Driver/Src/stm32wbxx_hal_dma.c.obj
 .text.DMA_CalcDMAMUXRequestGenBaseAndMask
                0x00000000080017b8       0x2c CMakeFiles/wbble.elf.dir/Drivers/STM32WBxx_HAL_Driver/Src/stm32wbxx_hal_dma.c.obj
 .text.HAL_DMA_Init
                0x00000000080017e4       0xdc CMakeFiles/wbble.elf.dir/Drivers/STM32WBxx_HAL_Driver/Src/stm32wbxx_hal_dma.c.obj
                0x00000000080017e4                HAL_DMA_Init
 .text.HAL_DMA_Abort
                0x00000000080018c0       0x74 CMakeFiles/wbble.elf.dir/Drivers/STM32WBxx_HAL_Driver/Src/stm32wbxx_hal_dma.c.obj
                0x00000000080018c0                HAL_DMA_Abort
 .text.HAL_DMA_Abort_IT
                0x0000000008001934       0x72 CMakeFiles/wbble.elf.dir/Drivers/STM32WBxx_HAL_Driver/Src/stm32wbxx_hal_dma.c.obj
                0x0000000008001934                HAL_DMA_Abort_IT
 .text.HAL_DMA_IRQHandler
                0x00000000080019a6       0xc4 CMakeFiles/wbble.elf.dir/Drivers/STM32WBxx_HAL_Driver/Src/stm32wbxx_hal_dma.c.obj
                0x00000000080019a6                HAL_DMA_IRQHandler
 *fill*         0x0000000008001a6a        0x2 
 .text.HAL_GPIO_Init
                0x0000000008001a6c      0x188 CMakeFiles/wbble.elf.dir/Drivers/STM32WBxx_HAL_Driver/Src/stm32wbxx_hal_gpio.c.obj
                0x0000000008001a6c                HAL_GPIO_Init
 .text.HAL_GPIO_WritePin
                0x0000000008001bf4        0xa CMakeFiles/wbble.elf.dir/Drivers/STM32WBxx_HAL_Driver/Src/stm32wbxx_hal_gpio.c.obj
                0x0000000008001bf4                HAL_GPIO_WritePin
 .text.HAL_GPIO_TogglePin
                0x0000000008001bfe       0x12 CMakeFiles/wbble.elf.dir/Drivers/STM32WBxx_HAL_Driver/Src/stm32wbxx_hal_gpio.c.obj
                0x0000000008001bfe                HAL_GPIO_TogglePin
 .text.HAL_PWR_EnableBkUpAccess
                0x0000000008001c10       0x10 CMakeFiles/wbble.elf.dir/Drivers/STM32WBxx_HAL_Driver/Src/stm32wbxx_hal_pwr.c.obj
                0x0000000008001c10                HAL_PWR_EnableBkUpAccess
 .text.HAL_PWREx_GetVoltageRange
                0x0000000008001c20       0x10 CMakeFiles/wbble.elf.dir/Drivers/STM32WBxx_HAL_Driver/Src/stm32wbxx_hal_pwr_ex.c.obj
                0x0000000008001c20                HAL_PWREx_GetVoltageRange
 .text.RCC_SetFlashLatency
                0x0000000008001c30       0xbc CMakeFiles/wbble.elf.dir/Drivers/STM32WBxx_HAL_Driver/Src/stm32wbxx_hal_rcc.c.obj
 .text.RCC_SetFlashLatencyFromMSIRange
                0x0000000008001cec       0x4c CMakeFiles/wbble.elf.dir/Drivers/STM32WBxx_HAL_Driver/Src/stm32wbxx_hal_rcc.c.obj
 .text.HAL_RCC_GetSysClockFreq
                0x0000000008001d38       0xc0 CMakeFiles/wbble.elf.dir/Drivers/STM32WBxx_HAL_Driver/Src/stm32wbxx_hal_rcc.c.obj
                0x0000000008001d38                HAL_RCC_GetSysClockFreq
 .text.HAL_RCC_GetHCLKFreq
                0x0000000008001df8       0x20 CMakeFiles/wbble.elf.dir/Drivers/STM32WBxx_HAL_Driver/Src/stm32wbxx_hal_rcc.c.obj
                0x0000000008001df8                HAL_RCC_GetHCLKFreq
 .text.HAL_RCC_OscConfig
                0x0000000008001e18      0x72c CMakeFiles/wbble.elf.dir/Drivers/STM32WBxx_HAL_Driver/Src/stm32wbxx_hal_rcc.c.obj
                0x0000000008001e18                HAL_RCC_OscConfig
 .text.HAL_RCC_ClockConfig
                0x0000000008002544      0x264 CMakeFiles/wbble.elf.dir/Drivers/STM32WBxx_HAL_Driver/Src/stm32wbxx_hal_rcc.c.obj
                0x0000000008002544                HAL_RCC_ClockConfig
 .text.HAL_RCC_GetPCLK1Freq
                0x00000000080027a8       0x24 CMakeFiles/wbble.elf.dir/Drivers/STM32WBxx_HAL_Driver/Src/stm32wbxx_hal_rcc.c.obj
                0x00000000080027a8                HAL_RCC_GetPCLK1Freq
 .text.HAL_RCC_GetPCLK2Freq
                0x00000000080027cc       0x24 CMakeFiles/wbble.elf.dir/Drivers/STM32WBxx_HAL_Driver/Src/stm32wbxx_hal_rcc.c.obj
                0x00000000080027cc                HAL_RCC_GetPCLK2Freq
 .text.RCCEx_PLLSAI1_ConfigNP
                0x00000000080027f0       0x8e CMakeFiles/wbble.elf.dir/Drivers/STM32WBxx_HAL_Driver/Src/stm32wbxx_hal_rcc_ex.c.obj
 .text.RCCEx_PLLSAI1_ConfigNQ
                0x000000000800287e       0x8e CMakeFiles/wbble.elf.dir/Drivers/STM32WBxx_HAL_Driver/Src/stm32wbxx_hal_rcc_ex.c.obj
 .text.RCCEx_PLLSAI1_ConfigNR
                0x000000000800290c       0x8e CMakeFiles/wbble.elf.dir/Drivers/STM32WBxx_HAL_Driver/Src/stm32wbxx_hal_rcc_ex.c.obj
 .text.HAL_RCCEx_PeriphCLKConfig
                0x000000000800299a      0x31e CMakeFiles/wbble.elf.dir/Drivers/STM32WBxx_HAL_Driver/Src/stm32wbxx_hal_rcc_ex.c.obj
                0x000000000800299a                HAL_RCCEx_PeriphCLKConfig
 .text.UART_EndRxTransfer
                0x0000000008002cb8       0x56 CMakeFiles/wbble.elf.dir/Drivers/STM32WBxx_HAL_Driver/Src/stm32wbxx_hal_uart.c.obj
 .text.HAL_UART_TxCpltCallback
                0x0000000008002d0e        0x2 CMakeFiles/wbble.elf.dir/Drivers/STM32WBxx_HAL_Driver/Src/stm32wbxx_hal_uart.c.obj
                0x0000000008002d0e                HAL_UART_TxCpltCallback
 .text.UART_EndTransmit_IT
                0x0000000008002d10       0x24 CMakeFiles/wbble.elf.dir/Drivers/STM32WBxx_HAL_Driver/Src/stm32wbxx_hal_uart.c.obj
 .text.HAL_UART_ErrorCallback
                0x0000000008002d34        0x2 CMakeFiles/wbble.elf.dir/Drivers/STM32WBxx_HAL_Driver/Src/stm32wbxx_hal_uart.c.obj
                0x0000000008002d34                HAL_UART_ErrorCallback
 .text.UART_DMAAbortOnError
                0x0000000008002d36       0x14 CMakeFiles/wbble.elf.dir/Drivers/STM32WBxx_HAL_Driver/Src/stm32wbxx_hal_uart.c.obj
 .text.HAL_UARTEx_RxEventCallback
                0x0000000008002d4a        0x2 CMakeFiles/wbble.elf.dir/Drivers/STM32WBxx_HAL_Driver/Src/stm32wbxx_hal_uart.c.obj
                0x0000000008002d4a                HAL_UARTEx_RxEventCallback
 .text.HAL_UART_IRQHandler
                0x0000000008002d4c      0x334 CMakeFiles/wbble.elf.dir/Drivers/STM32WBxx_HAL_Driver/Src/stm32wbxx_hal_uart.c.obj
                0x0000000008002d4c                HAL_UART_IRQHandler
 .text.UART_SetConfig
                0x0000000008003080      0x270 CMakeFiles/wbble.elf.dir/Drivers/STM32WBxx_HAL_Driver/Src/stm32wbxx_hal_uart.c.obj
                0x0000000008003080                UART_SetConfig
 .text.UART_AdvFeatureConfig
                0x00000000080032f0       0xca CMakeFiles/wbble.elf.dir/Drivers/STM32WBxx_HAL_Driver/Src/stm32wbxx_hal_uart.c.obj
                0x00000000080032f0                UART_AdvFeatureConfig
 .text.UART_WaitOnFlagUntilTimeout
                0x00000000080033ba       0xd8 CMakeFiles/wbble.elf.dir/Drivers/STM32WBxx_HAL_Driver/Src/stm32wbxx_hal_uart.c.obj
                0x00000000080033ba                UART_WaitOnFlagUntilTimeout
 .text.UART_CheckIdleState
                0x0000000008003492       0x74 CMakeFiles/wbble.elf.dir/Drivers/STM32WBxx_HAL_Driver/Src/stm32wbxx_hal_uart.c.obj
                0x0000000008003492                UART_CheckIdleState
 .text.HAL_UART_Init
                0x0000000008003506       0x66 CMakeFiles/wbble.elf.dir/Drivers/STM32WBxx_HAL_Driver/Src/stm32wbxx_hal_uart.c.obj
                0x0000000008003506                HAL_UART_Init
 .text.UARTEx_SetNbDataToProcess
                0x000000000800356c       0x4c CMakeFiles/wbble.elf.dir/Drivers/STM32WBxx_HAL_Driver/Src/stm32wbxx_hal_uart_ex.c.obj
 .text.HAL_UARTEx_WakeupCallback
                0x00000000080035b8        0x2 CMakeFiles/wbble.elf.dir/Drivers/STM32WBxx_HAL_Driver/Src/stm32wbxx_hal_uart_ex.c.obj
                0x00000000080035b8                HAL_UARTEx_WakeupCallback
 .text.HAL_UARTEx_RxFifoFullCallback
                0x00000000080035ba        0x2 CMakeFiles/wbble.elf.dir/Drivers/STM32WBxx_HAL_Driver/Src/stm32wbxx_hal_uart_ex.c.obj
                0x00000000080035ba                HAL_UARTEx_RxFifoFullCallback
 .text.HAL_UARTEx_TxFifoEmptyCallback
                0x00000000080035bc        0x2 CMakeFiles/wbble.elf.dir/Drivers/STM32WBxx_HAL_Driver/Src/stm32wbxx_hal_uart_ex.c.obj
                0x00000000080035bc                HAL_UARTEx_TxFifoEmptyCallback
 .text.HAL_UARTEx_DisableFifoMode
                0x00000000080035be       0x3e CMakeFiles/wbble.elf.dir/Drivers/STM32WBxx_HAL_Driver/Src/stm32wbxx_hal_uart_ex.c.obj
                0x00000000080035be                HAL_UARTEx_DisableFifoMode
 .text.HAL_UARTEx_SetTxFifoThreshold
                0x00000000080035fc       0x4a CMakeFiles/wbble.elf.dir/Drivers/STM32WBxx_HAL_Driver/Src/stm32wbxx_hal_uart_ex.c.obj
                0x00000000080035fc                HAL_UARTEx_SetTxFifoThreshold
 .text.HAL_UARTEx_SetRxFifoThreshold
                0x0000000008003646       0x4a CMakeFiles/wbble.elf.dir/Drivers/STM32WBxx_HAL_Driver/Src/stm32wbxx_hal_uart_ex.c.obj
                0x0000000008003646                HAL_UARTEx_SetRxFifoThreshold
 .text.__errno  0x0000000008003690        0xc /opt/homebrew/Cellar/arm-none-eabi-gcc/9-2019-q4-major/gcc/bin/../lib/gcc/arm-none-eabi/9.2.1/../../../../arm-none-eabi/lib/thumb/v7e-m/nofp/libg.a(lib_a-errno.o)
                0x0000000008003690                __errno
 .text.__libc_init_array
                0x000000000800369c       0x48 /opt/homebrew/Cellar/arm-none-eabi-gcc/9-2019-q4-major/gcc/bin/../lib/gcc/arm-none-eabi/9.2.1/../../../../arm-none-eabi/lib/thumb/v7e-m/nofp/libg.a(lib_a-init.o)
                0x000000000800369c                __libc_init_array
 .text.memset   0x00000000080036e4       0xa0 /opt/homebrew/Cellar/arm-none-eabi-gcc/9-2019-q4-major/gcc/bin/../lib/gcc/arm-none-eabi/9.2.1/../../../../arm-none-eabi/lib/thumb/v7e-m/nofp/libg.a(lib_a-memset.o)
                0x00000000080036e4                memset
 .text.printf   0x0000000008003784       0x28 /opt/homebrew/Cellar/arm-none-eabi-gcc/9-2019-q4-major/gcc/bin/../lib/gcc/arm-none-eabi/9.2.1/../../../../arm-none-eabi/lib/thumb/v7e-m/nofp/libg.a(lib_a-printf.o)
                0x0000000008003784                printf
 .text._vfprintf_r
                0x00000000080037ac     0x1b84 /opt/homebrew/Cellar/arm-none-eabi-gcc/9-2019-q4-major/gcc/bin/../lib/gcc/arm-none-eabi/9.2.1/../../../../arm-none-eabi/lib/thumb/v7e-m/nofp/libg.a(lib_a-vfprintf.o)
                0x00000000080037ac                _vfprintf_r
 .text.__sbprintf
                0x0000000008005330       0x84 /opt/homebrew/Cellar/arm-none-eabi-gcc/9-2019-q4-major/gcc/bin/../lib/gcc/arm-none-eabi/9.2.1/../../../../arm-none-eabi/lib/thumb/v7e-m/nofp/libg.a(lib_a-vfprintf.o)
 .text.__swsetup_r
                0x00000000080053b4       0xd0 /opt/homebrew/Cellar/arm-none-eabi-gcc/9-2019-q4-major/gcc/bin/../lib/gcc/arm-none-eabi/9.2.1/../../../../arm-none-eabi/lib/thumb/v7e-m/nofp/libg.a(lib_a-wsetup.o)
                0x00000000080053b4                __swsetup_r
 .text.startup.register_fini
                0x0000000008005484       0x14 /opt/homebrew/Cellar/arm-none-eabi-gcc/9-2019-q4-major/gcc/bin/../lib/gcc/arm-none-eabi/9.2.1/../../../../arm-none-eabi/lib/thumb/v7e-m/nofp/libg.a(lib_a-__call_atexit.o)
 .text.atexit   0x0000000008005498        0xc /opt/homebrew/Cellar/arm-none-eabi-gcc/9-2019-q4-major/gcc/bin/../lib/gcc/arm-none-eabi/9.2.1/../../../../arm-none-eabi/lib/thumb/v7e-m/nofp/libg.a(lib_a-atexit.o)
                0x0000000008005498                atexit
 .text.quorem   0x00000000080054a4      0x11c /opt/homebrew/Cellar/arm-none-eabi-gcc/9-2019-q4-major/gcc/bin/../lib/gcc/arm-none-eabi/9.2.1/../../../../arm-none-eabi/lib/thumb/v7e-m/nofp/libg.a(lib_a-dtoa.o)
 .text._dtoa_r  0x00000000080055c0      0xeb8 /opt/homebrew/Cellar/arm-none-eabi-gcc/9-2019-q4-major/gcc/bin/../lib/gcc/arm-none-eabi/9.2.1/../../../../arm-none-eabi/lib/thumb/v7e-m/nofp/libg.a(lib_a-dtoa.o)
                0x00000000080055c0                _dtoa_r
 .text.__sflush_r
                0x0000000008006478      0x130 /opt/homebrew/Cellar/arm-none-eabi-gcc/9-2019-q4-major/gcc/bin/../lib/gcc/arm-none-eabi/9.2.1/../../../../arm-none-eabi/lib/thumb/v7e-m/nofp/libg.a(lib_a-fflush.o)
                0x0000000008006478                __sflush_r
 .text._fflush_r
                0x00000000080065a8       0x5c /opt/homebrew/Cellar/arm-none-eabi-gcc/9-2019-q4-major/gcc/bin/../lib/gcc/arm-none-eabi/9.2.1/../../../../arm-none-eabi/lib/thumb/v7e-m/nofp/libg.a(lib_a-fflush.o)
                0x00000000080065a8                _fflush_r
 .text.std      0x0000000008006604       0x50 /opt/homebrew/Cellar/arm-none-eabi-gcc/9-2019-q4-major/gcc/bin/../lib/gcc/arm-none-eabi/9.2.1/../../../../arm-none-eabi/lib/thumb/v7e-m/nofp/libg.a(lib_a-findfp.o)
 .text._cleanup_r
                0x0000000008006654        0xc /opt/homebrew/Cellar/arm-none-eabi-gcc/9-2019-q4-major/gcc/bin/../lib/gcc/arm-none-eabi/9.2.1/../../../../arm-none-eabi/lib/thumb/v7e-m/nofp/libg.a(lib_a-findfp.o)
                0x0000000008006654                _cleanup_r
 .text.__sinit  0x0000000008006660       0x54 /opt/homebrew/Cellar/arm-none-eabi-gcc/9-2019-q4-major/gcc/bin/../lib/gcc/arm-none-eabi/9.2.1/../../../../arm-none-eabi/lib/thumb/v7e-m/nofp/libg.a(lib_a-findfp.o)
                0x0000000008006660                __sinit
 .text.__sfp_lock_acquire
                0x00000000080066b4        0xc /opt/homebrew/Cellar/arm-none-eabi-gcc/9-2019-q4-major/gcc/bin/../lib/gcc/arm-none-eabi/9.2.1/../../../../arm-none-eabi/lib/thumb/v7e-m/nofp/libg.a(lib_a-findfp.o)
                0x00000000080066b4                __sfp_lock_acquire
 .text.__sfp_lock_release
                0x00000000080066c0        0xc /opt/homebrew/Cellar/arm-none-eabi-gcc/9-2019-q4-major/gcc/bin/../lib/gcc/arm-none-eabi/9.2.1/../../../../arm-none-eabi/lib/thumb/v7e-m/nofp/libg.a(lib_a-findfp.o)
                0x00000000080066c0                __sfp_lock_release
 .text.__libc_fini_array
                0x00000000080066cc       0x2c /opt/homebrew/Cellar/arm-none-eabi-gcc/9-2019-q4-major/gcc/bin/../lib/gcc/arm-none-eabi/9.2.1/../../../../arm-none-eabi/lib/thumb/v7e-m/nofp/libg.a(lib_a-fini.o)
                0x00000000080066cc                __libc_fini_array
 .text._malloc_trim_r
                0x00000000080066f8       0xa0 /opt/homebrew/Cellar/arm-none-eabi-gcc/9-2019-q4-major/gcc/bin/../lib/gcc/arm-none-eabi/9.2.1/../../../../arm-none-eabi/lib/thumb/v7e-m/nofp/libg.a(lib_a-freer.o)
                0x00000000080066f8                _malloc_trim_r
 .text._free_r  0x0000000008006798      0x208 /opt/homebrew/Cellar/arm-none-eabi-gcc/9-2019-q4-major/gcc/bin/../lib/gcc/arm-none-eabi/9.2.1/../../../../arm-none-eabi/lib/thumb/v7e-m/nofp/libg.a(lib_a-freer.o)
                0x0000000008006798                _free_r
 .text._fwalk_reent
                0x00000000080069a0       0x48 /opt/homebrew/Cellar/arm-none-eabi-gcc/9-2019-q4-major/gcc/bin/../lib/gcc/arm-none-eabi/9.2.1/../../../../arm-none-eabi/lib/thumb/v7e-m/nofp/libg.a(lib_a-fwalk.o)
                0x00000000080069a0                _fwalk_reent
 .text._localeconv_r
                0x00000000080069e8        0x8 /opt/homebrew/Cellar/arm-none-eabi-gcc/9-2019-q4-major/gcc/bin/../lib/gcc/arm-none-eabi/9.2.1/../../../../arm-none-eabi/lib/thumb/v7e-m/nofp/libg.a(lib_a-localeconv.o)
                0x00000000080069e8                _localeconv_r
 .text.__retarget_lock_init_recursive
                0x00000000080069f0        0x4 /opt/homebrew/Cellar/arm-none-eabi-gcc/9-2019-q4-major/gcc/bin/../lib/gcc/arm-none-eabi/9.2.1/../../../../arm-none-eabi/lib/thumb/v7e-m/nofp/libg.a(lib_a-lock.o)
                0x00000000080069f0                __retarget_lock_init_recursive
 .text.__retarget_lock_close_recursive
                0x00000000080069f4        0x4 /opt/homebrew/Cellar/arm-none-eabi-gcc/9-2019-q4-major/gcc/bin/../lib/gcc/arm-none-eabi/9.2.1/../../../../arm-none-eabi/lib/thumb/v7e-m/nofp/libg.a(lib_a-lock.o)
                0x00000000080069f4                __retarget_lock_close_recursive
 .text.__retarget_lock_acquire_recursive
                0x00000000080069f8        0x4 /opt/homebrew/Cellar/arm-none-eabi-gcc/9-2019-q4-major/gcc/bin/../lib/gcc/arm-none-eabi/9.2.1/../../../../arm-none-eabi/lib/thumb/v7e-m/nofp/libg.a(lib_a-lock.o)
                0x00000000080069f8                __retarget_lock_acquire_recursive
 .text.__retarget_lock_release_recursive
                0x00000000080069fc        0x4 /opt/homebrew/Cellar/arm-none-eabi-gcc/9-2019-q4-major/gcc/bin/../lib/gcc/arm-none-eabi/9.2.1/../../../../arm-none-eabi/lib/thumb/v7e-m/nofp/libg.a(lib_a-lock.o)
                0x00000000080069fc                __retarget_lock_release_recursive
 .text.__swhatbuf_r
                0x0000000008006a00       0x5c /opt/homebrew/Cellar/arm-none-eabi-gcc/9-2019-q4-major/gcc/bin/../lib/gcc/arm-none-eabi/9.2.1/../../../../arm-none-eabi/lib/thumb/v7e-m/nofp/libg.a(lib_a-makebuf.o)
                0x0000000008006a00                __swhatbuf_r
 .text.__smakebuf_r
                0x0000000008006a5c       0x98 /opt/homebrew/Cellar/arm-none-eabi-gcc/9-2019-q4-major/gcc/bin/../lib/gcc/arm-none-eabi/9.2.1/../../../../arm-none-eabi/lib/thumb/v7e-m/nofp/libg.a(lib_a-makebuf.o)
                0x0000000008006a5c                __smakebuf_r
 .text._malloc_r
                0x0000000008006af4      0x574 /opt/homebrew/Cellar/arm-none-eabi-gcc/9-2019-q4-major/gcc/bin/../lib/gcc/arm-none-eabi/9.2.1/../../../../arm-none-eabi/lib/thumb/v7e-m/nofp/libg.a(lib_a-mallocr.o)
                0x0000000008006af4                _malloc_r
 .text.__malloc_lock
                0x0000000008007068        0xc /opt/homebrew/Cellar/arm-none-eabi-gcc/9-2019-q4-major/gcc/bin/../lib/gcc/arm-none-eabi/9.2.1/../../../../arm-none-eabi/lib/thumb/v7e-m/nofp/libg.a(lib_a-mlock.o)
                0x0000000008007068                __malloc_lock
 .text.__malloc_unlock
                0x0000000008007074        0xc /opt/homebrew/Cellar/arm-none-eabi-gcc/9-2019-q4-major/gcc/bin/../lib/gcc/arm-none-eabi/9.2.1/../../../../arm-none-eabi/lib/thumb/v7e-m/nofp/libg.a(lib_a-mlock.o)
                0x0000000008007074                __malloc_unlock
 .text._Balloc  0x0000000008007080       0x4c /opt/homebrew/Cellar/arm-none-eabi-gcc/9-2019-q4-major/gcc/bin/../lib/gcc/arm-none-eabi/9.2.1/../../../../arm-none-eabi/lib/thumb/v7e-m/nofp/libg.a(lib_a-mprec.o)
                0x0000000008007080                _Balloc
 .text._Bfree   0x00000000080070cc       0x14 /opt/homebrew/Cellar/arm-none-eabi-gcc/9-2019-q4-major/gcc/bin/../lib/gcc/arm-none-eabi/9.2.1/../../../../arm-none-eabi/lib/thumb/v7e-m/nofp/libg.a(lib_a-mprec.o)
                0x00000000080070cc                _Bfree
 .text.__multadd
                0x00000000080070e0       0x80 /opt/homebrew/Cellar/arm-none-eabi-gcc/9-2019-q4-major/gcc/bin/../lib/gcc/arm-none-eabi/9.2.1/../../../../arm-none-eabi/lib/thumb/v7e-m/nofp/libg.a(lib_a-mprec.o)
                0x00000000080070e0                __multadd
 .text.__hi0bits
                0x0000000008007160       0x40 /opt/homebrew/Cellar/arm-none-eabi-gcc/9-2019-q4-major/gcc/bin/../lib/gcc/arm-none-eabi/9.2.1/../../../../arm-none-eabi/lib/thumb/v7e-m/nofp/libg.a(lib_a-mprec.o)
                0x0000000008007160                __hi0bits
 .text.__lo0bits
                0x00000000080071a0       0x60 /opt/homebrew/Cellar/arm-none-eabi-gcc/9-2019-q4-major/gcc/bin/../lib/gcc/arm-none-eabi/9.2.1/../../../../arm-none-eabi/lib/thumb/v7e-m/nofp/libg.a(lib_a-mprec.o)
                0x00000000080071a0                __lo0bits
 .text.__i2b    0x0000000008007200       0x14 /opt/homebrew/Cellar/arm-none-eabi-gcc/9-2019-q4-major/gcc/bin/../lib/gcc/arm-none-eabi/9.2.1/../../../../arm-none-eabi/lib/thumb/v7e-m/nofp/libg.a(lib_a-mprec.o)
                0x0000000008007200                __i2b
 .text.__multiply
                0x0000000008007214      0x144 /opt/homebrew/Cellar/arm-none-eabi-gcc/9-2019-q4-major/gcc/bin/../lib/gcc/arm-none-eabi/9.2.1/../../../../arm-none-eabi/lib/thumb/v7e-m/nofp/libg.a(lib_a-mprec.o)
                0x0000000008007214                __multiply
 .text.__pow5mult
                0x0000000008007358       0xa0 /opt/homebrew/Cellar/arm-none-eabi-gcc/9-2019-q4-major/gcc/bin/../lib/gcc/arm-none-eabi/9.2.1/../../../../arm-none-eabi/lib/thumb/v7e-m/nofp/libg.a(lib_a-mprec.o)
                0x0000000008007358                __pow5mult
 .text.__lshift
                0x00000000080073f8       0xd4 /opt/homebrew/Cellar/arm-none-eabi-gcc/9-2019-q4-major/gcc/bin/../lib/gcc/arm-none-eabi/9.2.1/../../../../arm-none-eabi/lib/thumb/v7e-m/nofp/libg.a(lib_a-mprec.o)
                0x00000000080073f8                __lshift
 .text.__mcmp   0x00000000080074cc       0x3c /opt/homebrew/Cellar/arm-none-eabi-gcc/9-2019-q4-major/gcc/bin/../lib/gcc/arm-none-eabi/9.2.1/../../../../arm-none-eabi/lib/thumb/v7e-m/nofp/libg.a(lib_a-mprec.o)
                0x00000000080074cc                __mcmp
 .text.__mdiff  0x0000000008007508      0x138 /opt/homebrew/Cellar/arm-none-eabi-gcc/9-2019-q4-major/gcc/bin/../lib/gcc/arm-none-eabi/9.2.1/../../../../arm-none-eabi/lib/thumb/v7e-m/nofp/libg.a(lib_a-mprec.o)
                0x0000000008007508                __mdiff
 .text.__d2b    0x0000000008007640       0xa8 /opt/homebrew/Cellar/arm-none-eabi-gcc/9-2019-q4-major/gcc/bin/../lib/gcc/arm-none-eabi/9.2.1/../../../../arm-none-eabi/lib/thumb/v7e-m/nofp/libg.a(lib_a-mprec.o)
                0x0000000008007640                __d2b
 .text.frexp    0x00000000080076e8       0x70 /opt/homebrew/Cellar/arm-none-eabi-gcc/9-2019-q4-major/gcc/bin/../lib/gcc/arm-none-eabi/9.2.1/../../../../arm-none-eabi/lib/thumb/v7e-m/nofp/libg.a(lib_a-s_frexp.o)
                0x00000000080076e8                frexp
 .text._sbrk_r  0x0000000008007758       0x24 /opt/homebrew/Cellar/arm-none-eabi-gcc/9-2019-q4-major/gcc/bin/../lib/gcc/arm-none-eabi/9.2.1/../../../../arm-none-eabi/lib/thumb/v7e-m/nofp/libg.a(lib_a-sbrkr.o)
                0x0000000008007758                _sbrk_r
 .text.__sread  0x000000000800777c       0x24 /opt/homebrew/Cellar/arm-none-eabi-gcc/9-2019-q4-major/gcc/bin/../lib/gcc/arm-none-eabi/9.2.1/../../../../arm-none-eabi/lib/thumb/v7e-m/nofp/libg.a(lib_a-stdio.o)
                0x000000000800777c                __sread
 .text.__swrite
                0x00000000080077a0       0x40 /opt/homebrew/Cellar/arm-none-eabi-gcc/9-2019-q4-major/gcc/bin/../lib/gcc/arm-none-eabi/9.2.1/../../../../arm-none-eabi/lib/thumb/v7e-m/nofp/libg.a(lib_a-stdio.o)
                0x00000000080077a0                __swrite
 .text.__sseek  0x00000000080077e0       0x20 /opt/homebrew/Cellar/arm-none-eabi-gcc/9-2019-q4-major/gcc/bin/../lib/gcc/arm-none-eabi/9.2.1/../../../../arm-none-eabi/lib/thumb/v7e-m/nofp/libg.a(lib_a-stdio.o)
                0x00000000080077e0                __sseek
 .text.__sclose
                0x0000000008007800        0x8 /opt/homebrew/Cellar/arm-none-eabi-gcc/9-2019-q4-major/gcc/bin/../lib/gcc/arm-none-eabi/9.2.1/../../../../arm-none-eabi/lib/thumb/v7e-m/nofp/libg.a(lib_a-stdio.o)
                0x0000000008007800                __sclose
 .text.strncpy  0x0000000008007808       0x68 /opt/homebrew/Cellar/arm-none-eabi-gcc/9-2019-q4-major/gcc/bin/../lib/gcc/arm-none-eabi/9.2.1/../../../../arm-none-eabi/lib/thumb/v7e-m/nofp/libg.a(lib_a-strncpy.o)
                0x0000000008007808                strncpy
 .text.__sprint_r.part.0
                0x0000000008007870       0x78 /opt/homebrew/Cellar/arm-none-eabi-gcc/9-2019-q4-major/gcc/bin/../lib/gcc/arm-none-eabi/9.2.1/../../../../arm-none-eabi/lib/thumb/v7e-m/nofp/libg.a(lib_a-vfiprintf.o)
 .text.__sprint_r
                0x00000000080078e8       0x14 /opt/homebrew/Cellar/arm-none-eabi-gcc/9-2019-q4-major/gcc/bin/../lib/gcc/arm-none-eabi/9.2.1/../../../../arm-none-eabi/lib/thumb/v7e-m/nofp/libg.a(lib_a-vfiprintf.o)
                0x00000000080078e8                __sprint_r
 .text._write_r
                0x00000000080078fc       0x2c /opt/homebrew/Cellar/arm-none-eabi-gcc/9-2019-q4-major/gcc/bin/../lib/gcc/arm-none-eabi/9.2.1/../../../../arm-none-eabi/lib/thumb/v7e-m/nofp/libg.a(lib_a-writer.o)
                0x00000000080078fc                _write_r
 .text.__register_exitproc
                0x0000000008007928       0x8c /opt/homebrew/Cellar/arm-none-eabi-gcc/9-2019-q4-major/gcc/bin/../lib/gcc/arm-none-eabi/9.2.1/../../../../arm-none-eabi/lib/thumb/v7e-m/nofp/libg.a(lib_a-__atexit.o)
                0x0000000008007928                __register_exitproc
 .text._calloc_r
                0x00000000080079b4       0x60 /opt/homebrew/Cellar/arm-none-eabi-gcc/9-2019-q4-major/gcc/bin/../lib/gcc/arm-none-eabi/9.2.1/../../../../arm-none-eabi/lib/thumb/v7e-m/nofp/libg.a(lib_a-callocr.o)
                0x00000000080079b4                _calloc_r
 .text._close_r
                0x0000000008007a14       0x24 /opt/homebrew/Cellar/arm-none-eabi-gcc/9-2019-q4-major/gcc/bin/../lib/gcc/arm-none-eabi/9.2.1/../../../../arm-none-eabi/lib/thumb/v7e-m/nofp/libg.a(lib_a-closer.o)
                0x0000000008007a14                _close_r
 .text._fclose_r
                0x0000000008007a38       0xcc /opt/homebrew/Cellar/arm-none-eabi-gcc/9-2019-q4-major/gcc/bin/../lib/gcc/arm-none-eabi/9.2.1/../../../../arm-none-eabi/lib/thumb/v7e-m/nofp/libg.a(lib_a-fclose.o)
                0x0000000008007a38                _fclose_r
 .text.__fputwc
                0x0000000008007b04       0xa8 /opt/homebrew/Cellar/arm-none-eabi-gcc/9-2019-q4-major/gcc/bin/../lib/gcc/arm-none-eabi/9.2.1/../../../../arm-none-eabi/lib/thumb/v7e-m/nofp/libg.a(lib_a-fputwc.o)
                0x0000000008007b04                __fputwc
 .text._fputwc_r
                0x0000000008007bac       0x68 /opt/homebrew/Cellar/arm-none-eabi-gcc/9-2019-q4-major/gcc/bin/../lib/gcc/arm-none-eabi/9.2.1/../../../../arm-none-eabi/lib/thumb/v7e-m/nofp/libg.a(lib_a-fputwc.o)
                0x0000000008007bac                _fputwc_r
 .text._fstat_r
                0x0000000008007c14       0x2c /opt/homebrew/Cellar/arm-none-eabi-gcc/9-2019-q4-major/gcc/bin/../lib/gcc/arm-none-eabi/9.2.1/../../../../arm-none-eabi/lib/thumb/v7e-m/nofp/libg.a(lib_a-fstatr.o)
                0x0000000008007c14                _fstat_r
 .text.__sfvwrite_r
                0x0000000008007c40      0x2e0 /opt/homebrew/Cellar/arm-none-eabi-gcc/9-2019-q4-major/gcc/bin/../lib/gcc/arm-none-eabi/9.2.1/../../../../arm-none-eabi/lib/thumb/v7e-m/nofp/libg.a(lib_a-fvwrite.o)
                0x0000000008007c40                __sfvwrite_r
 .text._isatty_r
                0x0000000008007f20       0x24 /opt/homebrew/Cellar/arm-none-eabi-gcc/9-2019-q4-major/gcc/bin/../lib/gcc/arm-none-eabi/9.2.1/../../../../arm-none-eabi/lib/thumb/v7e-m/nofp/libg.a(lib_a-isattyr.o)
                0x0000000008007f20                _isatty_r
 .text.__locale_mb_cur_max
                0x0000000008007f44        0xc /opt/homebrew/Cellar/arm-none-eabi-gcc/9-2019-q4-major/gcc/bin/../lib/gcc/arm-none-eabi/9.2.1/../../../../arm-none-eabi/lib/thumb/v7e-m/nofp/libg.a(lib_a-locale.o)
                0x0000000008007f44                __locale_mb_cur_max
 .text._lseek_r
                0x0000000008007f50       0x2c /opt/homebrew/Cellar/arm-none-eabi-gcc/9-2019-q4-major/gcc/bin/../lib/gcc/arm-none-eabi/9.2.1/../../../../arm-none-eabi/lib/thumb/v7e-m/nofp/libg.a(lib_a-lseekr.o)
                0x0000000008007f50                _lseek_r
 .text.__ascii_mbtowc
                0x0000000008007f7c       0x2c /opt/homebrew/Cellar/arm-none-eabi-gcc/9-2019-q4-major/gcc/bin/../lib/gcc/arm-none-eabi/9.2.1/../../../../arm-none-eabi/lib/thumb/v7e-m/nofp/libg.a(lib_a-mbtowc_r.o)
                0x0000000008007f7c                __ascii_mbtowc
 .text.memmove  0x0000000008007fa8       0xd8 /opt/homebrew/Cellar/arm-none-eabi-gcc/9-2019-q4-major/gcc/bin/../lib/gcc/arm-none-eabi/9.2.1/../../../../arm-none-eabi/lib/thumb/v7e-m/nofp/libg.a(lib_a-memmove.o)
                0x0000000008007fa8                memmove
 .text._read_r  0x0000000008008080       0x2c /opt/homebrew/Cellar/arm-none-eabi-gcc/9-2019-q4-major/gcc/bin/../lib/gcc/arm-none-eabi/9.2.1/../../../../arm-none-eabi/lib/thumb/v7e-m/nofp/libg.a(lib_a-readr.o)
                0x0000000008008080                _read_r
 .text._realloc_r
                0x00000000080080ac      0x3e0 /opt/homebrew/Cellar/arm-none-eabi-gcc/9-2019-q4-major/gcc/bin/../lib/gcc/arm-none-eabi/9.2.1/../../../../arm-none-eabi/lib/thumb/v7e-m/nofp/libg.a(lib_a-reallocr.o)
                0x00000000080080ac                _realloc_r
 .text.__swbuf_r
                0x000000000800848c       0xb0 /opt/homebrew/Cellar/arm-none-eabi-gcc/9-2019-q4-major/gcc/bin/../lib/gcc/arm-none-eabi/9.2.1/../../../../arm-none-eabi/lib/thumb/v7e-m/nofp/libg.a(lib_a-wbuf.o)
                0x000000000800848c                __swbuf_r
 .text._wcrtomb_r
                0x000000000800853c       0x3c /opt/homebrew/Cellar/arm-none-eabi-gcc/9-2019-q4-major/gcc/bin/../lib/gcc/arm-none-eabi/9.2.1/../../../../arm-none-eabi/lib/thumb/v7e-m/nofp/libg.a(lib_a-wcrtomb.o)
                0x000000000800853c                _wcrtomb_r
 .text.__ascii_wctomb
                0x0000000008008578       0x1c /opt/homebrew/Cellar/arm-none-eabi-gcc/9-2019-q4-major/gcc/bin/../lib/gcc/arm-none-eabi/9.2.1/../../../../arm-none-eabi/lib/thumb/v7e-m/nofp/libg.a(lib_a-wctomb_r.o)
                0x0000000008008578                __ascii_wctomb
 *(.glue_7)
 .glue_7        0x0000000008008594        0x0 linker stubs
 *(.glue_7t)
 .glue_7t       0x0000000008008594        0x0 linker stubs
 *(.eh_frame)
 .eh_frame      0x0000000008008594        0x0 /opt/homebrew/Cellar/arm-none-eabi-gcc/9-2019-q4-major/gcc/bin/../lib/gcc/arm-none-eabi/9.2.1/thumb/v7e-m/nofp/crtbegin.o
 *(.init)
 .init          0x0000000008008594        0x4 /opt/homebrew/Cellar/arm-none-eabi-gcc/9-2019-q4-major/gcc/bin/../lib/gcc/arm-none-eabi/9.2.1/thumb/v7e-m/nofp/crti.o
                0x0000000008008594                _init
 .init          0x0000000008008598        0x8 /opt/homebrew/Cellar/arm-none-eabi-gcc/9-2019-q4-major/gcc/bin/../lib/gcc/arm-none-eabi/9.2.1/thumb/v7e-m/nofp/crtn.o
 *(.fini)
 .fini          0x00000000080085a0        0x4 /opt/homebrew/Cellar/arm-none-eabi-gcc/9-2019-q4-major/gcc/bin/../lib/gcc/arm-none-eabi/9.2.1/thumb/v7e-m/nofp/crti.o
                0x00000000080085a0                _fini
 .fini          0x00000000080085a4        0x8 /opt/homebrew/Cellar/arm-none-eabi-gcc/9-2019-q4-major/gcc/bin/../lib/gcc/arm-none-eabi/9.2.1/thumb/v7e-m/nofp/crtn.o
                0x00000000080085ac                . = ALIGN (0x4)
                0x00000000080085ac                _etext = .

.vfp11_veneer   0x00000000080085ac        0x0
 .vfp11_veneer  0x00000000080085ac        0x0 linker stubs

.v4_bx          0x00000000080085ac        0x0
 .v4_bx         0x00000000080085ac        0x0 linker stubs

.iplt           0x00000000080085ac        0x0
 .iplt          0x00000000080085ac        0x0 /opt/homebrew/Cellar/arm-none-eabi-gcc/9-2019-q4-major/gcc/bin/../lib/gcc/arm-none-eabi/9.2.1/thumb/v7e-m/nofp/crtbegin.o

.rodata         0x00000000080085b0      0x388
                0x00000000080085b0                . = ALIGN (0x4)
 *(.rodata)
 .rodata        0x00000000080085b0       0x2c CMakeFiles/wbble.elf.dir/Drivers/STM32WBxx_HAL_Driver/Src/stm32wbxx_hal_rcc.c.obj
 *(.rodata*)
 .rodata.main.str1.4
                0x00000000080085dc        0x7 CMakeFiles/wbble.elf.dir/Core/Src/main.c.obj
 *fill*         0x00000000080085e3        0x1 
 .rodata.AHBPrescTable
                0x00000000080085e4       0x40 CMakeFiles/wbble.elf.dir/Core/Src/system_stm32wbxx.c.obj
                0x00000000080085e4                AHBPrescTable
 .rodata.APBPrescTable
                0x0000000008008624       0x20 CMakeFiles/wbble.elf.dir/Core/Src/system_stm32wbxx.c.obj
                0x0000000008008624                APBPrescTable
 .rodata.MSIRangeTable
                0x0000000008008644       0x40 CMakeFiles/wbble.elf.dir/Core/Src/system_stm32wbxx.c.obj
                0x0000000008008644                MSIRangeTable
 .rodata.UARTPrescTable
                0x0000000008008684       0x18 CMakeFiles/wbble.elf.dir/Drivers/STM32WBxx_HAL_Driver/Src/stm32wbxx_hal_uart.c.obj
                0x0000000008008684                UARTPrescTable
 .rodata.denominator.9380
                0x000000000800869c        0x8 CMakeFiles/wbble.elf.dir/Drivers/STM32WBxx_HAL_Driver/Src/stm32wbxx_hal_uart_ex.c.obj
 .rodata.numerator.9379
                0x00000000080086a4        0x8 CMakeFiles/wbble.elf.dir/Drivers/STM32WBxx_HAL_Driver/Src/stm32wbxx_hal_uart_ex.c.obj
 .rodata._global_impure_ptr
                0x00000000080086ac        0x4 /opt/homebrew/Cellar/arm-none-eabi-gcc/9-2019-q4-major/gcc/bin/../lib/gcc/arm-none-eabi/9.2.1/../../../../arm-none-eabi/lib/thumb/v7e-m/nofp/libg.a(lib_a-impure.o)
                0x00000000080086ac                _global_impure_ptr
 .rodata._vfprintf_r.str1.4
                0x00000000080086b0       0x42 /opt/homebrew/Cellar/arm-none-eabi-gcc/9-2019-q4-major/gcc/bin/../lib/gcc/arm-none-eabi/9.2.1/../../../../arm-none-eabi/lib/thumb/v7e-m/nofp/libg.a(lib_a-vfprintf.o)
 *fill*         0x00000000080086f2        0x2 
 .rodata.blanks.7360
                0x00000000080086f4       0x10 /opt/homebrew/Cellar/arm-none-eabi-gcc/9-2019-q4-major/gcc/bin/../lib/gcc/arm-none-eabi/9.2.1/../../../../arm-none-eabi/lib/thumb/v7e-m/nofp/libg.a(lib_a-vfprintf.o)
 .rodata.zeroes.7361
                0x0000000008008704       0x10 /opt/homebrew/Cellar/arm-none-eabi-gcc/9-2019-q4-major/gcc/bin/../lib/gcc/arm-none-eabi/9.2.1/../../../../arm-none-eabi/lib/thumb/v7e-m/nofp/libg.a(lib_a-vfprintf.o)
 .rodata._dtoa_r.str1.4
                0x0000000008008714        0xd /opt/homebrew/Cellar/arm-none-eabi-gcc/9-2019-q4-major/gcc/bin/../lib/gcc/arm-none-eabi/9.2.1/../../../../arm-none-eabi/lib/thumb/v7e-m/nofp/libg.a(lib_a-dtoa.o)
                                         0x12 (size before relaxing)
 *fill*         0x0000000008008721        0x7 
 .rodata.__mprec_bigtens
                0x0000000008008728       0x28 /opt/homebrew/Cellar/arm-none-eabi-gcc/9-2019-q4-major/gcc/bin/../lib/gcc/arm-none-eabi/9.2.1/../../../../arm-none-eabi/lib/thumb/v7e-m/nofp/libg.a(lib_a-mprec.o)
                0x0000000008008728                __mprec_bigtens
 .rodata.__mprec_tens
                0x0000000008008750       0xc8 /opt/homebrew/Cellar/arm-none-eabi-gcc/9-2019-q4-major/gcc/bin/../lib/gcc/arm-none-eabi/9.2.1/../../../../arm-none-eabi/lib/thumb/v7e-m/nofp/libg.a(lib_a-mprec.o)
                0x0000000008008750                __mprec_tens
 .rodata.p05.6115
                0x0000000008008818        0xc /opt/homebrew/Cellar/arm-none-eabi-gcc/9-2019-q4-major/gcc/bin/../lib/gcc/arm-none-eabi/9.2.1/../../../../arm-none-eabi/lib/thumb/v7e-m/nofp/libg.a(lib_a-mprec.o)
 .rodata._setlocale_r.str1.4
                0x0000000008008824        0xa /opt/homebrew/Cellar/arm-none-eabi-gcc/9-2019-q4-major/gcc/bin/../lib/gcc/arm-none-eabi/9.2.1/../../../../arm-none-eabi/lib/thumb/v7e-m/nofp/libg.a(lib_a-locale.o)
                                          0xd (size before relaxing)
 *fill*         0x000000000800882e        0x2 
 .rodata.str1.4
                0x0000000008008830        0x2 /opt/homebrew/Cellar/arm-none-eabi-gcc/9-2019-q4-major/gcc/bin/../lib/gcc/arm-none-eabi/9.2.1/../../../../arm-none-eabi/lib/thumb/v7e-m/nofp/libg.a(lib_a-locale.o)
 *fill*         0x0000000008008832        0x2 
 .rodata._ctype_
                0x0000000008008834      0x101 /opt/homebrew/Cellar/arm-none-eabi-gcc/9-2019-q4-major/gcc/bin/../lib/gcc/arm-none-eabi/9.2.1/../../../../arm-none-eabi/lib/thumb/v7e-m/nofp/libg.a(lib_a-ctype_.o)
                0x0000000008008834                _ctype_
                0x0000000008008938                . = ALIGN (0x4)
 *fill*         0x0000000008008935        0x3 

.ARM.extab
 *(.ARM.extab* .gnu.linkonce.armextab.*)

.ARM            0x0000000008008938        0x8
                0x0000000008008938                __exidx_start = .
 *(.ARM.exidx*)
 .ARM.exidx     0x0000000008008938        0x8 /opt/homebrew/Cellar/arm-none-eabi-gcc/9-2019-q4-major/gcc/bin/../lib/gcc/arm-none-eabi/9.2.1/thumb/v7e-m/nofp/libgcc.a(_udivmoddi4.o)
                0x0000000008008940                __exidx_end = .

.rel.dyn        0x0000000008008940        0x0
 .rel.iplt      0x0000000008008940        0x0 /opt/homebrew/Cellar/arm-none-eabi-gcc/9-2019-q4-major/gcc/bin/../lib/gcc/arm-none-eabi/9.2.1/thumb/v7e-m/nofp/crtbegin.o

.preinit_array  0x0000000008008940        0x0
                0x0000000008008940                PROVIDE (__preinit_array_start = .)
 *(.preinit_array*)
                0x0000000008008940                PROVIDE (__preinit_array_end = .)

.init_array     0x0000000008008940        0x8
                0x0000000008008940                PROVIDE (__init_array_start = .)
 *(SORT_BY_NAME(.init_array.*))
 .init_array.00000
                0x0000000008008940        0x4 /opt/homebrew/Cellar/arm-none-eabi-gcc/9-2019-q4-major/gcc/bin/../lib/gcc/arm-none-eabi/9.2.1/../../../../arm-none-eabi/lib/thumb/v7e-m/nofp/libg.a(lib_a-__call_atexit.o)
 *(.init_array*)
 .init_array    0x0000000008008944        0x4 /opt/homebrew/Cellar/arm-none-eabi-gcc/9-2019-q4-major/gcc/bin/../lib/gcc/arm-none-eabi/9.2.1/thumb/v7e-m/nofp/crtbegin.o
                0x0000000008008948                PROVIDE (__init_array_end = .)

.fini_array     0x0000000008008948        0x4
                0x0000000008008948                PROVIDE (__fini_array_start = .)
 *(SORT_BY_NAME(.fini_array.*))
 *(.fini_array*)
 .fini_array    0x0000000008008948        0x4 /opt/homebrew/Cellar/arm-none-eabi-gcc/9-2019-q4-major/gcc/bin/../lib/gcc/arm-none-eabi/9.2.1/thumb/v7e-m/nofp/crtbegin.o
                0x000000000800894c                PROVIDE (__fini_array_end = .)
                0x000000000800894c                _sidata = LOADADDR (.data)

.data           0x0000000020000008      0x9b8 load address 0x000000000800894c
                0x0000000020000008                . = ALIGN (0x4)
                0x0000000020000008                _sdata = .
 *(.data)
 *(.data*)
 .data.SystemCoreClock
                0x0000000020000008        0x4 CMakeFiles/wbble.elf.dir/Core/Src/system_stm32wbxx.c.obj
                0x0000000020000008                SystemCoreClock
 .data.uwTickFreq
                0x000000002000000c        0x1 CMakeFiles/wbble.elf.dir/Drivers/STM32WBxx_HAL_Driver/Src/stm32wbxx_hal.c.obj
                0x000000002000000c                uwTickFreq
 *fill*         0x000000002000000d        0x3 
 .data.uwTickPrio
                0x0000000020000010        0x4 CMakeFiles/wbble.elf.dir/Drivers/STM32WBxx_HAL_Driver/Src/stm32wbxx_hal.c.obj
                0x0000000020000010                uwTickPrio
 .data._impure_ptr
                0x0000000020000014        0x4 /opt/homebrew/Cellar/arm-none-eabi-gcc/9-2019-q4-major/gcc/bin/../lib/gcc/arm-none-eabi/9.2.1/../../../../arm-none-eabi/lib/thumb/v7e-m/nofp/libg.a(lib_a-impure.o)
                0x0000000020000014                _impure_ptr
 .data.impure_data
                0x0000000020000018      0x428 /opt/homebrew/Cellar/arm-none-eabi-gcc/9-2019-q4-major/gcc/bin/../lib/gcc/arm-none-eabi/9.2.1/../../../../arm-none-eabi/lib/thumb/v7e-m/nofp/libg.a(lib_a-impure.o)
 .data.__atexit_recursive_mutex
                0x0000000020000440        0x4 /opt/homebrew/Cellar/arm-none-eabi-gcc/9-2019-q4-major/gcc/bin/../lib/gcc/arm-none-eabi/9.2.1/../../../../arm-none-eabi/lib/thumb/v7e-m/nofp/libg.a(lib_a-__call_atexit.o)
                0x0000000020000440                __atexit_recursive_mutex
 .data.__malloc_av_
                0x0000000020000444      0x408 /opt/homebrew/Cellar/arm-none-eabi-gcc/9-2019-q4-major/gcc/bin/../lib/gcc/arm-none-eabi/9.2.1/../../../../arm-none-eabi/lib/thumb/v7e-m/nofp/libg.a(lib_a-mallocr.o)
                0x0000000020000444                __malloc_av_
 .data.__malloc_sbrk_base
                0x000000002000084c        0x4 /opt/homebrew/Cellar/arm-none-eabi-gcc/9-2019-q4-major/gcc/bin/../lib/gcc/arm-none-eabi/9.2.1/../../../../arm-none-eabi/lib/thumb/v7e-m/nofp/libg.a(lib_a-mallocr.o)
                0x000000002000084c                __malloc_sbrk_base
 .data.__malloc_trim_threshold
                0x0000000020000850        0x4 /opt/homebrew/Cellar/arm-none-eabi-gcc/9-2019-q4-major/gcc/bin/../lib/gcc/arm-none-eabi/9.2.1/../../../../arm-none-eabi/lib/thumb/v7e-m/nofp/libg.a(lib_a-mallocr.o)
                0x0000000020000850                __malloc_trim_threshold
 .data.__global_locale
                0x0000000020000854      0x16c /opt/homebrew/Cellar/arm-none-eabi-gcc/9-2019-q4-major/gcc/bin/../lib/gcc/arm-none-eabi/9.2.1/../../../../arm-none-eabi/lib/thumb/v7e-m/nofp/libg.a(lib_a-locale.o)
                0x0000000020000854                __global_locale
 *(.RamFunc)
 *(.RamFunc*)
                0x00000000200009c0                . = ALIGN (0x4)
                0x00000000200009c0                _edata = .

.igot.plt       0x00000000200009c0        0x0 load address 0x0000000008009304
 .igot.plt      0x00000000200009c0        0x0 /opt/homebrew/Cellar/arm-none-eabi-gcc/9-2019-q4-major/gcc/bin/../lib/gcc/arm-none-eabi/9.2.1/thumb/v7e-m/nofp/crtbegin.o
                0x00000000200009c0                . = ALIGN (0x4)

.bss            0x00000000200009c0      0x170 load address 0x0000000008009304
                0x00000000200009c0                _sbss = .
                0x00000000200009c0                __bss_start__ = _sbss
 *(.bss)
 .bss           0x00000000200009c0       0x1c /opt/homebrew/Cellar/arm-none-eabi-gcc/9-2019-q4-major/gcc/bin/../lib/gcc/arm-none-eabi/9.2.1/thumb/v7e-m/nofp/crtbegin.o
 *(.bss*)
 .bss.hdma_usart1_tx
                0x00000000200009dc       0x60 CMakeFiles/wbble.elf.dir/Core/Src/main.c.obj
                0x00000000200009dc                hdma_usart1_tx
 .bss.huart1    0x0000000020000a3c       0x90 CMakeFiles/wbble.elf.dir/Core/Src/main.c.obj
                0x0000000020000a3c                huart1
 .bss.__sbrk_heap_end
                0x0000000020000acc        0x4 CMakeFiles/wbble.elf.dir/Core/Src/sysmem.c.obj
 .bss.uwTick    0x0000000020000ad0        0x4 CMakeFiles/wbble.elf.dir/Drivers/STM32WBxx_HAL_Driver/Src/stm32wbxx_hal.c.obj
                0x0000000020000ad0                uwTick
 .bss.__malloc_current_mallinfo
                0x0000000020000ad4       0x28 /opt/homebrew/Cellar/arm-none-eabi-gcc/9-2019-q4-major/gcc/bin/../lib/gcc/arm-none-eabi/9.2.1/../../../../arm-none-eabi/lib/thumb/v7e-m/nofp/libg.a(lib_a-mallocr.o)
                0x0000000020000ad4                __malloc_current_mallinfo
 .bss.__malloc_max_sbrked_mem
                0x0000000020000afc        0x4 /opt/homebrew/Cellar/arm-none-eabi-gcc/9-2019-q4-major/gcc/bin/../lib/gcc/arm-none-eabi/9.2.1/../../../../arm-none-eabi/lib/thumb/v7e-m/nofp/libg.a(lib_a-mallocr.o)
                0x0000000020000afc                __malloc_max_sbrked_mem
 .bss.__malloc_max_total_mem
                0x0000000020000b00        0x4 /opt/homebrew/Cellar/arm-none-eabi-gcc/9-2019-q4-major/gcc/bin/../lib/gcc/arm-none-eabi/9.2.1/../../../../arm-none-eabi/lib/thumb/v7e-m/nofp/libg.a(lib_a-mallocr.o)
                0x0000000020000b00                __malloc_max_total_mem
 .bss.__malloc_top_pad
                0x0000000020000b04        0x4 /opt/homebrew/Cellar/arm-none-eabi-gcc/9-2019-q4-major/gcc/bin/../lib/gcc/arm-none-eabi/9.2.1/../../../../arm-none-eabi/lib/thumb/v7e-m/nofp/libg.a(lib_a-mallocr.o)
                0x0000000020000b04                __malloc_top_pad
 *(COMMON)
 COMMON         0x0000000020000b08       0x21 /opt/homebrew/Cellar/arm-none-eabi-gcc/9-2019-q4-major/gcc/bin/../lib/gcc/arm-none-eabi/9.2.1/../../../../arm-none-eabi/lib/thumb/v7e-m/nofp/libg.a(lib_a-lock.o)
                0x0000000020000b08                __lock___atexit_recursive_mutex
                0x0000000020000b0c                __lock___arc4random_mutex
                0x0000000020000b10                __lock___env_recursive_mutex
                0x0000000020000b14                __lock___sinit_recursive_mutex
                0x0000000020000b18                __lock___malloc_recursive_mutex
                0x0000000020000b1c                __lock___at_quick_exit_mutex
                0x0000000020000b20                __lock___dd_hash_mutex
                0x0000000020000b24                __lock___tz_mutex
                0x0000000020000b28                __lock___sfp_recursive_mutex
 *fill*         0x0000000020000b29        0x3 
 COMMON         0x0000000020000b2c        0x4 /opt/homebrew/Cellar/arm-none-eabi-gcc/9-2019-q4-major/gcc/bin/../lib/gcc/arm-none-eabi/9.2.1/../../../../arm-none-eabi/lib/thumb/v7e-m/nofp/libg.a(lib_a-reent.o)
                0x0000000020000b2c                errno
                0x0000000020000b30                . = ALIGN (0x4)
                0x0000000020000b30                _ebss = .
                0x0000000020000b30                __bss_end__ = _ebss

._user_heap_stack
                0x0000000020000b30      0x600 load address 0x0000000008009304
                0x0000000020000b30                . = ALIGN (0x8)
                [!provide]                        PROVIDE (end = .)
                0x0000000020000b30                PROVIDE (_end = .)
                0x0000000020000d30                . = (. + _Min_Heap_Size)
 *fill*         0x0000000020000b30      0x200 
                0x0000000020001130                . = (. + _Min_Stack_Size)
 *fill*         0x0000000020000d30      0x400 
                0x0000000020001130                . = ALIGN (0x8)

/DISCARD/
 libc.a(*)
 libm.a(*)
 libgcc.a(*)

.ARM.attributes
                0x0000000000000000       0x2a
 *(.ARM.attributes)
 .ARM.attributes
                0x0000000000000000       0x1e /opt/homebrew/Cellar/arm-none-eabi-gcc/9-2019-q4-major/gcc/bin/../lib/gcc/arm-none-eabi/9.2.1/thumb/v7e-m/nofp/crti.o
 .ARM.attributes
                0x000000000000001e       0x2e /opt/homebrew/Cellar/arm-none-eabi-gcc/9-2019-q4-major/gcc/bin/../lib/gcc/arm-none-eabi/9.2.1/thumb/v7e-m/nofp/crtbegin.o
 .ARM.attributes
                0x000000000000004c       0x2e CMakeFiles/wbble.elf.dir/Core/Src/led.c.obj
 .ARM.attributes
                0x000000000000007a       0x2e CMakeFiles/wbble.elf.dir/Core/Src/main.c.obj
 .ARM.attributes
                0x00000000000000a8       0x2e CMakeFiles/wbble.elf.dir/Core/Src/stm32wbxx_hal_msp.c.obj
 .ARM.attributes
                0x00000000000000d6       0x2e CMakeFiles/wbble.elf.dir/Core/Src/stm32wbxx_it.c.obj
 .ARM.attributes
                0x0000000000000104       0x2e CMakeFiles/wbble.elf.dir/Core/Src/syscalls.c.obj
 .ARM.attributes
                0x0000000000000132       0x2e CMakeFiles/wbble.elf.dir/Core/Src/sysmem.c.obj
 .ARM.attributes
                0x0000000000000160       0x2e CMakeFiles/wbble.elf.dir/Core/Src/system_stm32wbxx.c.obj
 .ARM.attributes
                0x000000000000018e       0x21 CMakeFiles/wbble.elf.dir/Core/Startup/startup_stm32wb55rgvx.s.obj
 .ARM.attributes
                0x00000000000001af       0x2e CMakeFiles/wbble.elf.dir/Drivers/STM32WBxx_HAL_Driver/Src/stm32wbxx_hal.c.obj
 .ARM.attributes
                0x00000000000001dd       0x2e CMakeFiles/wbble.elf.dir/Drivers/STM32WBxx_HAL_Driver/Src/stm32wbxx_hal_cortex.c.obj
 .ARM.attributes
                0x000000000000020b       0x2e CMakeFiles/wbble.elf.dir/Drivers/STM32WBxx_HAL_Driver/Src/stm32wbxx_hal_dma.c.obj
 .ARM.attributes
                0x0000000000000239       0x2e CMakeFiles/wbble.elf.dir/Drivers/STM32WBxx_HAL_Driver/Src/stm32wbxx_hal_gpio.c.obj
 .ARM.attributes
                0x0000000000000267       0x2e CMakeFiles/wbble.elf.dir/Drivers/STM32WBxx_HAL_Driver/Src/stm32wbxx_hal_pwr.c.obj
 .ARM.attributes
                0x0000000000000295       0x2e CMakeFiles/wbble.elf.dir/Drivers/STM32WBxx_HAL_Driver/Src/stm32wbxx_hal_pwr_ex.c.obj
 .ARM.attributes
                0x00000000000002c3       0x2e CMakeFiles/wbble.elf.dir/Drivers/STM32WBxx_HAL_Driver/Src/stm32wbxx_hal_rcc.c.obj
 .ARM.attributes
                0x00000000000002f1       0x2e CMakeFiles/wbble.elf.dir/Drivers/STM32WBxx_HAL_Driver/Src/stm32wbxx_hal_rcc_ex.c.obj
 .ARM.attributes
                0x000000000000031f       0x2e CMakeFiles/wbble.elf.dir/Drivers/STM32WBxx_HAL_Driver/Src/stm32wbxx_hal_uart.c.obj
 .ARM.attributes
                0x000000000000034d       0x2e CMakeFiles/wbble.elf.dir/Drivers/STM32WBxx_HAL_Driver/Src/stm32wbxx_hal_uart_ex.c.obj
 .ARM.attributes
                0x000000000000037b       0x1e /opt/homebrew/Cellar/arm-none-eabi-gcc/9-2019-q4-major/gcc/bin/../lib/gcc/arm-none-eabi/9.2.1/thumb/v7e-m/nofp/libgcc.a(_aeabi_uldivmod.o)
 .ARM.attributes
                0x0000000000000399       0x2e /opt/homebrew/Cellar/arm-none-eabi-gcc/9-2019-q4-major/gcc/bin/../lib/gcc/arm-none-eabi/9.2.1/thumb/v7e-m/nofp/libgcc.a(_udivmoddi4.o)
 .ARM.attributes
                0x00000000000003c7       0x1e /opt/homebrew/Cellar/arm-none-eabi-gcc/9-2019-q4-major/gcc/bin/../lib/gcc/arm-none-eabi/9.2.1/thumb/v7e-m/nofp/libgcc.a(_dvmd_tls.o)
 .ARM.attributes
                0x00000000000003e5       0x2e /opt/homebrew/Cellar/arm-none-eabi-gcc/9-2019-q4-major/gcc/bin/../lib/gcc/arm-none-eabi/9.2.1/../../../../arm-none-eabi/lib/thumb/v7e-m/nofp/libg.a(lib_a-errno.o)
 .ARM.attributes
                0x0000000000000413       0x2e /opt/homebrew/Cellar/arm-none-eabi-gcc/9-2019-q4-major/gcc/bin/../lib/gcc/arm-none-eabi/9.2.1/../../../../arm-none-eabi/lib/thumb/v7e-m/nofp/libg.a(lib_a-impure.o)
 .ARM.attributes
                0x0000000000000441       0x2e /opt/homebrew/Cellar/arm-none-eabi-gcc/9-2019-q4-major/gcc/bin/../lib/gcc/arm-none-eabi/9.2.1/../../../../arm-none-eabi/lib/thumb/v7e-m/nofp/libg.a(lib_a-init.o)
 .ARM.attributes
                0x000000000000046f       0x2e /opt/homebrew/Cellar/arm-none-eabi-gcc/9-2019-q4-major/gcc/bin/../lib/gcc/arm-none-eabi/9.2.1/../../../../arm-none-eabi/lib/thumb/v7e-m/nofp/libg.a(lib_a-memset.o)
 .ARM.attributes
                0x000000000000049d       0x2e /opt/homebrew/Cellar/arm-none-eabi-gcc/9-2019-q4-major/gcc/bin/../lib/gcc/arm-none-eabi/9.2.1/../../../../arm-none-eabi/lib/thumb/v7e-m/nofp/libg.a(lib_a-printf.o)
 .ARM.attributes
                0x00000000000004cb       0x2e /opt/homebrew/Cellar/arm-none-eabi-gcc/9-2019-q4-major/gcc/bin/../lib/gcc/arm-none-eabi/9.2.1/../../../../arm-none-eabi/lib/thumb/v7e-m/nofp/libg.a(lib_a-vfprintf.o)
 .ARM.attributes
                0x00000000000004f9       0x2e /opt/homebrew/Cellar/arm-none-eabi-gcc/9-2019-q4-major/gcc/bin/../lib/gcc/arm-none-eabi/9.2.1/../../../../arm-none-eabi/lib/thumb/v7e-m/nofp/libg.a(lib_a-wsetup.o)
 .ARM.attributes
                0x0000000000000527       0x2e /opt/homebrew/Cellar/arm-none-eabi-gcc/9-2019-q4-major/gcc/bin/../lib/gcc/arm-none-eabi/9.2.1/../../../../arm-none-eabi/lib/thumb/v7e-m/nofp/libg.a(lib_a-__call_atexit.o)
 .ARM.attributes
                0x0000000000000555       0x2e /opt/homebrew/Cellar/arm-none-eabi-gcc/9-2019-q4-major/gcc/bin/../lib/gcc/arm-none-eabi/9.2.1/../../../../arm-none-eabi/lib/thumb/v7e-m/nofp/libg.a(lib_a-atexit.o)
 .ARM.attributes
                0x0000000000000583       0x2e /opt/homebrew/Cellar/arm-none-eabi-gcc/9-2019-q4-major/gcc/bin/../lib/gcc/arm-none-eabi/9.2.1/../../../../arm-none-eabi/lib/thumb/v7e-m/nofp/libg.a(lib_a-dtoa.o)
 .ARM.attributes
                0x00000000000005b1       0x2e /opt/homebrew/Cellar/arm-none-eabi-gcc/9-2019-q4-major/gcc/bin/../lib/gcc/arm-none-eabi/9.2.1/../../../../arm-none-eabi/lib/thumb/v7e-m/nofp/libg.a(lib_a-fflush.o)
 .ARM.attributes
                0x00000000000005df       0x2e /opt/homebrew/Cellar/arm-none-eabi-gcc/9-2019-q4-major/gcc/bin/../lib/gcc/arm-none-eabi/9.2.1/../../../../arm-none-eabi/lib/thumb/v7e-m/nofp/libg.a(lib_a-findfp.o)
 .ARM.attributes
                0x000000000000060d       0x2e /opt/homebrew/Cellar/arm-none-eabi-gcc/9-2019-q4-major/gcc/bin/../lib/gcc/arm-none-eabi/9.2.1/../../../../arm-none-eabi/lib/thumb/v7e-m/nofp/libg.a(lib_a-fini.o)
 .ARM.attributes
                0x000000000000063b       0x2e /opt/homebrew/Cellar/arm-none-eabi-gcc/9-2019-q4-major/gcc/bin/../lib/gcc/arm-none-eabi/9.2.1/../../../../arm-none-eabi/lib/thumb/v7e-m/nofp/libg.a(lib_a-freer.o)
 .ARM.attributes
                0x0000000000000669       0x2e /opt/homebrew/Cellar/arm-none-eabi-gcc/9-2019-q4-major/gcc/bin/../lib/gcc/arm-none-eabi/9.2.1/../../../../arm-none-eabi/lib/thumb/v7e-m/nofp/libg.a(lib_a-fwalk.o)
 .ARM.attributes
                0x0000000000000697       0x2e /opt/homebrew/Cellar/arm-none-eabi-gcc/9-2019-q4-major/gcc/bin/../lib/gcc/arm-none-eabi/9.2.1/../../../../arm-none-eabi/lib/thumb/v7e-m/nofp/libg.a(lib_a-localeconv.o)
 .ARM.attributes
                0x00000000000006c5       0x2e /opt/homebrew/Cellar/arm-none-eabi-gcc/9-2019-q4-major/gcc/bin/../lib/gcc/arm-none-eabi/9.2.1/../../../../arm-none-eabi/lib/thumb/v7e-m/nofp/libg.a(lib_a-lock.o)
 .ARM.attributes
                0x00000000000006f3       0x2e /opt/homebrew/Cellar/arm-none-eabi-gcc/9-2019-q4-major/gcc/bin/../lib/gcc/arm-none-eabi/9.2.1/../../../../arm-none-eabi/lib/thumb/v7e-m/nofp/libg.a(lib_a-makebuf.o)
 .ARM.attributes
                0x0000000000000721       0x2e /opt/homebrew/Cellar/arm-none-eabi-gcc/9-2019-q4-major/gcc/bin/../lib/gcc/arm-none-eabi/9.2.1/../../../../arm-none-eabi/lib/thumb/v7e-m/nofp/libg.a(lib_a-mallocr.o)
 .ARM.attributes
                0x000000000000074f       0x1c /opt/homebrew/Cellar/arm-none-eabi-gcc/9-2019-q4-major/gcc/bin/../lib/gcc/arm-none-eabi/9.2.1/../../../../arm-none-eabi/lib/thumb/v7e-m/nofp/libg.a(lib_a-memchr.o)
 .ARM.attributes
                0x000000000000076b       0x1c /opt/homebrew/Cellar/arm-none-eabi-gcc/9-2019-q4-major/gcc/bin/../lib/gcc/arm-none-eabi/9.2.1/../../../../arm-none-eabi/lib/thumb/v7e-m/nofp/libg.a(lib_a-memcpy.o)
 .ARM.attributes
                0x0000000000000787       0x2e /opt/homebrew/Cellar/arm-none-eabi-gcc/9-2019-q4-major/gcc/bin/../lib/gcc/arm-none-eabi/9.2.1/../../../../arm-none-eabi/lib/thumb/v7e-m/nofp/libg.a(lib_a-mlock.o)
 .ARM.attributes
                0x00000000000007b5       0x2e /opt/homebrew/Cellar/arm-none-eabi-gcc/9-2019-q4-major/gcc/bin/../lib/gcc/arm-none-eabi/9.2.1/../../../../arm-none-eabi/lib/thumb/v7e-m/nofp/libg.a(lib_a-mprec.o)
 .ARM.attributes
                0x00000000000007e3       0x2e /opt/homebrew/Cellar/arm-none-eabi-gcc/9-2019-q4-major/gcc/bin/../lib/gcc/arm-none-eabi/9.2.1/../../../../arm-none-eabi/lib/thumb/v7e-m/nofp/libg.a(lib_a-s_frexp.o)
 .ARM.attributes
                0x0000000000000811       0x2e /opt/homebrew/Cellar/arm-none-eabi-gcc/9-2019-q4-major/gcc/bin/../lib/gcc/arm-none-eabi/9.2.1/../../../../arm-none-eabi/lib/thumb/v7e-m/nofp/libg.a(lib_a-sbrkr.o)
 .ARM.attributes
                0x000000000000083f       0x2e /opt/homebrew/Cellar/arm-none-eabi-gcc/9-2019-q4-major/gcc/bin/../lib/gcc/arm-none-eabi/9.2.1/../../../../arm-none-eabi/lib/thumb/v7e-m/nofp/libg.a(lib_a-stdio.o)
 .ARM.attributes
                0x000000000000086d       0x1c /opt/homebrew/Cellar/arm-none-eabi-gcc/9-2019-q4-major/gcc/bin/../lib/gcc/arm-none-eabi/9.2.1/../../../../arm-none-eabi/lib/thumb/v7e-m/nofp/libg.a(lib_a-strlen.o)
 .ARM.attributes
                0x0000000000000889       0x2e /opt/homebrew/Cellar/arm-none-eabi-gcc/9-2019-q4-major/gcc/bin/../lib/gcc/arm-none-eabi/9.2.1/../../../../arm-none-eabi/lib/thumb/v7e-m/nofp/libg.a(lib_a-strncpy.o)
 .ARM.attributes
                0x00000000000008b7       0x2e /opt/homebrew/Cellar/arm-none-eabi-gcc/9-2019-q4-major/gcc/bin/../lib/gcc/arm-none-eabi/9.2.1/../../../../arm-none-eabi/lib/thumb/v7e-m/nofp/libg.a(lib_a-vfiprintf.o)
 .ARM.attributes
                0x00000000000008e5       0x2e /opt/homebrew/Cellar/arm-none-eabi-gcc/9-2019-q4-major/gcc/bin/../lib/gcc/arm-none-eabi/9.2.1/../../../../arm-none-eabi/lib/thumb/v7e-m/nofp/libg.a(lib_a-writer.o)
 .ARM.attributes
                0x0000000000000913       0x2e /opt/homebrew/Cellar/arm-none-eabi-gcc/9-2019-q4-major/gcc/bin/../lib/gcc/arm-none-eabi/9.2.1/../../../../arm-none-eabi/lib/thumb/v7e-m/nofp/libg.a(lib_a-__atexit.o)
 .ARM.attributes
                0x0000000000000941       0x2e /opt/homebrew/Cellar/arm-none-eabi-gcc/9-2019-q4-major/gcc/bin/../lib/gcc/arm-none-eabi/9.2.1/../../../../arm-none-eabi/lib/thumb/v7e-m/nofp/libg.a(lib_a-callocr.o)
 .ARM.attributes
                0x000000000000096f       0x2e /opt/homebrew/Cellar/arm-none-eabi-gcc/9-2019-q4-major/gcc/bin/../lib/gcc/arm-none-eabi/9.2.1/../../../../arm-none-eabi/lib/thumb/v7e-m/nofp/libg.a(lib_a-closer.o)
 .ARM.attributes
                0x000000000000099d       0x2e /opt/homebrew/Cellar/arm-none-eabi-gcc/9-2019-q4-major/gcc/bin/../lib/gcc/arm-none-eabi/9.2.1/../../../../arm-none-eabi/lib/thumb/v7e-m/nofp/libg.a(lib_a-fclose.o)
 .ARM.attributes
                0x00000000000009cb       0x2e /opt/homebrew/Cellar/arm-none-eabi-gcc/9-2019-q4-major/gcc/bin/../lib/gcc/arm-none-eabi/9.2.1/../../../../arm-none-eabi/lib/thumb/v7e-m/nofp/libg.a(lib_a-fputwc.o)
 .ARM.attributes
                0x00000000000009f9       0x2e /opt/homebrew/Cellar/arm-none-eabi-gcc/9-2019-q4-major/gcc/bin/../lib/gcc/arm-none-eabi/9.2.1/../../../../arm-none-eabi/lib/thumb/v7e-m/nofp/libg.a(lib_a-fstatr.o)
 .ARM.attributes
                0x0000000000000a27       0x2e /opt/homebrew/Cellar/arm-none-eabi-gcc/9-2019-q4-major/gcc/bin/../lib/gcc/arm-none-eabi/9.2.1/../../../../arm-none-eabi/lib/thumb/v7e-m/nofp/libg.a(lib_a-fvwrite.o)
 .ARM.attributes
                0x0000000000000a55       0x2e /opt/homebrew/Cellar/arm-none-eabi-gcc/9-2019-q4-major/gcc/bin/../lib/gcc/arm-none-eabi/9.2.1/../../../../arm-none-eabi/lib/thumb/v7e-m/nofp/libg.a(lib_a-isattyr.o)
 .ARM.attributes
                0x0000000000000a83       0x2e /opt/homebrew/Cellar/arm-none-eabi-gcc/9-2019-q4-major/gcc/bin/../lib/gcc/arm-none-eabi/9.2.1/../../../../arm-none-eabi/lib/thumb/v7e-m/nofp/libg.a(lib_a-locale.o)
 .ARM.attributes
                0x0000000000000ab1       0x2e /opt/homebrew/Cellar/arm-none-eabi-gcc/9-2019-q4-major/gcc/bin/../lib/gcc/arm-none-eabi/9.2.1/../../../../arm-none-eabi/lib/thumb/v7e-m/nofp/libg.a(lib_a-lseekr.o)
 .ARM.attributes
                0x0000000000000adf       0x2e /opt/homebrew/Cellar/arm-none-eabi-gcc/9-2019-q4-major/gcc/bin/../lib/gcc/arm-none-eabi/9.2.1/../../../../arm-none-eabi/lib/thumb/v7e-m/nofp/libg.a(lib_a-mbtowc_r.o)
 .ARM.attributes
                0x0000000000000b0d       0x2e /opt/homebrew/Cellar/arm-none-eabi-gcc/9-2019-q4-major/gcc/bin/../lib/gcc/arm-none-eabi/9.2.1/../../../../arm-none-eabi/lib/thumb/v7e-m/nofp/libg.a(lib_a-memmove.o)
 .ARM.attributes
                0x0000000000000b3b       0x2e /opt/homebrew/Cellar/arm-none-eabi-gcc/9-2019-q4-major/gcc/bin/../lib/gcc/arm-none-eabi/9.2.1/../../../../arm-none-eabi/lib/thumb/v7e-m/nofp/libg.a(lib_a-readr.o)
 .ARM.attributes
                0x0000000000000b69       0x2e /opt/homebrew/Cellar/arm-none-eabi-gcc/9-2019-q4-major/gcc/bin/../lib/gcc/arm-none-eabi/9.2.1/../../../../arm-none-eabi/lib/thumb/v7e-m/nofp/libg.a(lib_a-reallocr.o)
 .ARM.attributes
                0x0000000000000b97       0x2e /opt/homebrew/Cellar/arm-none-eabi-gcc/9-2019-q4-major/gcc/bin/../lib/gcc/arm-none-eabi/9.2.1/../../../../arm-none-eabi/lib/thumb/v7e-m/nofp/libg.a(lib_a-reent.o)
 .ARM.attributes
                0x0000000000000bc5       0x2e /opt/homebrew/Cellar/arm-none-eabi-gcc/9-2019-q4-major/gcc/bin/../lib/gcc/arm-none-eabi/9.2.1/../../../../arm-none-eabi/lib/thumb/v7e-m/nofp/libg.a(lib_a-wbuf.o)
 .ARM.attributes
                0x0000000000000bf3       0x2e /opt/homebrew/Cellar/arm-none-eabi-gcc/9-2019-q4-major/gcc/bin/../lib/gcc/arm-none-eabi/9.2.1/../../../../arm-none-eabi/lib/thumb/v7e-m/nofp/libg.a(lib_a-wcrtomb.o)
 .ARM.attributes
                0x0000000000000c21       0x2e /opt/homebrew/Cellar/arm-none-eabi-gcc/9-2019-q4-major/gcc/bin/../lib/gcc/arm-none-eabi/9.2.1/../../../../arm-none-eabi/lib/thumb/v7e-m/nofp/libg.a(lib_a-wctomb_r.o)
 .ARM.attributes
                0x0000000000000c4f       0x2e /opt/homebrew/Cellar/arm-none-eabi-gcc/9-2019-q4-major/gcc/bin/../lib/gcc/arm-none-eabi/9.2.1/../../../../arm-none-eabi/lib/thumb/v7e-m/nofp/libg.a(lib_a-ctype_.o)
 .ARM.attributes
                0x0000000000000c7d       0x1e /opt/homebrew/Cellar/arm-none-eabi-gcc/9-2019-q4-major/gcc/bin/../lib/gcc/arm-none-eabi/9.2.1/thumb/v7e-m/nofp/libgcc.a(_arm_addsubdf3.o)
 .ARM.attributes
                0x0000000000000c9b       0x1e /opt/homebrew/Cellar/arm-none-eabi-gcc/9-2019-q4-major/gcc/bin/../lib/gcc/arm-none-eabi/9.2.1/thumb/v7e-m/nofp/libgcc.a(_arm_muldivdf3.o)
 .ARM.attributes
                0x0000000000000cb9       0x1e /opt/homebrew/Cellar/arm-none-eabi-gcc/9-2019-q4-major/gcc/bin/../lib/gcc/arm-none-eabi/9.2.1/thumb/v7e-m/nofp/libgcc.a(_arm_cmpdf2.o)
 .ARM.attributes
                0x0000000000000cd7       0x1e /opt/homebrew/Cellar/arm-none-eabi-gcc/9-2019-q4-major/gcc/bin/../lib/gcc/arm-none-eabi/9.2.1/thumb/v7e-m/nofp/libgcc.a(_arm_unorddf2.o)
 .ARM.attributes
                0x0000000000000cf5       0x1e /opt/homebrew/Cellar/arm-none-eabi-gcc/9-2019-q4-major/gcc/bin/../lib/gcc/arm-none-eabi/9.2.1/thumb/v7e-m/nofp/libgcc.a(_arm_fixdfsi.o)
 .ARM.attributes
                0x0000000000000d13       0x1e /opt/homebrew/Cellar/arm-none-eabi-gcc/9-2019-q4-major/gcc/bin/../lib/gcc/arm-none-eabi/9.2.1/thumb/v7e-m/nofp/crtn.o

MAPPING_TABLE
 *(MAPPING_TABLE)

MB_MEM1
 *(MB_MEM1)

MB_MEM2         0x0000000020030000        0x0
                0x0000000020030000                _sMB_MEM2 = .
 *(MB_MEM2)
                0x0000000020030000                _eMB_MEM2 = .
OUTPUT(wbble.elf elf32-littlearm)

.debug_info     0x0000000000000000    0x19aac
 .debug_info    0x0000000000000000      0x51f CMakeFiles/wbble.elf.dir/Core/Src/led.c.obj
 .debug_info    0x000000000000051f     0x22f5 CMakeFiles/wbble.elf.dir/Core/Src/main.c.obj
 .debug_info    0x0000000000002814     0x122a CMakeFiles/wbble.elf.dir/Core/Src/stm32wbxx_hal_msp.c.obj
 .debug_info    0x0000000000003a3e      0xa63 CMakeFiles/wbble.elf.dir/Core/Src/stm32wbxx_it.c.obj
 .debug_info    0x00000000000044a1     0x10a4 CMakeFiles/wbble.elf.dir/Core/Src/syscalls.c.obj
 .debug_info    0x0000000000005545      0xa3a CMakeFiles/wbble.elf.dir/Core/Src/sysmem.c.obj
 .debug_info    0x0000000000005f7f      0x6e3 CMakeFiles/wbble.elf.dir/Core/Src/system_stm32wbxx.c.obj
 .debug_info    0x0000000000006662       0x22 CMakeFiles/wbble.elf.dir/Core/Startup/startup_stm32wb55rgvx.s.obj
 .debug_info    0x0000000000006684     0x18e3 CMakeFiles/wbble.elf.dir/Drivers/STM32WBxx_HAL_Driver/Src/stm32wbxx_hal.c.obj
 .debug_info    0x0000000000007f67     0x1169 CMakeFiles/wbble.elf.dir/Drivers/STM32WBxx_HAL_Driver/Src/stm32wbxx_hal_cortex.c.obj
 .debug_info    0x00000000000090d0      0xbdf CMakeFiles/wbble.elf.dir/Drivers/STM32WBxx_HAL_Driver/Src/stm32wbxx_hal_dma.c.obj
 .debug_info    0x0000000000009caf      0x8ee CMakeFiles/wbble.elf.dir/Drivers/STM32WBxx_HAL_Driver/Src/stm32wbxx_hal_gpio.c.obj
 .debug_info    0x000000000000a59d      0xc19 CMakeFiles/wbble.elf.dir/Drivers/STM32WBxx_HAL_Driver/Src/stm32wbxx_hal_pwr.c.obj
 .debug_info    0x000000000000b1b6     0x1620 CMakeFiles/wbble.elf.dir/Drivers/STM32WBxx_HAL_Driver/Src/stm32wbxx_hal_pwr_ex.c.obj
 .debug_info    0x000000000000c7d6     0x2612 CMakeFiles/wbble.elf.dir/Drivers/STM32WBxx_HAL_Driver/Src/stm32wbxx_hal_rcc.c.obj
 .debug_info    0x000000000000ede8     0x347d CMakeFiles/wbble.elf.dir/Drivers/STM32WBxx_HAL_Driver/Src/stm32wbxx_hal_rcc_ex.c.obj
 .debug_info    0x0000000000012265     0x6468 CMakeFiles/wbble.elf.dir/Drivers/STM32WBxx_HAL_Driver/Src/stm32wbxx_hal_uart.c.obj
 .debug_info    0x00000000000186cd     0x13df CMakeFiles/wbble.elf.dir/Drivers/STM32WBxx_HAL_Driver/Src/stm32wbxx_hal_uart_ex.c.obj

.debug_abbrev   0x0000000000000000     0x2e29
 .debug_abbrev  0x0000000000000000      0x1a5 CMakeFiles/wbble.elf.dir/Core/Src/led.c.obj
 .debug_abbrev  0x00000000000001a5      0x3a9 CMakeFiles/wbble.elf.dir/Core/Src/main.c.obj
 .debug_abbrev  0x000000000000054e      0x274 CMakeFiles/wbble.elf.dir/Core/Src/stm32wbxx_hal_msp.c.obj
 .debug_abbrev  0x00000000000007c2      0x180 CMakeFiles/wbble.elf.dir/Core/Src/stm32wbxx_it.c.obj
 .debug_abbrev  0x0000000000000942      0x2e7 CMakeFiles/wbble.elf.dir/Core/Src/syscalls.c.obj
 .debug_abbrev  0x0000000000000c29      0x23e CMakeFiles/wbble.elf.dir/Core/Src/sysmem.c.obj
 .debug_abbrev  0x0000000000000e67      0x179 CMakeFiles/wbble.elf.dir/Core/Src/system_stm32wbxx.c.obj
 .debug_abbrev  0x0000000000000fe0       0x12 CMakeFiles/wbble.elf.dir/Core/Startup/startup_stm32wb55rgvx.s.obj
 .debug_abbrev  0x0000000000000ff2      0x366 CMakeFiles/wbble.elf.dir/Drivers/STM32WBxx_HAL_Driver/Src/stm32wbxx_hal.c.obj
 .debug_abbrev  0x0000000000001358      0x387 CMakeFiles/wbble.elf.dir/Drivers/STM32WBxx_HAL_Driver/Src/stm32wbxx_hal_cortex.c.obj
 .debug_abbrev  0x00000000000016df      0x255 CMakeFiles/wbble.elf.dir/Drivers/STM32WBxx_HAL_Driver/Src/stm32wbxx_hal_dma.c.obj
 .debug_abbrev  0x0000000000001934      0x219 CMakeFiles/wbble.elf.dir/Drivers/STM32WBxx_HAL_Driver/Src/stm32wbxx_hal_gpio.c.obj
 .debug_abbrev  0x0000000000001b4d      0x209 CMakeFiles/wbble.elf.dir/Drivers/STM32WBxx_HAL_Driver/Src/stm32wbxx_hal_pwr.c.obj
 .debug_abbrev  0x0000000000001d56      0x36b CMakeFiles/wbble.elf.dir/Drivers/STM32WBxx_HAL_Driver/Src/stm32wbxx_hal_pwr_ex.c.obj
 .debug_abbrev  0x00000000000020c1      0x31b CMakeFiles/wbble.elf.dir/Drivers/STM32WBxx_HAL_Driver/Src/stm32wbxx_hal_rcc.c.obj
 .debug_abbrev  0x00000000000023dc      0x414 CMakeFiles/wbble.elf.dir/Drivers/STM32WBxx_HAL_Driver/Src/stm32wbxx_hal_rcc_ex.c.obj
 .debug_abbrev  0x00000000000027f0      0x32c CMakeFiles/wbble.elf.dir/Drivers/STM32WBxx_HAL_Driver/Src/stm32wbxx_hal_uart.c.obj
 .debug_abbrev  0x0000000000002b1c      0x30d CMakeFiles/wbble.elf.dir/Drivers/STM32WBxx_HAL_Driver/Src/stm32wbxx_hal_uart_ex.c.obj

.debug_loc      0x0000000000000000     0xc092
 .debug_loc     0x0000000000000000       0x7c CMakeFiles/wbble.elf.dir/Core/Src/led.c.obj
 .debug_loc     0x000000000000007c       0x84 CMakeFiles/wbble.elf.dir/Core/Src/main.c.obj
 .debug_loc     0x0000000000000100       0xb7 CMakeFiles/wbble.elf.dir/Core/Src/stm32wbxx_hal_msp.c.obj
 .debug_loc     0x00000000000001b7      0x3c5 CMakeFiles/wbble.elf.dir/Core/Src/syscalls.c.obj
 .debug_loc     0x000000000000057c       0x64 CMakeFiles/wbble.elf.dir/Core/Src/sysmem.c.obj
 .debug_loc     0x00000000000005e0       0xe6 CMakeFiles/wbble.elf.dir/Core/Src/system_stm32wbxx.c.obj
 .debug_loc     0x00000000000006c6      0x492 CMakeFiles/wbble.elf.dir/Drivers/STM32WBxx_HAL_Driver/Src/stm32wbxx_hal.c.obj
 .debug_loc     0x0000000000000b58      0x6ec CMakeFiles/wbble.elf.dir/Drivers/STM32WBxx_HAL_Driver/Src/stm32wbxx_hal_cortex.c.obj
 .debug_loc     0x0000000000001244      0x850 CMakeFiles/wbble.elf.dir/Drivers/STM32WBxx_HAL_Driver/Src/stm32wbxx_hal_dma.c.obj
 .debug_loc     0x0000000000001a94      0x32c CMakeFiles/wbble.elf.dir/Drivers/STM32WBxx_HAL_Driver/Src/stm32wbxx_hal_gpio.c.obj
 .debug_loc     0x0000000000001dc0      0x259 CMakeFiles/wbble.elf.dir/Drivers/STM32WBxx_HAL_Driver/Src/stm32wbxx_hal_pwr.c.obj
 .debug_loc     0x0000000000002019      0xd26 CMakeFiles/wbble.elf.dir/Drivers/STM32WBxx_HAL_Driver/Src/stm32wbxx_hal_pwr_ex.c.obj
 .debug_loc     0x0000000000002d3f      0xe6b CMakeFiles/wbble.elf.dir/Drivers/STM32WBxx_HAL_Driver/Src/stm32wbxx_hal_rcc.c.obj
 .debug_loc     0x0000000000003baa     0x1dbe CMakeFiles/wbble.elf.dir/Drivers/STM32WBxx_HAL_Driver/Src/stm32wbxx_hal_rcc_ex.c.obj
 .debug_loc     0x0000000000005968     0x5aee CMakeFiles/wbble.elf.dir/Drivers/STM32WBxx_HAL_Driver/Src/stm32wbxx_hal_uart.c.obj
 .debug_loc     0x000000000000b456      0xc3c CMakeFiles/wbble.elf.dir/Drivers/STM32WBxx_HAL_Driver/Src/stm32wbxx_hal_uart_ex.c.obj

.debug_aranges  0x0000000000000000      0xc38
 .debug_aranges
                0x0000000000000000       0x40 CMakeFiles/wbble.elf.dir/Core/Src/led.c.obj
 .debug_aranges
                0x0000000000000040       0x48 CMakeFiles/wbble.elf.dir/Core/Src/main.c.obj
 .debug_aranges
                0x0000000000000088       0x30 CMakeFiles/wbble.elf.dir/Core/Src/stm32wbxx_hal_msp.c.obj
 .debug_aranges
                0x00000000000000b8       0x70 CMakeFiles/wbble.elf.dir/Core/Src/stm32wbxx_it.c.obj
 .debug_aranges
                0x0000000000000128       0xa8 CMakeFiles/wbble.elf.dir/Core/Src/syscalls.c.obj
 .debug_aranges
                0x00000000000001d0       0x20 CMakeFiles/wbble.elf.dir/Core/Src/sysmem.c.obj
 .debug_aranges
                0x00000000000001f0       0x28 CMakeFiles/wbble.elf.dir/Core/Src/system_stm32wbxx.c.obj
 .debug_aranges
                0x0000000000000218       0x30 CMakeFiles/wbble.elf.dir/Core/Startup/startup_stm32wb55rgvx.s.obj
 .debug_aranges
                0x0000000000000248      0x158 CMakeFiles/wbble.elf.dir/Drivers/STM32WBxx_HAL_Driver/Src/stm32wbxx_hal.c.obj
 .debug_aranges
                0x00000000000003a0       0xa0 CMakeFiles/wbble.elf.dir/Drivers/STM32WBxx_HAL_Driver/Src/stm32wbxx_hal_cortex.c.obj
 .debug_aranges
                0x0000000000000440       0x90 CMakeFiles/wbble.elf.dir/Drivers/STM32WBxx_HAL_Driver/Src/stm32wbxx_hal_dma.c.obj
 .debug_aranges
                0x00000000000004d0       0x58 CMakeFiles/wbble.elf.dir/Drivers/STM32WBxx_HAL_Driver/Src/stm32wbxx_hal_gpio.c.obj
 .debug_aranges
                0x0000000000000528       0x98 CMakeFiles/wbble.elf.dir/Drivers/STM32WBxx_HAL_Driver/Src/stm32wbxx_hal_pwr.c.obj
 .debug_aranges
                0x00000000000005c0      0x1b8 CMakeFiles/wbble.elf.dir/Drivers/STM32WBxx_HAL_Driver/Src/stm32wbxx_hal_pwr_ex.c.obj
 .debug_aranges
                0x0000000000000778       0xa8 CMakeFiles/wbble.elf.dir/Drivers/STM32WBxx_HAL_Driver/Src/stm32wbxx_hal_rcc.c.obj
 .debug_aranges
                0x0000000000000820      0x130 CMakeFiles/wbble.elf.dir/Drivers/STM32WBxx_HAL_Driver/Src/stm32wbxx_hal_rcc_ex.c.obj
 .debug_aranges
                0x0000000000000950      0x248 CMakeFiles/wbble.elf.dir/Drivers/STM32WBxx_HAL_Driver/Src/stm32wbxx_hal_uart.c.obj
 .debug_aranges
                0x0000000000000b98       0xa0 CMakeFiles/wbble.elf.dir/Drivers/STM32WBxx_HAL_Driver/Src/stm32wbxx_hal_uart_ex.c.obj

.debug_ranges   0x0000000000000000      0xfe0
 .debug_ranges  0x0000000000000000       0x30 CMakeFiles/wbble.elf.dir/Core/Src/led.c.obj
 .debug_ranges  0x0000000000000030       0x38 CMakeFiles/wbble.elf.dir/Core/Src/main.c.obj
 .debug_ranges  0x0000000000000068       0x20 CMakeFiles/wbble.elf.dir/Core/Src/stm32wbxx_hal_msp.c.obj
 .debug_ranges  0x0000000000000088       0x60 CMakeFiles/wbble.elf.dir/Core/Src/stm32wbxx_it.c.obj
 .debug_ranges  0x00000000000000e8       0x98 CMakeFiles/wbble.elf.dir/Core/Src/syscalls.c.obj
 .debug_ranges  0x0000000000000180       0x10 CMakeFiles/wbble.elf.dir/Core/Src/sysmem.c.obj
 .debug_ranges  0x0000000000000190       0x18 CMakeFiles/wbble.elf.dir/Core/Src/system_stm32wbxx.c.obj
 .debug_ranges  0x00000000000001a8       0x28 CMakeFiles/wbble.elf.dir/Core/Startup/startup_stm32wb55rgvx.s.obj
 .debug_ranges  0x00000000000001d0      0x160 CMakeFiles/wbble.elf.dir/Drivers/STM32WBxx_HAL_Driver/Src/stm32wbxx_hal.c.obj
 .debug_ranges  0x0000000000000330       0xf0 CMakeFiles/wbble.elf.dir/Drivers/STM32WBxx_HAL_Driver/Src/stm32wbxx_hal_cortex.c.obj
 .debug_ranges  0x0000000000000420       0x80 CMakeFiles/wbble.elf.dir/Drivers/STM32WBxx_HAL_Driver/Src/stm32wbxx_hal_dma.c.obj
 .debug_ranges  0x00000000000004a0       0x48 CMakeFiles/wbble.elf.dir/Drivers/STM32WBxx_HAL_Driver/Src/stm32wbxx_hal_gpio.c.obj
 .debug_ranges  0x00000000000004e8       0x88 CMakeFiles/wbble.elf.dir/Drivers/STM32WBxx_HAL_Driver/Src/stm32wbxx_hal_pwr.c.obj
 .debug_ranges  0x0000000000000570      0x1d8 CMakeFiles/wbble.elf.dir/Drivers/STM32WBxx_HAL_Driver/Src/stm32wbxx_hal_pwr_ex.c.obj
 .debug_ranges  0x0000000000000748      0x1b0 CMakeFiles/wbble.elf.dir/Drivers/STM32WBxx_HAL_Driver/Src/stm32wbxx_hal_rcc.c.obj
 .debug_ranges  0x00000000000008f8      0x420 CMakeFiles/wbble.elf.dir/Drivers/STM32WBxx_HAL_Driver/Src/stm32wbxx_hal_rcc_ex.c.obj
 .debug_ranges  0x0000000000000d18      0x238 CMakeFiles/wbble.elf.dir/Drivers/STM32WBxx_HAL_Driver/Src/stm32wbxx_hal_uart.c.obj
 .debug_ranges  0x0000000000000f50       0x90 CMakeFiles/wbble.elf.dir/Drivers/STM32WBxx_HAL_Driver/Src/stm32wbxx_hal_uart_ex.c.obj

.debug_line     0x0000000000000000    0x10d41
 .debug_line    0x0000000000000000      0x345 CMakeFiles/wbble.elf.dir/Core/Src/led.c.obj
 .debug_line    0x0000000000000345      0x7c3 CMakeFiles/wbble.elf.dir/Core/Src/main.c.obj
 .debug_line    0x0000000000000b08      0x45f CMakeFiles/wbble.elf.dir/Core/Src/stm32wbxx_hal_msp.c.obj
 .debug_line    0x0000000000000f67      0x3c0 CMakeFiles/wbble.elf.dir/Core/Src/stm32wbxx_it.c.obj
 .debug_line    0x0000000000001327      0x4f3 CMakeFiles/wbble.elf.dir/Core/Src/syscalls.c.obj
 .debug_line    0x000000000000181a      0x217 CMakeFiles/wbble.elf.dir/Core/Src/sysmem.c.obj
 .debug_line    0x0000000000001a31      0x3b7 CMakeFiles/wbble.elf.dir/Core/Src/system_stm32wbxx.c.obj